Archive member included to satisfy reference by file (symbol)

d:/st/stm32cubeide_1.8.0/stm32cubeide/plugins/com.st.stm32cube.ide.mcu.externaltools.gnu-tools-for-stm32.10.3-2021.10.win32_1.0.200.202301161003/tools/bin/../lib/gcc/arm-none-eabi/10.3.1/../../../../arm-none-eabi/lib/thumb/v7-m/nofp\libc_nano.a(lib_a-errno.o)
                              ./Src/syscalls.o (__errno)
d:/st/stm32cubeide_1.8.0/stm32cubeide/plugins/com.st.stm32cube.ide.mcu.externaltools.gnu-tools-for-stm32.10.3-2021.10.win32_1.0.200.202301161003/tools/bin/../lib/gcc/arm-none-eabi/10.3.1/../../../../arm-none-eabi/lib/thumb/v7-m/nofp\libc_nano.a(lib_a-exit.o)
                              d:/st/stm32cubeide_1.8.0/stm32cubeide/plugins/com.st.stm32cube.ide.mcu.externaltools.gnu-tools-for-stm32.10.3-2021.10.win32_1.0.200.202301161003/tools/bin/../lib/gcc/arm-none-eabi/10.3.1/../../../../arm-none-eabi/lib/thumb/v7-m/nofp/crt0.o (exit)
d:/st/stm32cubeide_1.8.0/stm32cubeide/plugins/com.st.stm32cube.ide.mcu.externaltools.gnu-tools-for-stm32.10.3-2021.10.win32_1.0.200.202301161003/tools/bin/../lib/gcc/arm-none-eabi/10.3.1/../../../../arm-none-eabi/lib/thumb/v7-m/nofp\libc_nano.a(lib_a-impure.o)
                              d:/st/stm32cubeide_1.8.0/stm32cubeide/plugins/com.st.stm32cube.ide.mcu.externaltools.gnu-tools-for-stm32.10.3-2021.10.win32_1.0.200.202301161003/tools/bin/../lib/gcc/arm-none-eabi/10.3.1/../../../../arm-none-eabi/lib/thumb/v7-m/nofp\libc_nano.a(lib_a-exit.o) (_global_impure_ptr)
d:/st/stm32cubeide_1.8.0/stm32cubeide/plugins/com.st.stm32cube.ide.mcu.externaltools.gnu-tools-for-stm32.10.3-2021.10.win32_1.0.200.202301161003/tools/bin/../lib/gcc/arm-none-eabi/10.3.1/../../../../arm-none-eabi/lib/thumb/v7-m/nofp\libc_nano.a(lib_a-init.o)
                              d:/st/stm32cubeide_1.8.0/stm32cubeide/plugins/com.st.stm32cube.ide.mcu.externaltools.gnu-tools-for-stm32.10.3-2021.10.win32_1.0.200.202301161003/tools/bin/../lib/gcc/arm-none-eabi/10.3.1/../../../../arm-none-eabi/lib/thumb/v7-m/nofp/crt0.o (__libc_init_array)
d:/st/stm32cubeide_1.8.0/stm32cubeide/plugins/com.st.stm32cube.ide.mcu.externaltools.gnu-tools-for-stm32.10.3-2021.10.win32_1.0.200.202301161003/tools/bin/../lib/gcc/arm-none-eabi/10.3.1/../../../../arm-none-eabi/lib/thumb/v7-m/nofp\libc_nano.a(lib_a-memset.o)
                              d:/st/stm32cubeide_1.8.0/stm32cubeide/plugins/com.st.stm32cube.ide.mcu.externaltools.gnu-tools-for-stm32.10.3-2021.10.win32_1.0.200.202301161003/tools/bin/../lib/gcc/arm-none-eabi/10.3.1/../../../../arm-none-eabi/lib/thumb/v7-m/nofp/crt0.o (memset)

Discarded input sections

 .text          0x0000000000000000        0x0 d:/st/stm32cubeide_1.8.0/stm32cubeide/plugins/com.st.stm32cube.ide.mcu.externaltools.gnu-tools-for-stm32.10.3-2021.10.win32_1.0.200.202301161003/tools/bin/../lib/gcc/arm-none-eabi/10.3.1/thumb/v7-m/nofp/crti.o
 .data          0x0000000000000000        0x0 d:/st/stm32cubeide_1.8.0/stm32cubeide/plugins/com.st.stm32cube.ide.mcu.externaltools.gnu-tools-for-stm32.10.3-2021.10.win32_1.0.200.202301161003/tools/bin/../lib/gcc/arm-none-eabi/10.3.1/thumb/v7-m/nofp/crti.o
 .bss           0x0000000000000000        0x0 d:/st/stm32cubeide_1.8.0/stm32cubeide/plugins/com.st.stm32cube.ide.mcu.externaltools.gnu-tools-for-stm32.10.3-2021.10.win32_1.0.200.202301161003/tools/bin/../lib/gcc/arm-none-eabi/10.3.1/thumb/v7-m/nofp/crti.o
 .data          0x0000000000000000        0x4 d:/st/stm32cubeide_1.8.0/stm32cubeide/plugins/com.st.stm32cube.ide.mcu.externaltools.gnu-tools-for-stm32.10.3-2021.10.win32_1.0.200.202301161003/tools/bin/../lib/gcc/arm-none-eabi/10.3.1/thumb/v7-m/nofp/crtbegin.o
 .rodata        0x0000000000000000       0x24 d:/st/stm32cubeide_1.8.0/stm32cubeide/plugins/com.st.stm32cube.ide.mcu.externaltools.gnu-tools-for-stm32.10.3-2021.10.win32_1.0.200.202301161003/tools/bin/../lib/gcc/arm-none-eabi/10.3.1/thumb/v7-m/nofp/crtbegin.o
 .text          0x0000000000000000       0x7c d:/st/stm32cubeide_1.8.0/stm32cubeide/plugins/com.st.stm32cube.ide.mcu.externaltools.gnu-tools-for-stm32.10.3-2021.10.win32_1.0.200.202301161003/tools/bin/../lib/gcc/arm-none-eabi/10.3.1/../../../../arm-none-eabi/lib/thumb/v7-m/nofp/crt0.o
 .data          0x0000000000000000        0x0 d:/st/stm32cubeide_1.8.0/stm32cubeide/plugins/com.st.stm32cube.ide.mcu.externaltools.gnu-tools-for-stm32.10.3-2021.10.win32_1.0.200.202301161003/tools/bin/../lib/gcc/arm-none-eabi/10.3.1/../../../../arm-none-eabi/lib/thumb/v7-m/nofp/crt0.o
 .bss           0x0000000000000000        0x0 d:/st/stm32cubeide_1.8.0/stm32cubeide/plugins/com.st.stm32cube.ide.mcu.externaltools.gnu-tools-for-stm32.10.3-2021.10.win32_1.0.200.202301161003/tools/bin/../lib/gcc/arm-none-eabi/10.3.1/../../../../arm-none-eabi/lib/thumb/v7-m/nofp/crt0.o
[...]
Memory Configuration

Name             Origin             Length             Attributes
RAM              0x0000000020000000 0x0000000000010000 xrw
FLASH            0x0000000008000000 0x0000000000080000 xr
*default*        0x0000000000000000 0xffffffffffffffff

Linker script and memory map

LOAD d:/st/stm32cubeide_1.8.0/stm32cubeide/plugins/com.st.stm32cube.ide.mcu.externaltools.gnu-tools-for-stm32.10.3-2021.10.win32_1.0.200.202301161003/tools/bin/../lib/gcc/arm-none-eabi/10.3.1/thumb/v7-m/nofp/crti.o
LOAD d:/st/stm32cubeide_1.8.0/stm32cubeide/plugins/com.st.stm32cube.ide.mcu.externaltools.gnu-tools-for-stm32.10.3-2021.10.win32_1.0.200.202301161003/tools/bin/../lib/gcc/arm-none-eabi/10.3.1/thumb/v7-m/nofp/crtbegin.o
LOAD d:/st/stm32cubeide_1.8.0/stm32cubeide/plugins/com.st.stm32cube.ide.mcu.externaltools.gnu-tools-for-stm32.10.3-2021.10.win32_1.0.200.202301161003/tools/bin/../lib/gcc/arm-none-eabi/10.3.1/../../../../arm-none-eabi/lib/thumb/v7-m/nofp/crt0.o
LOAD ./BSP/bsp_adc.o
LOAD ./BSP/bsp_board.o
LOAD ./BSP/bsp_can.o
LOAD ./BSP/bsp_dac.o
LOAD ./BSP/bsp_gpio.o
LOAD ./BSP/bsp_i2c.o
LOAD ./BSP/bsp_nvic.o
LOAD ./BSP/bsp_rcc.o
LOAD ./BSP/bsp_spi.o
LOAD ./BSP/bsp_tim.o
LOAD ./BSP/bsp_usart.o
LOAD ./BSP/delay.o
LOAD ./BSP/sys.o
LOAD ./Libraries/CMSIS/CM3/CoreSupport/core_cm3.o
LOAD ./Libraries/CMSIS/CM3/DeviceSupport/ST/STM32F10x/system_stm32f10x.o
LOAD ./Libraries/STM32F10x_StdPeriph_Driver/src/misc.o
LOAD ./Libraries/STM32F10x_StdPeriph_Driver/src/stm32f10x_adc.o
LOAD ./Libraries/STM32F10x_StdPeriph_Driver/src/stm32f10x_bkp.o
LOAD ./Libraries/STM32F10x_StdPeriph_Driver/src/stm32f10x_can.o
LOAD ./Libraries/STM32F10x_StdPeriph_Driver/src/stm32f10x_cec.o
LOAD ./Libraries/STM32F10x_StdPeriph_Driver/src/stm32f10x_crc.o
LOAD ./Libraries/STM32F10x_StdPeriph_Driver/src/stm32f10x_dac.o
LOAD ./Libraries/STM32F10x_StdPeriph_Driver/src/stm32f10x_dbgmcu.o
LOAD ./Libraries/STM32F10x_StdPeriph_Driver/src/stm32f10x_dma.o
LOAD ./Libraries/STM32F10x_StdPeriph_Driver/src/stm32f10x_exti.o
LOAD ./Libraries/STM32F10x_StdPeriph_Driver/src/stm32f10x_flash.o
LOAD ./Libraries/STM32F10x_StdPeriph_Driver/src/stm32f10x_fsmc.o
LOAD ./Libraries/STM32F10x_StdPeriph_Driver/src/stm32f10x_gpio.o
LOAD ./Libraries/STM32F10x_StdPeriph_Driver/src/stm32f10x_i2c.o
LOAD ./Libraries/STM32F10x_StdPeriph_Driver/src/stm32f10x_iwdg.o
LOAD ./Libraries/STM32F10x_StdPeriph_Driver/src/stm32f10x_pwr.o
LOAD ./Libraries/STM32F10x_StdPeriph_Driver/src/stm32f10x_rcc.o
LOAD ./Libraries/STM32F10x_StdPeriph_Driver/src/stm32f10x_rtc.o
LOAD ./Libraries/STM32F10x_StdPeriph_Driver/src/stm32f10x_sdio.o
LOAD ./Libraries/STM32F10x_StdPeriph_Driver/src/stm32f10x_spi.o
LOAD ./Libraries/STM32F10x_StdPeriph_Driver/src/stm32f10x_tim.o
LOAD ./Libraries/STM32F10x_StdPeriph_Driver/src/stm32f10x_usart.o
LOAD ./Libraries/STM32F10x_StdPeriph_Driver/src/stm32f10x_wwdg.o
LOAD ./Src/main.o
LOAD ./Src/stm32f10x_it.o
LOAD ./Src/syscalls.o
LOAD ./Src/sysmem.o
LOAD ./Startup/startup_stm32f103zetx.o
START GROUP
LOAD d:/st/stm32cubeide_1.8.0/stm32cubeide/plugins/com.st.stm32cube.ide.mcu.externaltools.gnu-tools-for-stm32.10.3-2021.10.win32_1.0.200.202301161003/tools/bin/../lib/gcc/arm-none-eabi/10.3.1/../../../../arm-none-eabi/lib/thumb/v7-m/nofp\libc_nano.a
LOAD d:/st/stm32cubeide_1.8.0/stm32cubeide/plugins/com.st.stm32cube.ide.mcu.externaltools.gnu-tools-for-stm32.10.3-2021.10.win32_1.0.200.202301161003/tools/bin/../lib/gcc/arm-none-eabi/10.3.1/../../../../arm-none-eabi/lib/thumb/v7-m/nofp\libm.a
END GROUP
START GROUP
LOAD d:/st/stm32cubeide_1.8.0/stm32cubeide/plugins/com.st.stm32cube.ide.mcu.externaltools.gnu-tools-for-stm32.10.3-2021.10.win32_1.0.200.202301161003/tools/bin/../lib/gcc/arm-none-eabi/10.3.1/thumb/v7-m/nofp\libgcc.a
LOAD d:/st/stm32cubeide_1.8.0/stm32cubeide/plugins/com.st.stm32cube.ide.mcu.externaltools.gnu-tools-for-stm32.10.3-2021.10.win32_1.0.200.202301161003/tools/bin/../lib/gcc/arm-none-eabi/10.3.1/../../../../arm-none-eabi/lib/thumb/v7-m/nofp\libc_nano.a
END GROUP
START GROUP
LOAD d:/st/stm32cubeide_1.8.0/stm32cubeide/plugins/com.st.stm32cube.ide.mcu.externaltools.gnu-tools-for-stm32.10.3-2021.10.win32_1.0.200.202301161003/tools/bin/../lib/gcc/arm-none-eabi/10.3.1/thumb/v7-m/nofp\libgcc.a
LOAD d:/st/stm32cubeide_1.8.0/stm32cubeide/plugins/com.st.stm32cube.ide.mcu.externaltools.gnu-tools-for-stm32.10.3-2021.10.win32_1.0.200.202301161003/tools/bin/../lib/gcc/arm-none-eabi/10.3.1/../../../../arm-none-eabi/lib/thumb/v7-m/nofp\libc_nano.a
LOAD d:/st/stm32cubeide_1.8.0/stm32cubeide/plugins/com.st.stm32cube.ide.mcu.externaltools.gnu-tools-for-stm32.10.3-2021.10.win32_1.0.200.202301161003/tools/bin/../lib/gcc/arm-none-eabi/10.3.1/../../../../arm-none-eabi/lib/thumb/v7-m/nofp\libnosys.a
END GROUP
START GROUP
LOAD d:/st/stm32cubeide_1.8.0/stm32cubeide/plugins/com.st.stm32cube.ide.mcu.externaltools.gnu-tools-for-stm32.10.3-2021.10.win32_1.0.200.202301161003/tools/bin/../lib/gcc/arm-none-eabi/10.3.1/thumb/v7-m/nofp\libgcc.a
LOAD d:/st/stm32cubeide_1.8.0/stm32cubeide/plugins/com.st.stm32cube.ide.mcu.externaltools.gnu-tools-for-stm32.10.3-2021.10.win32_1.0.200.202301161003/tools/bin/../lib/gcc/arm-none-eabi/10.3.1/../../../../arm-none-eabi/lib/thumb/v7-m/nofp\libc_nano.a
LOAD d:/st/stm32cubeide_1.8.0/stm32cubeide/plugins/com.st.stm32cube.ide.mcu.externaltools.gnu-tools-for-stm32.10.3-2021.10.win32_1.0.200.202301161003/tools/bin/../lib/gcc/arm-none-eabi/10.3.1/../../../../arm-none-eabi/lib/thumb/v7-m/nofp\libnosys.a
END GROUP
LOAD d:/st/stm32cubeide_1.8.0/stm32cubeide/plugins/com.st.stm32cube.ide.mcu.externaltools.gnu-tools-for-stm32.10.3-2021.10.win32_1.0.200.202301161003/tools/bin/../lib/gcc/arm-none-eabi/10.3.1/thumb/v7-m/nofp/crtend.o
LOAD d:/st/stm32cubeide_1.8.0/stm32cubeide/plugins/com.st.stm32cube.ide.mcu.externaltools.gnu-tools-for-stm32.10.3-2021.10.win32_1.0.200.202301161003/tools/bin/../lib/gcc/arm-none-eabi/10.3.1/thumb/v7-m/nofp/crtn.o
                0x0000000020010000                _estack = (ORIGIN (RAM) + LENGTH (RAM))
                0x0000000000000200                _Min_Heap_Size = 0x200
                0x0000000000000400                _Min_Stack_Size = 0x400

.isr_vector     0x0000000008000000      0x130
                0x0000000008000000                . = ALIGN (0x4)
 *(.isr_vector)
 .isr_vector    0x0000000008000000      0x130 ./Startup/startup_stm32f103zetx.o
                0x0000000008000000                g_pfnVectors
                0x0000000008000130                . = ALIGN (0x4)

.text           0x0000000008000130     0x1ac4
                0x0000000008000130                . = ALIGN (0x4)
 *(.text)
 .text          0x0000000008000130       0x40 d:/st/stm32cubeide_1.8.0/stm32cubeide/plugins/com.st.stm32cube.ide.mcu.externaltools.gnu-tools-for-stm32.10.3-2021.10.win32_1.0.200.202301161003/tools/bin/../lib/gcc/arm-none-eabi/10.3.1/thumb/v7-m/nofp/crtbegin.o
 *(.text*)
 .text.BSP_CAN_Init
                0x0000000008000170       0x28 ./BSP/bsp_can.o
                0x0000000008000170                BSP_CAN_Init
 .text.BSP_CAN_ClkEn
                0x0000000008000198       0x2c ./BSP/bsp_can.o
                0x0000000008000198                BSP_CAN_ClkEn
 .text.BSP_CAN_IoCfg
                0x00000000080001c4       0x4c ./BSP/bsp_can.o
                0x00000000080001c4                BSP_CAN_IoCfg
 .text.BSP_CAN_IrqEn
                0x0000000008000210       0x2c ./BSP/bsp_can.o
                0x0000000008000210                BSP_CAN_IrqEn
 .text.BSP_CAN_ModeCfg
                0x000000000800023c       0xa0 ./BSP/bsp_can.o
                0x000000000800023c                BSP_CAN_ModeCfg
 .text.USB_LP_CAN_RX0_IRQHandler
                0x00000000080002dc       0x20 ./BSP/bsp_can.o
                0x00000000080002dc                USB_LP_CAN_RX0_IRQHandler
 .text.CAN1_Send_Msg
                0x00000000080002fc       0xc4 ./BSP/bsp_can.o
                0x00000000080002fc                CAN1_Send_Msg
 .text.BSP_GPIO_SetCfg
                0x00000000080003c0       0x3a ./BSP/bsp_gpio.o
                0x00000000080003c0                BSP_GPIO_SetCfg
 .text.BSP_NVIC_Init
                0x00000000080003fa       0x3c ./BSP/bsp_nvic.o
                0x00000000080003fa                BSP_NVIC_Init
 *fill*         0x0000000008000436        0x2 
 .text.BSP_RCC_Init
                0x0000000008000438       0x24 ./BSP/bsp_rcc.o
                0x0000000008000438                BSP_RCC_Init
 .text.BSP_RCC_Periph_Clock_Init
                0x000000000800045c       0x5c ./BSP/bsp_rcc.o
                0x000000000800045c                BSP_RCC_Periph_Clock_Init
 .text.TIM4_IRQHandler
                0x00000000080004b8       0x6c ./BSP/bsp_tim.o
                0x00000000080004b8                TIM4_IRQHandler
 .text.TIM5_IRQHandler
                0x0000000008000524       0x78 ./BSP/bsp_tim.o
                0x0000000008000524                TIM5_IRQHandler
 .text.USART1_IrqRxCallBack
                0x000000000800059c       0x14 ./BSP/bsp_usart.o
                0x000000000800059c                USART1_IrqRxCallBack
 .text.USART1_IRQHandler
                0x00000000080005b0       0x64 ./BSP/bsp_usart.o
                0x00000000080005b0                USART1_IRQHandler
 .text.USART2_IrqCallBack
                0x0000000008000614       0x14 ./BSP/bsp_usart.o
                0x0000000008000614                USART2_IrqCallBack
 .text.USART2_IRQHandler
                0x0000000008000628       0x48 ./BSP/bsp_usart.o
                0x0000000008000628                USART2_IRQHandler
 .text.USART3_IrqCallBack
                0x0000000008000670       0x14 ./BSP/bsp_usart.o
                0x0000000008000670                USART3_IrqCallBack
 .text.USART3_IRQHandler
                0x0000000008000684       0x48 ./BSP/bsp_usart.o
                0x0000000008000684                USART3_IRQHandler
 .text.UART4_IrqRxCallBack
                0x00000000080006cc       0x14 ./BSP/bsp_usart.o
                0x00000000080006cc                UART4_IrqRxCallBack
 .text.UART4_IRQHandler
                0x00000000080006e0       0x64 ./BSP/bsp_usart.o
                0x00000000080006e0                UART4_IRQHandler
 .text.UART5_IrqRxCallBack
                0x0000000008000744       0x14 ./BSP/bsp_usart.o
                0x0000000008000744                UART5_IrqRxCallBack
 .text.UART5_IRQHandler
                0x0000000008000758       0x64 ./BSP/bsp_usart.o
                0x0000000008000758                UART5_IRQHandler
 .text.delay_init
                0x00000000080007bc       0x44 ./BSP/delay.o
                0x00000000080007bc                delay_init
 .text.delay_xms
                0x0000000008000800       0x6c ./BSP/delay.o
                0x0000000008000800                delay_xms
 .text.delay_ms
                0x000000000800086c       0x60 ./BSP/delay.o
                0x000000000800086c                delay_ms
 .text.sys_SWJ_REMAP_Config
                0x00000000080008cc       0x5c ./BSP/sys.o
                0x00000000080008cc                sys_SWJ_REMAP_Config
 .text.SystemInit
                0x0000000008000928       0x68 ./Libraries/CMSIS/CM3/DeviceSupport/ST/STM32F10x/system_stm32f10x.o
                0x0000000008000928                SystemInit
 .text.SystemCoreClockUpdate
                0x0000000008000990       0xe4 ./Libraries/CMSIS/CM3/DeviceSupport/ST/STM32F10x/system_stm32f10x.o
                0x0000000008000990                SystemCoreClockUpdate
 .text.SetSysClock
                0x0000000008000a74        0xc ./Libraries/CMSIS/CM3/DeviceSupport/ST/STM32F10x/system_stm32f10x.o
 .text.SetSysClockTo72
                0x0000000008000a80      0x100 ./Libraries/CMSIS/CM3/DeviceSupport/ST/STM32F10x/system_stm32f10x.o
 .text.NVIC_PriorityGroupConfig
                0x0000000008000b80       0x24 ./Libraries/STM32F10x_StdPeriph_Driver/src/misc.o
                0x0000000008000b80                NVIC_PriorityGroupConfig
 .text.NVIC_Init
                0x0000000008000ba4       0xc4 ./Libraries/STM32F10x_StdPeriph_Driver/src/misc.o
                0x0000000008000ba4                NVIC_Init
 .text.SysTick_CLKSourceConfig
                0x0000000008000c68       0x38 ./Libraries/STM32F10x_StdPeriph_Driver/src/misc.o
                0x0000000008000c68                SysTick_CLKSourceConfig
 .text.CAN_Init
                0x0000000008000ca0      0x1a0 ./Libraries/STM32F10x_StdPeriph_Driver/src/stm32f10x_can.o
                0x0000000008000ca0                CAN_Init
 .text.CAN_FilterInit
                0x0000000008000e40      0x184 ./Libraries/STM32F10x_StdPeriph_Driver/src/stm32f10x_can.o
                0x0000000008000e40                CAN_FilterInit
 .text.CAN_Transmit
                0x0000000008000fc4      0x1a0 ./Libraries/STM32F10x_StdPeriph_Driver/src/stm32f10x_can.o
                0x0000000008000fc4                CAN_Transmit
 .text.CAN_TransmitStatus
                0x0000000008001164      0x104 ./Libraries/STM32F10x_StdPeriph_Driver/src/stm32f10x_can.o
                0x0000000008001164                CAN_TransmitStatus
 .text.CAN_Receive
                0x0000000008001268      0x17a ./Libraries/STM32F10x_StdPeriph_Driver/src/stm32f10x_can.o
                0x0000000008001268                CAN_Receive
 .text.CAN_ITConfig
                0x00000000080013e2       0x3a ./Libraries/STM32F10x_StdPeriph_Driver/src/stm32f10x_can.o
                0x00000000080013e2                CAN_ITConfig
 .text.GPIO_Init
                0x000000000800141c      0x178 ./Libraries/STM32F10x_StdPeriph_Driver/src/stm32f10x_gpio.o
                0x000000000800141c                GPIO_Init
 .text.GPIO_ReadOutputDataBit
                0x0000000008001594       0x32 ./Libraries/STM32F10x_StdPeriph_Driver/src/stm32f10x_gpio.o
                0x0000000008001594                GPIO_ReadOutputDataBit
 .text.GPIO_WriteBit
                0x00000000080015c6       0x2e ./Libraries/STM32F10x_StdPeriph_Driver/src/stm32f10x_gpio.o
                0x00000000080015c6                GPIO_WriteBit
 .text.GPIO_PinRemapConfig
                0x00000000080015f4       0xe0 ./Libraries/STM32F10x_StdPeriph_Driver/src/stm32f10x_gpio.o
                0x00000000080015f4                GPIO_PinRemapConfig
 .text.RCC_USBCLKConfig
                0x00000000080016d4       0x1c ./Libraries/STM32F10x_StdPeriph_Driver/src/stm32f10x_rcc.o
                0x00000000080016d4                RCC_USBCLKConfig
 .text.RCC_ADCCLKConfig
                0x00000000080016f0       0x38 ./Libraries/STM32F10x_StdPeriph_Driver/src/stm32f10x_rcc.o
                0x00000000080016f0                RCC_ADCCLKConfig
 .text.RCC_LSEConfig
                0x0000000008001728       0x40 ./Libraries/STM32F10x_StdPeriph_Driver/src/stm32f10x_rcc.o
                0x0000000008001728                RCC_LSEConfig
 .text.RCC_RTCCLKConfig
                0x0000000008001768       0x24 ./Libraries/STM32F10x_StdPeriph_Driver/src/stm32f10x_rcc.o
                0x0000000008001768                RCC_RTCCLKConfig
 .text.RCC_RTCCLKCmd
                0x000000000800178c       0x20 ./Libraries/STM32F10x_StdPeriph_Driver/src/stm32f10x_rcc.o
                0x000000000800178c                RCC_RTCCLKCmd
 .text.RCC_GetClocksFreq
                0x00000000080017ac      0x16c ./Libraries/STM32F10x_StdPeriph_Driver/src/stm32f10x_rcc.o
                0x00000000080017ac                RCC_GetClocksFreq
 .text.RCC_AHBPeriphClockCmd
                0x0000000008001918       0x3c ./Libraries/STM32F10x_StdPeriph_Driver/src/stm32f10x_rcc.o
                0x0000000008001918                RCC_AHBPeriphClockCmd
 .text.RCC_APB2PeriphClockCmd
                0x0000000008001954       0x3c ./Libraries/STM32F10x_StdPeriph_Driver/src/stm32f10x_rcc.o
                0x0000000008001954                RCC_APB2PeriphClockCmd
 .text.RCC_APB1PeriphClockCmd
                0x0000000008001990       0x3c ./Libraries/STM32F10x_StdPeriph_Driver/src/stm32f10x_rcc.o
                0x0000000008001990                RCC_APB1PeriphClockCmd
 .text.RCC_MCOConfig
                0x00000000080019cc       0x20 ./Libraries/STM32F10x_StdPeriph_Driver/src/stm32f10x_rcc.o
                0x00000000080019cc                RCC_MCOConfig
 .text.TIM_SetCompare1
                0x00000000080019ec       0x1c ./Libraries/STM32F10x_StdPeriph_Driver/src/stm32f10x_tim.o
                0x00000000080019ec                TIM_SetCompare1
 .text.TIM_GetCapture1
                0x0000000008001a08       0x18 ./Libraries/STM32F10x_StdPeriph_Driver/src/stm32f10x_tim.o
                0x0000000008001a08                TIM_GetCapture1
 .text.TIM_GetCapture2
                0x0000000008001a20       0x18 ./Libraries/STM32F10x_StdPeriph_Driver/src/stm32f10x_tim.o
                0x0000000008001a20                TIM_GetCapture2
 .text.TIM_GetITStatus
                0x0000000008001a38       0x52 ./Libraries/STM32F10x_StdPeriph_Driver/src/stm32f10x_tim.o
                0x0000000008001a38                TIM_GetITStatus
 .text.TIM_ClearITPendingBit
                0x0000000008001a8a       0x20 ./Libraries/STM32F10x_StdPeriph_Driver/src/stm32f10x_tim.o
                0x0000000008001a8a                TIM_ClearITPendingBit
 *fill*         0x0000000008001aaa        0x2 
 .text.main     0x0000000008001aac       0x40 ./Src/main.o
                0x0000000008001aac                main
 .text.NMI_Handler
                0x0000000008001aec        0xc ./Src/stm32f10x_it.o
                0x0000000008001aec                NMI_Handler
 .text.HardFault_Handler
                0x0000000008001af8        0x6 ./Src/stm32f10x_it.o
                0x0000000008001af8                HardFault_Handler
 .text.MemManage_Handler
                0x0000000008001afe        0x6 ./Src/stm32f10x_it.o
                0x0000000008001afe                MemManage_Handler
 .text.BusFault_Handler
                0x0000000008001b04        0x6 ./Src/stm32f10x_it.o
                0x0000000008001b04                BusFault_Handler
 .text.UsageFault_Handler
                0x0000000008001b0a        0x6 ./Src/stm32f10x_it.o
                0x0000000008001b0a                UsageFault_Handler
 .text.SVC_Handler
                0x0000000008001b10        0xc ./Src/stm32f10x_it.o
                0x0000000008001b10                SVC_Handler
 .text.DebugMon_Handler
                0x0000000008001b1c        0xc ./Src/stm32f10x_it.o
                0x0000000008001b1c                DebugMon_Handler
 .text.PendSV_Handler
                0x0000000008001b28        0xc ./Src/stm32f10x_it.o
                0x0000000008001b28                PendSV_Handler
 .text.SysTick_Handler
                0x0000000008001b34        0xc ./Src/stm32f10x_it.o
                0x0000000008001b34                SysTick_Handler
 .text.Reset_Handler
                0x0000000008001b40       0x50 ./Startup/startup_stm32f103zetx.o
                0x0000000008001b40                Reset_Handler
 .text.Default_Handler
                0x0000000008001b90        0x2 ./Startup/startup_stm32f103zetx.o
                0x0000000008001b90                EXTI2_IRQHandler
                0x0000000008001b90                TIM8_TRG_COM_IRQHandler
                0x0000000008001b90                TIM8_CC_IRQHandler
                0x0000000008001b90                TIM1_CC_IRQHandler
                0x0000000008001b90                TIM6_IRQHandler
                0x0000000008001b90                PVD_IRQHandler
                0x0000000008001b90                SDIO_IRQHandler
                0x0000000008001b90                EXTI3_IRQHandler
                0x0000000008001b90                USB_HP_CAN_TX_IRQHandler
                0x0000000008001b90                EXTI0_IRQHandler
                0x0000000008001b90                I2C2_EV_IRQHandler
                0x0000000008001b90                ADC1_2_IRQHandler
                0x0000000008001b90                SPI1_IRQHandler
                0x0000000008001b90                CAN_SCE_IRQHandler
                0x0000000008001b90                TAMPER_IRQHandler
                0x0000000008001b90                TIM8_UP_IRQHandler
                0x0000000008001b90                DMA2_Channel2_IRQHandler
                0x0000000008001b90                DMA1_Channel4_IRQHandler
                0x0000000008001b90                RTC_IRQHandler
                0x0000000008001b90                DMA1_Channel7_IRQHandler
                0x0000000008001b90                ADC3_IRQHandler
                0x0000000008001b90                CAN_RX1_IRQHandler
                0x0000000008001b90                DMA2_Channel1_IRQHandler
                0x0000000008001b90                I2C1_EV_IRQHandler
                0x0000000008001b90                DMA1_Channel6_IRQHandler
                0x0000000008001b90                TIM3_IRQHandler
                0x0000000008001b90                RCC_IRQHandler
                0x0000000008001b90                TIM1_TRG_COM_IRQHandler
                0x0000000008001b90                DMA1_Channel1_IRQHandler
                0x0000000008001b90                Default_Handler
                0x0000000008001b90                EXTI15_10_IRQHandler
                0x0000000008001b90                TIM7_IRQHandler
                0x0000000008001b90                EXTI9_5_IRQHandler
                0x0000000008001b90                SPI2_IRQHandler
                0x0000000008001b90                DMA1_Channel5_IRQHandler
                0x0000000008001b90                EXTI4_IRQHandler
                0x0000000008001b90                DMA1_Channel3_IRQHandler
                0x0000000008001b90                FSMC_IRQHandler
                0x0000000008001b90                TIM1_UP_IRQHandler
                0x0000000008001b90                WWDG_IRQHandler
                0x0000000008001b90                TIM2_IRQHandler
                0x0000000008001b90                TIM1_BRK_IRQHandler
                0x0000000008001b90                EXTI1_IRQHandler
                0x0000000008001b90                RTCAlarm_IRQHandler
                0x0000000008001b90                DMA2_Channel4_5_IRQHandler
                0x0000000008001b90                I2C2_ER_IRQHandler
                0x0000000008001b90                DMA1_Channel2_IRQHandler
                0x0000000008001b90                TIM8_BRK_IRQHandler
                0x0000000008001b90                FLASH_IRQHandler
                0x0000000008001b90                SPI3_IRQHandler
                0x0000000008001b90                I2C1_ER_IRQHandler
                0x0000000008001b90                DMA2_Channel3_IRQHandler
 *fill*         0x0000000008001b92        0x2 
 .text.__libc_init_array
                0x0000000008001b94       0x48 d:/st/stm32cubeide_1.8.0/stm32cubeide/plugins/com.st.stm32cube.ide.mcu.externaltools.gnu-tools-for-stm32.10.3-2021.10.win32_1.0.200.202301161003/tools/bin/../lib/gcc/arm-none-eabi/10.3.1/../../../../arm-none-eabi/lib/thumb/v7-m/nofp\libc_nano.a(lib_a-init.o)
                0x0000000008001b94                __libc_init_array
 *(.glue_7)
 .glue_7        0x0000000008001bdc        0x0 linker stubs
 *(.glue_7t)
 .glue_7t       0x0000000008001bdc        0x0 linker stubs
 *(.eh_frame)
 .eh_frame      0x0000000008001bdc        0x0 d:/st/stm32cubeide_1.8.0/stm32cubeide/plugins/com.st.stm32cube.ide.mcu.externaltools.gnu-tools-for-stm32.10.3-2021.10.win32_1.0.200.202301161003/tools/bin/../lib/gcc/arm-none-eabi/10.3.1/thumb/v7-m/nofp/crtbegin.o
 *(.init)
 .init          0x0000000008001bdc        0x4 d:/st/stm32cubeide_1.8.0/stm32cubeide/plugins/com.st.stm32cube.ide.mcu.externaltools.gnu-tools-for-stm32.10.3-2021.10.win32_1.0.200.202301161003/tools/bin/../lib/gcc/arm-none-eabi/10.3.1/thumb/v7-m/nofp/crti.o
                0x0000000008001bdc                _init
 .init          0x0000000008001be0        0x8 d:/st/stm32cubeide_1.8.0/stm32cubeide/plugins/com.st.stm32cube.ide.mcu.externaltools.gnu-tools-for-stm32.10.3-2021.10.win32_1.0.200.202301161003/tools/bin/../lib/gcc/arm-none-eabi/10.3.1/thumb/v7-m/nofp/crtn.o
 *(.fini)
 .fini          0x0000000008001be8        0x4 d:/st/stm32cubeide_1.8.0/stm32cubeide/plugins/com.st.stm32cube.ide.mcu.externaltools.gnu-tools-for-stm32.10.3-2021.10.win32_1.0.200.202301161003/tools/bin/../lib/gcc/arm-none-eabi/10.3.1/thumb/v7-m/nofp/crti.o
                0x0000000008001be8                _fini
 .fini          0x0000000008001bec        0x8 d:/st/stm32cubeide_1.8.0/stm32cubeide/plugins/com.st.stm32cube.ide.mcu.externaltools.gnu-tools-for-stm32.10.3-2021.10.win32_1.0.200.202301161003/tools/bin/../lib/gcc/arm-none-eabi/10.3.1/thumb/v7-m/nofp/crtn.o
                0x0000000008001bf4                . = ALIGN (0x4)
                0x0000000008001bf4                _etext = .

.vfp11_veneer   0x0000000008001bf4        0x0
 .vfp11_veneer  0x0000000008001bf4        0x0 linker stubs

.v4_bx          0x0000000008001bf4        0x0
 .v4_bx         0x0000000008001bf4        0x0 linker stubs

.iplt           0x0000000008001bf4        0x0
 .iplt          0x0000000008001bf4        0x0 d:/st/stm32cubeide_1.8.0/stm32cubeide/plugins/com.st.stm32cube.ide.mcu.externaltools.gnu-tools-for-stm32.10.3-2021.10.win32_1.0.200.202301161003/tools/bin/../lib/gcc/arm-none-eabi/10.3.1/thumb/v7-m/nofp/crtbegin.o

.rodata         0x0000000008001bf4        0x8
                0x0000000008001bf4                . = ALIGN (0x4)
 *(.rodata)
 .rodata        0x0000000008001bf4        0x8 ./Src/main.o
 *(.rodata*)
                0x0000000008001bfc                . = ALIGN (0x4)

.rel.dyn        0x0000000008001bfc        0x0
 .rel.iplt      0x0000000008001bfc        0x0 d:/st/stm32cubeide_1.8.0/stm32cubeide/plugins/com.st.stm32cube.ide.mcu.externaltools.gnu-tools-for-stm32.10.3-2021.10.win32_1.0.200.202301161003/tools/bin/../lib/gcc/arm-none-eabi/10.3.1/thumb/v7-m/nofp/crtbegin.o

.ARM.extab      0x0000000008001bfc        0x0
                0x0000000008001bfc                . = ALIGN (0x4)
 *(.ARM.extab* .gnu.linkonce.armextab.*)
                0x0000000008001bfc                . = ALIGN (0x4)

.ARM            0x0000000008001bfc        0x0
                0x0000000008001bfc                . = ALIGN (0x4)
                0x0000000008001bfc                __exidx_start = .
 *(.ARM.exidx*)
                0x0000000008001bfc                __exidx_end = .
                0x0000000008001bfc                . = ALIGN (0x4)

.preinit_array  0x0000000008001bfc        0x0
                0x0000000008001bfc                . = ALIGN (0x4)
                0x0000000008001bfc                PROVIDE (__preinit_array_start = .)
 *(.preinit_array*)
                0x0000000008001bfc                PROVIDE (__preinit_array_end = .)
                0x0000000008001bfc                . = ALIGN (0x4)

.init_array     0x0000000008001bfc        0x4
                0x0000000008001bfc                . = ALIGN (0x4)
                0x0000000008001bfc                PROVIDE (__init_array_start = .)
 *(SORT_BY_NAME(.init_array.*))
 *(.init_array*)
 .init_array    0x0000000008001bfc        0x4 d:/st/stm32cubeide_1.8.0/stm32cubeide/plugins/com.st.stm32cube.ide.mcu.externaltools.gnu-tools-for-stm32.10.3-2021.10.win32_1.0.200.202301161003/tools/bin/../lib/gcc/arm-none-eabi/10.3.1/thumb/v7-m/nofp/crtbegin.o
                0x0000000008001c00                PROVIDE (__init_array_end = .)
                0x0000000008001c00                . = ALIGN (0x4)

.fini_array     0x0000000008001c00        0x4
                0x0000000008001c00                . = ALIGN (0x4)
                [!provide]                        PROVIDE (__fini_array_start = .)
 *(SORT_BY_NAME(.fini_array.*))
 *(.fini_array*)
 .fini_array    0x0000000008001c00        0x4 d:/st/stm32cubeide_1.8.0/stm32cubeide/plugins/com.st.stm32cube.ide.mcu.externaltools.gnu-tools-for-stm32.10.3-2021.10.win32_1.0.200.202301161003/tools/bin/../lib/gcc/arm-none-eabi/10.3.1/thumb/v7-m/nofp/crtbegin.o
                [!provide]                        PROVIDE (__fini_array_end = .)
                0x0000000008001c04                . = ALIGN (0x4)
                0x0000000008001c04                _sidata = LOADADDR (.data)

.data           0x0000000020000000       0x2c load address 0x0000000008001c04
                0x0000000020000000                . = ALIGN (0x4)
                0x0000000020000000                _sdata = .
 *(.data)
 *(.data*)
 .data.CCR1_Val
                0x0000000020000000        0x2 ./BSP/bsp_tim.o
                0x0000000020000000                CCR1_Val
 *fill*         0x0000000020000002        0x2 
 .data.SystemCoreClock
                0x0000000020000004        0x4 ./Libraries/CMSIS/CM3/DeviceSupport/ST/STM32F10x/system_stm32f10x.o
                0x0000000020000004                SystemCoreClock
 .data.AHBPrescTable
                0x0000000020000008       0x10 ./Libraries/CMSIS/CM3/DeviceSupport/ST/STM32F10x/system_stm32f10x.o
                0x0000000020000008                AHBPrescTable
 .data.APBAHBPrescTable
                0x0000000020000018       0x10 ./Libraries/STM32F10x_StdPeriph_Driver/src/stm32f10x_rcc.o
 .data.ADCPrescTable
                0x0000000020000028        0x4 ./Libraries/STM32F10x_StdPeriph_Driver/src/stm32f10x_rcc.o
 *(.RamFunc)
 *(.RamFunc*)
                0x000000002000002c                . = ALIGN (0x4)
                0x000000002000002c                _edata = .

.igot.plt       0x000000002000002c        0x0 load address 0x0000000008001c30
 .igot.plt      0x000000002000002c        0x0 d:/st/stm32cubeide_1.8.0/stm32cubeide/plugins/com.st.stm32cube.ide.mcu.externaltools.gnu-tools-for-stm32.10.3-2021.10.win32_1.0.200.202301161003/tools/bin/../lib/gcc/arm-none-eabi/10.3.1/thumb/v7-m/nofp/crtbegin.o
                0x000000002000002c                . = ALIGN (0x4)

.bss            0x000000002000002c       0x4c load address 0x0000000008001c30
                0x000000002000002c                _sbss = .
                0x000000002000002c                __bss_start__ = _sbss
 *(.bss)
 .bss           0x000000002000002c       0x1c d:/st/stm32cubeide_1.8.0/stm32cubeide/plugins/com.st.stm32cube.ide.mcu.externaltools.gnu-tools-for-stm32.10.3-2021.10.win32_1.0.200.202301161003/tools/bin/../lib/gcc/arm-none-eabi/10.3.1/thumb/v7-m/nofp/crtbegin.o
 *(.bss*)
 .bss.RCC_ClockFreq
                0x0000000020000048       0x14 ./BSP/bsp_rcc.o
                0x0000000020000048                RCC_ClockFreq
 .bss.capture   0x000000002000005c        0x2 ./BSP/bsp_tim.o
                0x000000002000005c                capture
 .bss.IC1Value  0x000000002000005e        0x2 ./BSP/bsp_tim.o
                0x000000002000005e                IC1Value
 .bss.DutyCycle
                0x0000000020000060        0x2 ./BSP/bsp_tim.o
                0x0000000020000060                DutyCycle
 *fill*         0x0000000020000062        0x2 
 .bss.Frequency
                0x0000000020000064        0x4 ./BSP/bsp_tim.o
                0x0000000020000064                Frequency
 .bss.USART1_valRx
                0x0000000020000068        0x2 ./BSP/bsp_usart.o
                0x0000000020000068                USART1_valRx
 .bss.USART2_valRx
                0x000000002000006a        0x2 ./BSP/bsp_usart.o
                0x000000002000006a                USART2_valRx
 .bss.USART3_valRx
                0x000000002000006c        0x2 ./BSP/bsp_usart.o
                0x000000002000006c                USART3_valRx
 .bss.UART4_valRx
                0x000000002000006e        0x2 ./BSP/bsp_usart.o
                0x000000002000006e                UART4_valRx
 .bss.UART5_valRx
                0x0000000020000070        0x2 ./BSP/bsp_usart.o
                0x0000000020000070                UART5_valRx
 .bss.fac_us    0x0000000020000072        0x1 ./BSP/delay.o
 *fill*         0x0000000020000073        0x1 
 .bss.fac_ms    0x0000000020000074        0x2 ./BSP/delay.o
 *(COMMON)
                0x0000000020000078                . = ALIGN (0x4)
 *fill*         0x0000000020000076        0x2 
                0x0000000020000078                _ebss = .
                0x0000000020000078                __bss_end__ = _ebss

._user_heap_stack
                0x0000000020000078      0x600 load address 0x0000000008001c30
                0x0000000020000078                . = ALIGN (0x8)
                [!provide]                        PROVIDE (end = .)
                0x0000000020000078                PROVIDE (_end = .)
                0x0000000020000278                . = (. + _Min_Heap_Size)
 *fill*         0x0000000020000078      0x200 
                0x0000000020000678                . = (. + _Min_Stack_Size)
 *fill*         0x0000000020000278      0x400 
                0x0000000020000678                . = ALIGN (0x8)

/DISCARD/
 libc.a(*)
 libm.a(*)
 libgcc.a(*)

.ARM.attributes
                0x0000000000000000       0x29
 *(.ARM.attributes)
 .ARM.attributes
                0x0000000000000000       0x1d d:/st/stm32cubeide_1.8.0/stm32cubeide/plugins/com.st.stm32cube.ide.mcu.externaltools.gnu-tools-for-stm32.10.3-2021.10.win32_1.0.200.202301161003/tools/bin/../lib/gcc/arm-none-eabi/10.3.1/thumb/v7-m/nofp/crti.o
 .ARM.attributes
                0x000000000000001d       0x2d d:/st/stm32cubeide_1.8.0/stm32cubeide/plugins/com.st.stm32cube.ide.mcu.externaltools.gnu-tools-for-stm32.10.3-2021.10.win32_1.0.200.202301161003/tools/bin/../lib/gcc/arm-none-eabi/10.3.1/thumb/v7-m/nofp/crtbegin.o
 .ARM.attributes
                0x000000000000004a       0x2d ./BSP/bsp_can.o
 .ARM.attributes
                0x0000000000000077       0x2d ./BSP/bsp_gpio.o
 .ARM.attributes
                0x00000000000000a4       0x2d ./BSP/bsp_nvic.o
 .ARM.attributes
                0x00000000000000d1       0x2d ./BSP/bsp_rcc.o
 .ARM.attributes
                0x00000000000000fe       0x2d ./BSP/bsp_tim.o
 .ARM.attributes
                0x000000000000012b       0x2d ./BSP/bsp_usart.o
 .ARM.attributes
                0x0000000000000158       0x2d ./BSP/delay.o
 .ARM.attributes
                0x0000000000000185       0x2d ./BSP/sys.o
 .ARM.attributes
                0x00000000000001b2       0x2d ./Libraries/CMSIS/CM3/DeviceSupport/ST/STM32F10x/system_stm32f10x.o
 .ARM.attributes
                0x00000000000001df       0x2d ./Libraries/STM32F10x_StdPeriph_Driver/src/misc.o
 .ARM.attributes
                0x000000000000020c       0x2d ./Libraries/STM32F10x_StdPeriph_Driver/src/stm32f10x_can.o
 .ARM.attributes
                0x0000000000000239       0x2d ./Libraries/STM32F10x_StdPeriph_Driver/src/stm32f10x_gpio.o
 .ARM.attributes
                0x0000000000000266       0x2d ./Libraries/STM32F10x_StdPeriph_Driver/src/stm32f10x_rcc.o
 .ARM.attributes
                0x0000000000000293       0x2d ./Libraries/STM32F10x_StdPeriph_Driver/src/stm32f10x_tim.o
 .ARM.attributes
                0x00000000000002c0       0x2d ./Src/main.o
 .ARM.attributes
                0x00000000000002ed       0x2d ./Src/stm32f10x_it.o
 .ARM.attributes
                0x000000000000031a       0x21 ./Startup/startup_stm32f103zetx.o
 .ARM.attributes
                0x000000000000033b       0x2d d:/st/stm32cubeide_1.8.0/stm32cubeide/plugins/com.st.stm32cube.ide.mcu.externaltools.gnu-tools-for-stm32.10.3-2021.10.win32_1.0.200.202301161003/tools/bin/../lib/gcc/arm-none-eabi/10.3.1/../../../../arm-none-eabi/lib/thumb/v7-m/nofp\libc_nano.a(lib_a-init.o)
 .ARM.attributes
                0x0000000000000368       0x1d d:/st/stm32cubeide_1.8.0/stm32cubeide/plugins/com.st.stm32cube.ide.mcu.externaltools.gnu-tools-for-stm32.10.3-2021.10.win32_1.0.200.202301161003/tools/bin/../lib/gcc/arm-none-eabi/10.3.1/thumb/v7-m/nofp/crtn.o
OUTPUT(SPL_Test.elf elf32-littlearm)
LOAD linker stubs
LOAD d:/st/stm32cubeide_1.8.0/stm32cubeide/plugins/com.st.stm32cube.ide.mcu.externaltools.gnu-tools-for-stm32.10.3-2021.10.win32_1.0.200.202301161003/tools/bin/../lib/gcc/arm-none-eabi/10.3.1/../../../../arm-none-eabi/lib/thumb/v7-m/nofp\libc.a
LOAD d:/st/stm32cubeide_1.8.0/stm32cubeide/plugins/com.st.stm32cube.ide.mcu.externaltools.gnu-tools-for-stm32.10.3-2021.10.win32_1.0.200.202301161003/tools/bin/../lib/gcc/arm-none-eabi/10.3.1/../../../../arm-none-eabi/lib/thumb/v7-m/nofp\libm.a
LOAD d:/st/stm32cubeide_1.8.0/stm32cubeide/plugins/com.st.stm32cube.ide.mcu.externaltools.gnu-tools-for-stm32.10.3-2021.10.win32_1.0.200.202301161003/tools/bin/../lib/gcc/arm-none-eabi/10.3.1/thumb/v7-m/nofp\libgcc.a

.debug_info     0x0000000000000000     0x79ab
 .debug_info    0x0000000000000000      0xb29 ./BSP/bsp_can.o
 .debug_info    0x0000000000000b29      0x483 ./BSP/bsp_gpio.o
 .debug_info    0x0000000000000fac      0x19b ./BSP/bsp_nvic.o
 .debug_info    0x0000000000001147      0x583 ./BSP/bsp_rcc.o
 .debug_info    0x00000000000016ca      0xc8f ./BSP/bsp_tim.o
 .debug_info    0x0000000000002359      0x98f ./BSP/bsp_usart.o
 .debug_info    0x0000000000002ce8      0x24c ./BSP/delay.o
 .debug_info    0x0000000000002f34      0x111 ./BSP/sys.o
 .debug_info    0x0000000000003045      0x479 ./Libraries/CMSIS/CM3/DeviceSupport/ST/STM32F10x/system_stm32f10x.o
 .debug_info    0x00000000000034be      0x510 ./Libraries/STM32F10x_StdPeriph_Driver/src/misc.o
 .debug_info    0x00000000000039ce      0xc46 ./Libraries/STM32F10x_StdPeriph_Driver/src/stm32f10x_can.o
 .debug_info    0x0000000000004614      0x74a ./Libraries/STM32F10x_StdPeriph_Driver/src/stm32f10x_gpio.o
 .debug_info    0x0000000000004d5e      0x8f7 ./Libraries/STM32F10x_StdPeriph_Driver/src/stm32f10x_rcc.o
 .debug_info    0x0000000000005655     0x1e1c ./Libraries/STM32F10x_StdPeriph_Driver/src/stm32f10x_tim.o
 .debug_info    0x0000000000007471      0x406 ./Src/main.o
 .debug_info    0x0000000000007877      0x112 ./Src/stm32f10x_it.o
 .debug_info    0x0000000000007989       0x22 ./Startup/startup_stm32f103zetx.o

.debug_abbrev   0x0000000000000000     0x19cc
 .debug_abbrev  0x0000000000000000      0x24b ./BSP/bsp_can.o
 .debug_abbrev  0x000000000000024b      0x1be ./BSP/bsp_gpio.o
 .debug_abbrev  0x0000000000000409       0xe8 ./BSP/bsp_nvic.o
 .debug_abbrev  0x00000000000004f1      0x191 ./BSP/bsp_rcc.o
 .debug_abbrev  0x0000000000000682      0x236 ./BSP/bsp_tim.o
 .debug_abbrev  0x00000000000008b8      0x256 ./BSP/bsp_usart.o
 .debug_abbrev  0x0000000000000b0e      0x13a ./BSP/delay.o
 .debug_abbrev  0x0000000000000c48       0xae ./BSP/sys.o
 .debug_abbrev  0x0000000000000cf6      0x1b1 ./Libraries/CMSIS/CM3/DeviceSupport/ST/STM32F10x/system_stm32f10x.o
 .debug_abbrev  0x0000000000000ea7      0x184 ./Libraries/STM32F10x_StdPeriph_Driver/src/misc.o
 .debug_abbrev  0x000000000000102b      0x231 ./Libraries/STM32F10x_StdPeriph_Driver/src/stm32f10x_can.o
 .debug_abbrev  0x000000000000125c      0x208 ./Libraries/STM32F10x_StdPeriph_Driver/src/stm32f10x_gpio.o
 .debug_abbrev  0x0000000000001464      0x1d6 ./Libraries/STM32F10x_StdPeriph_Driver/src/stm32f10x_rcc.o
 .debug_abbrev  0x000000000000163a      0x1e8 ./Libraries/STM32F10x_StdPeriph_Driver/src/stm32f10x_tim.o
 .debug_abbrev  0x0000000000001822      0x151 ./Src/main.o
 .debug_abbrev  0x0000000000001973       0x47 ./Src/stm32f10x_it.o
 .debug_abbrev  0x00000000000019ba       0x12 ./Startup/startup_stm32f103zetx.o

.debug_aranges  0x0000000000000000      0x900
 .debug_aranges
                0x0000000000000000       0x58 ./BSP/bsp_can.o
 .debug_aranges
                0x0000000000000058       0x68 ./BSP/bsp_gpio.o
 .debug_aranges
                0x00000000000000c0       0x20 ./BSP/bsp_nvic.o
 .debug_aranges
                0x00000000000000e0       0x30 ./BSP/bsp_rcc.o
 .debug_aranges
                0x0000000000000110       0x50 ./BSP/bsp_tim.o
 .debug_aranges
                0x0000000000000160       0x98 ./BSP/bsp_usart.o
 .debug_aranges
                0x00000000000001f8       0x38 ./BSP/delay.o
 .debug_aranges
                0x0000000000000230       0x20 ./BSP/sys.o
 .debug_aranges
                0x0000000000000250       0x38 ./Libraries/CMSIS/CM3/DeviceSupport/ST/STM32F10x/system_stm32f10x.o
 .debug_aranges
                0x0000000000000288       0x40 ./Libraries/STM32F10x_StdPeriph_Driver/src/misc.o
 .debug_aranges
                0x00000000000002c8       0xe0 ./Libraries/STM32F10x_StdPeriph_Driver/src/stm32f10x_can.o
 .debug_aranges
                0x00000000000003a8       0xa8 ./Libraries/STM32F10x_StdPeriph_Driver/src/stm32f10x_gpio.o
 .debug_aranges
                0x0000000000000450      0x118 ./Libraries/STM32F10x_StdPeriph_Driver/src/stm32f10x_rcc.o
 .debug_aranges
                0x0000000000000568      0x2f0 ./Libraries/STM32F10x_StdPeriph_Driver/src/stm32f10x_tim.o
 .debug_aranges
                0x0000000000000858       0x20 ./Src/main.o
 .debug_aranges
                0x0000000000000878       0x60 ./Src/stm32f10x_it.o
 .debug_aranges
                0x00000000000008d8       0x28 ./Startup/startup_stm32f103zetx.o

.debug_ranges   0x0000000000000000      0x7f8
 .debug_ranges  0x0000000000000000       0x48 ./BSP/bsp_can.o
 .debug_ranges  0x0000000000000048       0x58 ./BSP/bsp_gpio.o
 .debug_ranges  0x00000000000000a0       0x10 ./BSP/bsp_nvic.o
 .debug_ranges  0x00000000000000b0       0x20 ./BSP/bsp_rcc.o
 .debug_ranges  0x00000000000000d0       0x40 ./BSP/bsp_tim.o
 .debug_ranges  0x0000000000000110       0x88 ./BSP/bsp_usart.o
 .debug_ranges  0x0000000000000198       0x28 ./BSP/delay.o
 .debug_ranges  0x00000000000001c0       0x10 ./BSP/sys.o
 .debug_ranges  0x00000000000001d0       0x28 ./Libraries/CMSIS/CM3/DeviceSupport/ST/STM32F10x/system_stm32f10x.o
 .debug_ranges  0x00000000000001f8       0x30 ./Libraries/STM32F10x_StdPeriph_Driver/src/misc.o
 .debug_ranges  0x0000000000000228       0xd0 ./Libraries/STM32F10x_StdPeriph_Driver/src/stm32f10x_can.o
 .debug_ranges  0x00000000000002f8       0x98 ./Libraries/STM32F10x_StdPeriph_Driver/src/stm32f10x_gpio.o
 .debug_ranges  0x0000000000000390      0x108 ./Libraries/STM32F10x_StdPeriph_Driver/src/stm32f10x_rcc.o
 .debug_ranges  0x0000000000000498      0x2e0 ./Libraries/STM32F10x_StdPeriph_Driver/src/stm32f10x_tim.o
 .debug_ranges  0x0000000000000778       0x10 ./Src/main.o
 .debug_ranges  0x0000000000000788       0x50 ./Src/stm32f10x_it.o
 .debug_ranges  0x00000000000007d8       0x20 ./Startup/startup_stm32f103zetx.o

.debug_macro    0x0000000000000000     0x3c35
 .debug_macro   0x0000000000000000      0x324 ./BSP/bsp_can.o
 .debug_macro   0x0000000000000324      0x30b ./BSP/bsp_gpio.o
 .debug_macro   0x000000000000062f      0x185 ./BSP/bsp_nvic.o
 .debug_macro   0x00000000000007b4      0x306 ./BSP/bsp_rcc.o
 .debug_macro   0x0000000000000aba      0x185 ./BSP/bsp_tim.o
 .debug_macro   0x0000000000000c3f      0x18b ./BSP/bsp_usart.o
 .debug_macro   0x0000000000000dca      0x2fc ./BSP/delay.o
 .debug_macro   0x00000000000010c6      0x2ee ./BSP/sys.o
 .debug_macro   0x00000000000013b4      0x187 ./Libraries/CMSIS/CM3/DeviceSupport/ST/STM32F10x/system_stm32f10x.o
 .debug_macro   0x000000000000153b      0x18b ./Libraries/STM32F10x_StdPeriph_Driver/src/misc.o
 .debug_macro   0x00000000000016c6       0x84 ./Libraries/STM32F10x_StdPeriph_Driver/src/misc.o
 .debug_macro   0x000000000000174a      0x1d9 ./Libraries/STM32F10x_StdPeriph_Driver/src/stm32f10x_can.o
 .debug_macro   0x0000000000001923      0x3c9 ./Libraries/STM32F10x_StdPeriph_Driver/src/stm32f10x_can.o
 .debug_macro   0x0000000000001cec      0x1d3 ./Libraries/STM32F10x_StdPeriph_Driver/src/stm32f10x_gpio.o
 .debug_macro   0x0000000000001ebf      0x2a5 ./Libraries/STM32F10x_StdPeriph_Driver/src/stm32f10x_gpio.o
 .debug_macro   0x0000000000002164      0x2a1 ./Libraries/STM32F10x_StdPeriph_Driver/src/stm32f10x_rcc.o
 .debug_macro   0x0000000000002405      0x3dc ./Libraries/STM32F10x_StdPeriph_Driver/src/stm32f10x_rcc.o
 .debug_macro   0x00000000000027e1      0x19d ./Libraries/STM32F10x_StdPeriph_Driver/src/stm32f10x_tim.o
 .debug_macro   0x000000000000297e      0x70b ./Libraries/STM32F10x_StdPeriph_Driver/src/stm32f10x_tim.o
 .debug_macro   0x0000000000003089      0x36a ./Src/main.o
 .debug_macro   0x00000000000033f3      0x6bd ./Src/main.o
 .debug_macro   0x0000000000003ab0      0x185 ./Src/stm32f10x_it.o

.debug_line     0x0000000000000000     0x9ce2
 .debug_line    0x0000000000000000      0x9e5 ./BSP/bsp_can.o
 .debug_line    0x00000000000009e5      0x943 ./BSP/bsp_gpio.o
 .debug_line    0x0000000000001328      0x626 ./BSP/bsp_nvic.o
 .debug_line    0x000000000000194e      0x875 ./BSP/bsp_rcc.o
 .debug_line    0x00000000000021c3      0x7da ./BSP/bsp_tim.o
 .debug_line    0x000000000000299d      0x97d ./BSP/bsp_usart.o
 .debug_line    0x000000000000331a      0x8f4 ./BSP/delay.o
 .debug_line    0x0000000000003c0e      0x80b ./BSP/sys.o
 .debug_line    0x0000000000004419      0x77d ./Libraries/CMSIS/CM3/DeviceSupport/ST/STM32F10x/system_stm32f10x.o
 .debug_line    0x0000000000004b96      0x71c ./Libraries/STM32F10x_StdPeriph_Driver/src/misc.o
 .debug_line    0x00000000000052b2      0xe88 ./Libraries/STM32F10x_StdPeriph_Driver/src/stm32f10x_can.o
 .debug_line    0x000000000000613a      0xa04 ./Libraries/STM32F10x_StdPeriph_Driver/src/stm32f10x_gpio.o
 .debug_line    0x0000000000006b3e      0xba0 ./Libraries/STM32F10x_StdPeriph_Driver/src/stm32f10x_rcc.o
 .debug_line    0x00000000000076de     0x1612 ./Libraries/STM32F10x_StdPeriph_Driver/src/stm32f10x_tim.o
 .debug_line    0x0000000000008cf0      0x8ac ./Src/main.o
 .debug_line    0x000000000000959c      0x6c2 ./Src/stm32f10x_it.o
 .debug_line    0x0000000000009c5e       0x84 ./Startup/startup_stm32f103zetx.o

.debug_str      0x0000000000000000    0x55392
 .debug_str     0x0000000000000000    0x5279e ./BSP/bsp_can.o
                                      0x529b8 (size before relaxing)
 .debug_str     0x000000000005279e      0x151 ./BSP/bsp_gpio.o
                                      0x52358 (size before relaxing)
 .debug_str     0x00000000000528ef       0xcd ./BSP/bsp_nvic.o
                                      0x4dc7f (size before relaxing)
 .debug_str     0x00000000000529bc      0x1fe ./BSP/bsp_rcc.o
                                      0x52393 (size before relaxing)
 .debug_str     0x0000000000052bba      0x4e6 ./BSP/bsp_tim.o
                                      0x4e67c (size before relaxing)
 .debug_str     0x00000000000530a0      0x254 ./BSP/bsp_usart.o
                                      0x4e41b (size before relaxing)
 .debug_str     0x00000000000532f4       0x73 ./BSP/delay.o
                                      0x51dc4 (size before relaxing)
 .debug_str     0x0000000000053367       0x2c ./BSP/sys.o
                                      0x51d71 (size before relaxing)
 .debug_str     0x0000000000053393      0x174 ./Libraries/CMSIS/CM3/DeviceSupport/ST/STM32F10x/system_stm32f10x.o
                                      0x4dd3e (size before relaxing)
 .debug_str     0x0000000000053507      0x12f ./Libraries/STM32F10x_StdPeriph_Driver/src/misc.o
                                      0x4de0b (size before relaxing)
 .debug_str     0x0000000000053636      0x4aa ./Libraries/STM32F10x_StdPeriph_Driver/src/stm32f10x_can.o
                                      0x4e35a (size before relaxing)
 .debug_str     0x0000000000053ae0      0x45a ./Libraries/STM32F10x_StdPeriph_Driver/src/stm32f10x_gpio.o
                                      0x4e19a (size before relaxing)
 .debug_str     0x0000000000053f3a      0x9ab ./Libraries/STM32F10x_StdPeriph_Driver/src/stm32f10x_rcc.o
                                      0x4e769 (size before relaxing)
 .debug_str     0x00000000000548e5      0x8ae ./Libraries/STM32F10x_StdPeriph_Driver/src/stm32f10x_tim.o
                                      0x4e8b5 (size before relaxing)
 .debug_str     0x0000000000055193      0x116 ./Src/main.o
                                      0x523bd (size before relaxing)
 .debug_str     0x00000000000552a9       0xb8 ./Src/stm32f10x_it.o
                                      0x4dc06 (size before relaxing)
 .debug_str     0x0000000000055361       0x31 ./Startup/startup_stm32f103zetx.o
                                         0x78 (size before relaxing)

.comment        0x0000000000000000       0x50
 .comment       0x0000000000000000       0x50 ./BSP/bsp_can.o
                                         0x51 (size before relaxing)
 .comment       0x0000000000000050       0x51 ./BSP/bsp_gpio.o
 .comment       0x0000000000000050       0x51 ./BSP/bsp_nvic.o
 .comment       0x0000000000000050       0x51 ./BSP/bsp_rcc.o
 .comment       0x0000000000000050       0x51 ./BSP/bsp_tim.o
 .comment       0x0000000000000050       0x51 ./BSP/bsp_usart.o
 .comment       0x0000000000000050       0x51 ./BSP/delay.o
 .comment       0x0000000000000050       0x51 ./BSP/sys.o
 .comment       0x0000000000000050       0x51 ./Libraries/CMSIS/CM3/DeviceSupport/ST/STM32F10x/system_stm32f10x.o
 .comment       0x0000000000000050       0x51 ./Libraries/STM32F10x_StdPeriph_Driver/src/misc.o
 .comment       0x0000000000000050       0x51 ./Libraries/STM32F10x_StdPeriph_Driver/src/stm32f10x_can.o
 .comment       0x0000000000000050       0x51 ./Libraries/STM32F10x_StdPeriph_Driver/src/stm32f10x_gpio.o
 .comment       0x0000000000000050       0x51 ./Libraries/STM32F10x_StdPeriph_Driver/src/stm32f10x_rcc.o
 .comment       0x0000000000000050       0x51 ./Libraries/STM32F10x_StdPeriph_Driver/src/stm32f10x_tim.o
 .comment       0x0000000000000050       0x51 ./Src/main.o
 .comment       0x0000000000000050       0x51 ./Src/stm32f10x_it.o

.debug_frame    0x0000000000000000     0x2440
 .debug_frame   0x0000000000000000      0x130 ./BSP/bsp_can.o
 .debug_frame   0x0000000000000130      0x184 ./BSP/bsp_gpio.o
 .debug_frame   0x00000000000002b4       0x34 ./BSP/bsp_nvic.o
 .debug_frame   0x00000000000002e8       0x6c ./BSP/bsp_rcc.o
 .debug_frame   0x0000000000000354       0xf4 ./BSP/bsp_tim.o
 .debug_frame   0x0000000000000448      0x258 ./BSP/bsp_usart.o
 .debug_frame   0x00000000000006a0       0xa8 ./BSP/delay.o
 .debug_frame   0x0000000000000748       0x34 ./BSP/sys.o
 .debug_frame   0x000000000000077c       0x98 ./Libraries/CMSIS/CM3/DeviceSupport/ST/STM32F10x/system_stm32f10x.o
 .debug_frame   0x0000000000000814       0xd8 ./Libraries/STM32F10x_StdPeriph_Driver/src/misc.o
 .debug_frame   0x00000000000008ec      0x3f8 ./Libraries/STM32F10x_StdPeriph_Driver/src/stm32f10x_can.o
 .debug_frame   0x0000000000000ce4      0x2d0 ./Libraries/STM32F10x_StdPeriph_Driver/src/stm32f10x_gpio.o
 .debug_frame   0x0000000000000fb4      0x4f4 ./Libraries/STM32F10x_StdPeriph_Driver/src/stm32f10x_rcc.o
 .debug_frame   0x00000000000014a8      0xe2c ./Libraries/STM32F10x_StdPeriph_Driver/src/stm32f10x_tim.o
 .debug_frame   0x00000000000022d4       0x30 ./Src/main.o
 .debug_frame   0x0000000000002304      0x110 ./Src/stm32f10x_it.o
 .debug_frame   0x0000000000002414       0x2c d:/st/stm32cubeide_1.8.0/stm32cubeide/plugins/com.st.stm32cube.ide.mcu.externaltools.gnu-tools-for-stm32.10.3-2021.10.win32_1.0.200.202301161003/tools/bin/../lib/gcc/arm-none-eabi/10.3.1/../../../../arm-none-eabi/lib/thumb/v7-m/nofp\libc_nano.a(lib_a-init.o)
