Archive member included to satisfy reference by file (symbol)

d:/st/stm32cubeide_1.8.0/stm32cubeide/plugins/com.st.stm32cube.ide.mcu.externaltools.gnu-tools-for-stm32.10.3-2021.10.win32_1.0.200.202301161003/tools/bin/../lib/gcc/arm-none-eabi/10.3.1/../../../../arm-none-eabi/lib/thumb/v7-m/nofp\libc_nano.a(lib_a-errno.o)
                              ./Src/syscalls.o (__errno)
d:/st/stm32cubeide_1.8.0/stm32cubeide/plugins/com.st.stm32cube.ide.mcu.externaltools.gnu-tools-for-stm32.10.3-2021.10.win32_1.0.200.202301161003/tools/bin/../lib/gcc/arm-none-eabi/10.3.1/../../../../arm-none-eabi/lib/thumb/v7-m/nofp\libc_nano.a(lib_a-exit.o)
                              d:/st/stm32cubeide_1.8.0/stm32cubeide/plugins/com.st.stm32cube.ide.mcu.externaltools.gnu-tools-for-stm32.10.3-2021.10.win32_1.0.200.202301161003/tools/bin/../lib/gcc/arm-none-eabi/10.3.1/../../../../arm-none-eabi/lib/thumb/v7-m/nofp/crt0.o (exit)
d:/st/stm32cubeide_1.8.0/stm32cubeide/plugins/com.st.stm32cube.ide.mcu.externaltools.gnu-tools-for-stm32.10.3-2021.10.win32_1.0.200.202301161003/tools/bin/../lib/gcc/arm-none-eabi/10.3.1/../../../../arm-none-eabi/lib/thumb/v7-m/nofp\libc_nano.a(lib_a-impure.o)
                              d:/st/stm32cubeide_1.8.0/stm32cubeide/plugins/com.st.stm32cube.ide.mcu.externaltools.gnu-tools-for-stm32.10.3-2021.10.win32_1.0.200.202301161003/tools/bin/../lib/gcc/arm-none-eabi/10.3.1/../../../../arm-none-eabi/lib/thumb/v7-m/nofp\libc_nano.a(lib_a-exit.o) (_global_impure_ptr)
d:/st/stm32cubeide_1.8.0/stm32cubeide/plugins/com.st.stm32cube.ide.mcu.externaltools.gnu-tools-for-stm32.10.3-2021.10.win32_1.0.200.202301161003/tools/bin/../lib/gcc/arm-none-eabi/10.3.1/../../../../arm-none-eabi/lib/thumb/v7-m/nofp\libc_nano.a(lib_a-init.o)
                              d:/st/stm32cubeide_1.8.0/stm32cubeide/plugins/com.st.stm32cube.ide.mcu.externaltools.gnu-tools-for-stm32.10.3-2021.10.win32_1.0.200.202301161003/tools/bin/../lib/gcc/arm-none-eabi/10.3.1/../../../../arm-none-eabi/lib/thumb/v7-m/nofp/crt0.o (__libc_init_array)
d:/st/stm32cubeide_1.8.0/stm32cubeide/plugins/com.st.stm32cube.ide.mcu.externaltools.gnu-tools-for-stm32.10.3-2021.10.win32_1.0.200.202301161003/tools/bin/../lib/gcc/arm-none-eabi/10.3.1/../../../../arm-none-eabi/lib/thumb/v7-m/nofp\libc_nano.a(lib_a-memset.o)
                              d:/st/stm32cubeide_1.8.0/stm32cubeide/plugins/com.st.stm32cube.ide.mcu.externaltools.gnu-tools-for-stm32.10.3-2021.10.win32_1.0.200.202301161003/tools/bin/../lib/gcc/arm-none-eabi/10.3.1/../../../../arm-none-eabi/lib/thumb/v7-m/nofp/crt0.o (memset)

Discarded input sections

 .text          0x0000000000000000        0x0 d:/st/stm32cubeide_1.8.0/stm32cubeide/plugins/com.st.stm32cube.ide.mcu.externaltools.gnu-tools-for-stm32.10.3-2021.10.win32_1.0.200.202301161003/tools/bin/../lib/gcc/arm-none-eabi/10.3.1/thumb/v7-m/nofp/crti.o
 .data          0x0000000000000000        0x0 d:/st/stm32cubeide_1.8.0/stm32cubeide/plugins/com.st.stm32cube.ide.mcu.externaltools.gnu-tools-for-stm32.10.3-2021.10.win32_1.0.200.202301161003/tools/bin/../lib/gcc/arm-none-eabi/10.3.1/thumb/v7-m/nofp/crti.o
 .bss           0x0000000000000000        0x0 d:/st/stm32cubeide_1.8.0/stm32cubeide/plugins/com.st.stm32cube.ide.mcu.externaltools.gnu-tools-for-stm32.10.3-2021.10.win32_1.0.200.202301161003/tools/bin/../lib/gcc/arm-none-eabi/10.3.1/thumb/v7-m/nofp/crti.o
 .data          0x0000000000000000        0x4 d:/st/stm32cubeide_1.8.0/stm32cubeide/plugins/com.st.stm32cube.ide.mcu.externaltools.gnu-tools-for-stm32.10.3-2021.10.win32_1.0.200.202301161003/tools/bin/../lib/gcc/arm-none-eabi/10.3.1/thumb/v7-m/nofp/crtbegin.o
 .rodata        0x0000000000000000       0x24 d:/st/stm32cubeide_1.8.0/stm32cubeide/plugins/com.st.stm32cube.ide.mcu.externaltools.gnu-tools-for-stm32.10.3-2021.10.win32_1.0.200.202301161003/tools/bin/../lib/gcc/arm-none-eabi/10.3.1/thumb/v7-m/nofp/crtbegin.o
 .text          0x0000000000000000       0x7c d:/st/stm32cubeide_1.8.0/stm32cubeide/plugins/com.st.stm32cube.ide.mcu.externaltools.gnu-tools-for-stm32.10.3-2021.10.win32_1.0.200.202301161003/tools/bin/../lib/gcc/arm-none-eabi/10.3.1/../../../../arm-none-eabi/lib/thumb/v7-m/nofp/crt0.o
 .data          0x0000000000000000        0x0 d:/st/stm32cubeide_1.8.0/stm32cubeide/plugins/com.st.stm32cube.ide.mcu.externaltools.gnu-tools-for-stm32.10.3-2021.10.win32_1.0.200.202301161003/tools/bin/../lib/gcc/arm-none-eabi/10.3.1/../../../../arm-none-eabi/lib/thumb/v7-m/nofp/crt0.o
 .bss           0x0000000000000000        0x0 d:/st/stm32cubeide_1.8.0/stm32cubeide/plugins/com.st.stm32cube.ide.mcu.externaltools.gnu-tools-for-stm32.10.3-2021.10.win32_1.0.200.202301161003/tools/bin/../lib/gcc/arm-none-eabi/10.3.1/../../../../arm-none-eabi/lib/thumb/v7-m/nofp/crt0.o
[...]
Memory Configuration

Name             Origin             Length             Attributes
RAM              0x0000000020000000 0x0000000000010000 xrw
FLASH            0x0000000008000000 0x0000000000080000 xr
*default*        0x0000000000000000 0xffffffffffffffff

Linker script and memory map

LOAD d:/st/stm32cubeide_1.8.0/stm32cubeide/plugins/com.st.stm32cube.ide.mcu.externaltools.gnu-tools-for-stm32.10.3-2021.10.win32_1.0.200.202301161003/tools/bin/../lib/gcc/arm-none-eabi/10.3.1/thumb/v7-m/nofp/crti.o
LOAD d:/st/stm32cubeide_1.8.0/stm32cubeide/plugins/com.st.stm32cube.ide.mcu.externaltools.gnu-tools-for-stm32.10.3-2021.10.win32_1.0.200.202301161003/tools/bin/../lib/gcc/arm-none-eabi/10.3.1/thumb/v7-m/nofp/crtbegin.o
LOAD d:/st/stm32cubeide_1.8.0/stm32cubeide/plugins/com.st.stm32cube.ide.mcu.externaltools.gnu-tools-for-stm32.10.3-2021.10.win32_1.0.200.202301161003/tools/bin/../lib/gcc/arm-none-eabi/10.3.1/../../../../arm-none-eabi/lib/thumb/v7-m/nofp/crt0.o
LOAD ./Libraries/CMSIS/CM3/CoreSupport/core_cm3.o
LOAD ./Libraries/CMSIS/CM3/DeviceSupport/ST/STM32F10x/system_stm32f10x.o
LOAD ./Libraries/STM32F10x_StdPeriph_Driver/src/misc.o
LOAD ./Libraries/STM32F10x_StdPeriph_Driver/src/stm32f10x_adc.o
LOAD ./Libraries/STM32F10x_StdPeriph_Driver/src/stm32f10x_bkp.o
LOAD ./Libraries/STM32F10x_StdPeriph_Driver/src/stm32f10x_can.o
LOAD ./Libraries/STM32F10x_StdPeriph_Driver/src/stm32f10x_cec.o
LOAD ./Libraries/STM32F10x_StdPeriph_Driver/src/stm32f10x_crc.o
LOAD ./Libraries/STM32F10x_StdPeriph_Driver/src/stm32f10x_dac.o
LOAD ./Libraries/STM32F10x_StdPeriph_Driver/src/stm32f10x_dbgmcu.o
LOAD ./Libraries/STM32F10x_StdPeriph_Driver/src/stm32f10x_dma.o
LOAD ./Libraries/STM32F10x_StdPeriph_Driver/src/stm32f10x_exti.o
LOAD ./Libraries/STM32F10x_StdPeriph_Driver/src/stm32f10x_flash.o
LOAD ./Libraries/STM32F10x_StdPeriph_Driver/src/stm32f10x_fsmc.o
LOAD ./Libraries/STM32F10x_StdPeriph_Driver/src/stm32f10x_gpio.o
LOAD ./Libraries/STM32F10x_StdPeriph_Driver/src/stm32f10x_i2c.o
LOAD ./Libraries/STM32F10x_StdPeriph_Driver/src/stm32f10x_iwdg.o
LOAD ./Libraries/STM32F10x_StdPeriph_Driver/src/stm32f10x_pwr.o
LOAD ./Libraries/STM32F10x_StdPeriph_Driver/src/stm32f10x_rcc.o
LOAD ./Libraries/STM32F10x_StdPeriph_Driver/src/stm32f10x_rtc.o
LOAD ./Libraries/STM32F10x_StdPeriph_Driver/src/stm32f10x_sdio.o
LOAD ./Libraries/STM32F10x_StdPeriph_Driver/src/stm32f10x_spi.o
LOAD ./Libraries/STM32F10x_StdPeriph_Driver/src/stm32f10x_tim.o
LOAD ./Libraries/STM32F10x_StdPeriph_Driver/src/stm32f10x_usart.o
LOAD ./Libraries/STM32F10x_StdPeriph_Driver/src/stm32f10x_wwdg.o
LOAD ./Src/main.o
LOAD ./Src/stm32f10x_it.o
LOAD ./Src/syscalls.o
LOAD ./Src/sysmem.o
LOAD ./Startup/startup_stm32f103zetx.o
START GROUP
LOAD d:/st/stm32cubeide_1.8.0/stm32cubeide/plugins/com.st.stm32cube.ide.mcu.externaltools.gnu-tools-for-stm32.10.3-2021.10.win32_1.0.200.202301161003/tools/bin/../lib/gcc/arm-none-eabi/10.3.1/../../../../arm-none-eabi/lib/thumb/v7-m/nofp\libc_nano.a
LOAD d:/st/stm32cubeide_1.8.0/stm32cubeide/plugins/com.st.stm32cube.ide.mcu.externaltools.gnu-tools-for-stm32.10.3-2021.10.win32_1.0.200.202301161003/tools/bin/../lib/gcc/arm-none-eabi/10.3.1/../../../../arm-none-eabi/lib/thumb/v7-m/nofp\libm.a
END GROUP
START GROUP
LOAD d:/st/stm32cubeide_1.8.0/stm32cubeide/plugins/com.st.stm32cube.ide.mcu.externaltools.gnu-tools-for-stm32.10.3-2021.10.win32_1.0.200.202301161003/tools/bin/../lib/gcc/arm-none-eabi/10.3.1/thumb/v7-m/nofp\libgcc.a
LOAD d:/st/stm32cubeide_1.8.0/stm32cubeide/plugins/com.st.stm32cube.ide.mcu.externaltools.gnu-tools-for-stm32.10.3-2021.10.win32_1.0.200.202301161003/tools/bin/../lib/gcc/arm-none-eabi/10.3.1/../../../../arm-none-eabi/lib/thumb/v7-m/nofp\libc_nano.a
END GROUP
START GROUP
LOAD d:/st/stm32cubeide_1.8.0/stm32cubeide/plugins/com.st.stm32cube.ide.mcu.externaltools.gnu-tools-for-stm32.10.3-2021.10.win32_1.0.200.202301161003/tools/bin/../lib/gcc/arm-none-eabi/10.3.1/thumb/v7-m/nofp\libgcc.a
LOAD d:/st/stm32cubeide_1.8.0/stm32cubeide/plugins/com.st.stm32cube.ide.mcu.externaltools.gnu-tools-for-stm32.10.3-2021.10.win32_1.0.200.202301161003/tools/bin/../lib/gcc/arm-none-eabi/10.3.1/../../../../arm-none-eabi/lib/thumb/v7-m/nofp\libc_nano.a
LOAD d:/st/stm32cubeide_1.8.0/stm32cubeide/plugins/com.st.stm32cube.ide.mcu.externaltools.gnu-tools-for-stm32.10.3-2021.10.win32_1.0.200.202301161003/tools/bin/../lib/gcc/arm-none-eabi/10.3.1/../../../../arm-none-eabi/lib/thumb/v7-m/nofp\libnosys.a
END GROUP
START GROUP
LOAD d:/st/stm32cubeide_1.8.0/stm32cubeide/plugins/com.st.stm32cube.ide.mcu.externaltools.gnu-tools-for-stm32.10.3-2021.10.win32_1.0.200.202301161003/tools/bin/../lib/gcc/arm-none-eabi/10.3.1/thumb/v7-m/nofp\libgcc.a
LOAD d:/st/stm32cubeide_1.8.0/stm32cubeide/plugins/com.st.stm32cube.ide.mcu.externaltools.gnu-tools-for-stm32.10.3-2021.10.win32_1.0.200.202301161003/tools/bin/../lib/gcc/arm-none-eabi/10.3.1/../../../../arm-none-eabi/lib/thumb/v7-m/nofp\libc_nano.a
LOAD d:/st/stm32cubeide_1.8.0/stm32cubeide/plugins/com.st.stm32cube.ide.mcu.externaltools.gnu-tools-for-stm32.10.3-2021.10.win32_1.0.200.202301161003/tools/bin/../lib/gcc/arm-none-eabi/10.3.1/../../../../arm-none-eabi/lib/thumb/v7-m/nofp\libnosys.a
END GROUP
LOAD d:/st/stm32cubeide_1.8.0/stm32cubeide/plugins/com.st.stm32cube.ide.mcu.externaltools.gnu-tools-for-stm32.10.3-2021.10.win32_1.0.200.202301161003/tools/bin/../lib/gcc/arm-none-eabi/10.3.1/thumb/v7-m/nofp/crtend.o
LOAD d:/st/stm32cubeide_1.8.0/stm32cubeide/plugins/com.st.stm32cube.ide.mcu.externaltools.gnu-tools-for-stm32.10.3-2021.10.win32_1.0.200.202301161003/tools/bin/../lib/gcc/arm-none-eabi/10.3.1/thumb/v7-m/nofp/crtn.o
                0x0000000020010000                _estack = (ORIGIN (RAM) + LENGTH (RAM))
                0x0000000000000200                _Min_Heap_Size = 0x200
                0x0000000000000400                _Min_Stack_Size = 0x400

.isr_vector     0x0000000008000000      0x130
                0x0000000008000000                . = ALIGN (0x4)
 *(.isr_vector)
 .isr_vector    0x0000000008000000      0x130 ./Startup/startup_stm32f103zetx.o
                0x0000000008000000                g_pfnVectors
                0x0000000008000130                . = ALIGN (0x4)

.text           0x0000000008000130      0x2c4
                0x0000000008000130                . = ALIGN (0x4)
 *(.text)
 .text          0x0000000008000130       0x40 d:/st/stm32cubeide_1.8.0/stm32cubeide/plugins/com.st.stm32cube.ide.mcu.externaltools.gnu-tools-for-stm32.10.3-2021.10.win32_1.0.200.202301161003/tools/bin/../lib/gcc/arm-none-eabi/10.3.1/thumb/v7-m/nofp/crtbegin.o
 *(.text*)
 .text.SystemInit
                0x0000000008000170       0x68 ./Libraries/CMSIS/CM3/DeviceSupport/ST/STM32F10x/system_stm32f10x.o
                0x0000000008000170                SystemInit
 .text.SetSysClock
                0x00000000080001d8        0xc ./Libraries/CMSIS/CM3/DeviceSupport/ST/STM32F10x/system_stm32f10x.o
 .text.SetSysClockTo72
                0x00000000080001e4      0x100 ./Libraries/CMSIS/CM3/DeviceSupport/ST/STM32F10x/system_stm32f10x.o
 .text.main     0x00000000080002e4        0x6 ./Src/main.o
                0x00000000080002e4                main
 .text.NMI_Handler
                0x00000000080002ea        0xc ./Src/stm32f10x_it.o
                0x00000000080002ea                NMI_Handler
 .text.HardFault_Handler
                0x00000000080002f6        0x6 ./Src/stm32f10x_it.o
                0x00000000080002f6                HardFault_Handler
 .text.MemManage_Handler
                0x00000000080002fc        0x6 ./Src/stm32f10x_it.o
                0x00000000080002fc                MemManage_Handler
 .text.BusFault_Handler
                0x0000000008000302        0x6 ./Src/stm32f10x_it.o
                0x0000000008000302                BusFault_Handler
 .text.UsageFault_Handler
                0x0000000008000308        0x6 ./Src/stm32f10x_it.o
                0x0000000008000308                UsageFault_Handler
 .text.SVC_Handler
                0x000000000800030e        0xc ./Src/stm32f10x_it.o
                0x000000000800030e                SVC_Handler
 .text.DebugMon_Handler
                0x000000000800031a        0xc ./Src/stm32f10x_it.o
                0x000000000800031a                DebugMon_Handler
 .text.PendSV_Handler
                0x0000000008000326        0xc ./Src/stm32f10x_it.o
                0x0000000008000326                PendSV_Handler
 .text.SysTick_Handler
                0x0000000008000332        0xc ./Src/stm32f10x_it.o
                0x0000000008000332                SysTick_Handler
 *fill*         0x000000000800033e        0x2 
 .text.Reset_Handler
                0x0000000008000340       0x50 ./Startup/startup_stm32f103zetx.o
                0x0000000008000340                Reset_Handler
 .text.Default_Handler
                0x0000000008000390        0x2 ./Startup/startup_stm32f103zetx.o
                0x0000000008000390                EXTI2_IRQHandler
                0x0000000008000390                TIM8_TRG_COM_IRQHandler
                0x0000000008000390                TIM8_CC_IRQHandler
                0x0000000008000390                TIM1_CC_IRQHandler
                0x0000000008000390                TIM6_IRQHandler
                0x0000000008000390                PVD_IRQHandler
                0x0000000008000390                SDIO_IRQHandler
                0x0000000008000390                EXTI3_IRQHandler
                0x0000000008000390                USB_HP_CAN_TX_IRQHandler
                0x0000000008000390                EXTI0_IRQHandler
                0x0000000008000390                I2C2_EV_IRQHandler
                0x0000000008000390                ADC1_2_IRQHandler
                0x0000000008000390                SPI1_IRQHandler
                0x0000000008000390                CAN_SCE_IRQHandler
                0x0000000008000390                TAMPER_IRQHandler
                0x0000000008000390                TIM8_UP_IRQHandler
                0x0000000008000390                DMA2_Channel2_IRQHandler
                0x0000000008000390                DMA1_Channel4_IRQHandler
                0x0000000008000390                USART3_IRQHandler
                0x0000000008000390                RTC_IRQHandler
                0x0000000008000390                DMA1_Channel7_IRQHandler
                0x0000000008000390                UART5_IRQHandler
                0x0000000008000390                ADC3_IRQHandler
                0x0000000008000390                TIM4_IRQHandler
                0x0000000008000390                CAN_RX1_IRQHandler
                0x0000000008000390                DMA2_Channel1_IRQHandler
                0x0000000008000390                I2C1_EV_IRQHandler
                0x0000000008000390                DMA1_Channel6_IRQHandler
                0x0000000008000390                UART4_IRQHandler
                0x0000000008000390                TIM3_IRQHandler
                0x0000000008000390                RCC_IRQHandler
                0x0000000008000390                TIM1_TRG_COM_IRQHandler
                0x0000000008000390                DMA1_Channel1_IRQHandler
                0x0000000008000390                Default_Handler
                0x0000000008000390                EXTI15_10_IRQHandler
                0x0000000008000390                TIM7_IRQHandler
                0x0000000008000390                TIM5_IRQHandler
                0x0000000008000390                EXTI9_5_IRQHandler
                0x0000000008000390                SPI2_IRQHandler
                0x0000000008000390                USB_LP_CAN_RX0_IRQHandler
                0x0000000008000390                DMA1_Channel5_IRQHandler
                0x0000000008000390                EXTI4_IRQHandler
                0x0000000008000390                DMA1_Channel3_IRQHandler
                0x0000000008000390                FSMC_IRQHandler
                0x0000000008000390                TIM1_UP_IRQHandler
                0x0000000008000390                WWDG_IRQHandler
                0x0000000008000390                TIM2_IRQHandler
                0x0000000008000390                TIM1_BRK_IRQHandler
                0x0000000008000390                EXTI1_IRQHandler
                0x0000000008000390                RTCAlarm_IRQHandler
                0x0000000008000390                DMA2_Channel4_5_IRQHandler
                0x0000000008000390                USART2_IRQHandler
                0x0000000008000390                I2C2_ER_IRQHandler
                0x0000000008000390                DMA1_Channel2_IRQHandler
                0x0000000008000390                TIM8_BRK_IRQHandler
                0x0000000008000390                FLASH_IRQHandler
                0x0000000008000390                USART1_IRQHandler
                0x0000000008000390                SPI3_IRQHandler
                0x0000000008000390                I2C1_ER_IRQHandler
                0x0000000008000390                DMA2_Channel3_IRQHandler
 *fill*         0x0000000008000392        0x2 
 .text.__libc_init_array
                0x0000000008000394       0x48 d:/st/stm32cubeide_1.8.0/stm32cubeide/plugins/com.st.stm32cube.ide.mcu.externaltools.gnu-tools-for-stm32.10.3-2021.10.win32_1.0.200.202301161003/tools/bin/../lib/gcc/arm-none-eabi/10.3.1/../../../../arm-none-eabi/lib/thumb/v7-m/nofp\libc_nano.a(lib_a-init.o)
                0x0000000008000394                __libc_init_array
 *(.glue_7)
 .glue_7        0x00000000080003dc        0x0 linker stubs
 *(.glue_7t)
 .glue_7t       0x00000000080003dc        0x0 linker stubs
 *(.eh_frame)
 .eh_frame      0x00000000080003dc        0x0 d:/st/stm32cubeide_1.8.0/stm32cubeide/plugins/com.st.stm32cube.ide.mcu.externaltools.gnu-tools-for-stm32.10.3-2021.10.win32_1.0.200.202301161003/tools/bin/../lib/gcc/arm-none-eabi/10.3.1/thumb/v7-m/nofp/crtbegin.o
 *(.init)
 .init          0x00000000080003dc        0x4 d:/st/stm32cubeide_1.8.0/stm32cubeide/plugins/com.st.stm32cube.ide.mcu.externaltools.gnu-tools-for-stm32.10.3-2021.10.win32_1.0.200.202301161003/tools/bin/../lib/gcc/arm-none-eabi/10.3.1/thumb/v7-m/nofp/crti.o
                0x00000000080003dc                _init
 .init          0x00000000080003e0        0x8 d:/st/stm32cubeide_1.8.0/stm32cubeide/plugins/com.st.stm32cube.ide.mcu.externaltools.gnu-tools-for-stm32.10.3-2021.10.win32_1.0.200.202301161003/tools/bin/../lib/gcc/arm-none-eabi/10.3.1/thumb/v7-m/nofp/crtn.o
 *(.fini)
 .fini          0x00000000080003e8        0x4 d:/st/stm32cubeide_1.8.0/stm32cubeide/plugins/com.st.stm32cube.ide.mcu.externaltools.gnu-tools-for-stm32.10.3-2021.10.win32_1.0.200.202301161003/tools/bin/../lib/gcc/arm-none-eabi/10.3.1/thumb/v7-m/nofp/crti.o
                0x00000000080003e8                _fini
 .fini          0x00000000080003ec        0x8 d:/st/stm32cubeide_1.8.0/stm32cubeide/plugins/com.st.stm32cube.ide.mcu.externaltools.gnu-tools-for-stm32.10.3-2021.10.win32_1.0.200.202301161003/tools/bin/../lib/gcc/arm-none-eabi/10.3.1/thumb/v7-m/nofp/crtn.o
                0x00000000080003f4                . = ALIGN (0x4)
                0x00000000080003f4                _etext = .

.vfp11_veneer   0x00000000080003f4        0x0
 .vfp11_veneer  0x00000000080003f4        0x0 linker stubs

.v4_bx          0x00000000080003f4        0x0
 .v4_bx         0x00000000080003f4        0x0 linker stubs

.iplt           0x00000000080003f4        0x0
 .iplt          0x00000000080003f4        0x0 d:/st/stm32cubeide_1.8.0/stm32cubeide/plugins/com.st.stm32cube.ide.mcu.externaltools.gnu-tools-for-stm32.10.3-2021.10.win32_1.0.200.202301161003/tools/bin/../lib/gcc/arm-none-eabi/10.3.1/thumb/v7-m/nofp/crtbegin.o

.rel.dyn        0x00000000080003f4        0x0
 .rel.iplt      0x00000000080003f4        0x0 d:/st/stm32cubeide_1.8.0/stm32cubeide/plugins/com.st.stm32cube.ide.mcu.externaltools.gnu-tools-for-stm32.10.3-2021.10.win32_1.0.200.202301161003/tools/bin/../lib/gcc/arm-none-eabi/10.3.1/thumb/v7-m/nofp/crtbegin.o

.rodata         0x00000000080003f4        0x0
                0x00000000080003f4                . = ALIGN (0x4)
 *(.rodata)
 *(.rodata*)
                0x00000000080003f4                . = ALIGN (0x4)

.ARM.extab      0x00000000080003f4        0x0
                0x00000000080003f4                . = ALIGN (0x4)
 *(.ARM.extab* .gnu.linkonce.armextab.*)
                0x00000000080003f4                . = ALIGN (0x4)

.ARM            0x00000000080003f4        0x0
                0x00000000080003f4                . = ALIGN (0x4)
                0x00000000080003f4                __exidx_start = .
 *(.ARM.exidx*)
                0x00000000080003f4                __exidx_end = .
                0x00000000080003f4                . = ALIGN (0x4)

.preinit_array  0x00000000080003f4        0x0
                0x00000000080003f4                . = ALIGN (0x4)
                0x00000000080003f4                PROVIDE (__preinit_array_start = .)
 *(.preinit_array*)
                0x00000000080003f4                PROVIDE (__preinit_array_end = .)
                0x00000000080003f4                . = ALIGN (0x4)

.init_array     0x00000000080003f4        0x4
                0x00000000080003f4                . = ALIGN (0x4)
                0x00000000080003f4                PROVIDE (__init_array_start = .)
 *(SORT_BY_NAME(.init_array.*))
 *(.init_array*)
 .init_array    0x00000000080003f4        0x4 d:/st/stm32cubeide_1.8.0/stm32cubeide/plugins/com.st.stm32cube.ide.mcu.externaltools.gnu-tools-for-stm32.10.3-2021.10.win32_1.0.200.202301161003/tools/bin/../lib/gcc/arm-none-eabi/10.3.1/thumb/v7-m/nofp/crtbegin.o
                0x00000000080003f8                PROVIDE (__init_array_end = .)
                0x00000000080003f8                . = ALIGN (0x4)

.fini_array     0x00000000080003f8        0x4
                0x00000000080003f8                . = ALIGN (0x4)
                [!provide]                        PROVIDE (__fini_array_start = .)
 *(SORT_BY_NAME(.fini_array.*))
 *(.fini_array*)
 .fini_array    0x00000000080003f8        0x4 d:/st/stm32cubeide_1.8.0/stm32cubeide/plugins/com.st.stm32cube.ide.mcu.externaltools.gnu-tools-for-stm32.10.3-2021.10.win32_1.0.200.202301161003/tools/bin/../lib/gcc/arm-none-eabi/10.3.1/thumb/v7-m/nofp/crtbegin.o
                [!provide]                        PROVIDE (__fini_array_end = .)
                0x00000000080003fc                . = ALIGN (0x4)
                0x00000000080003fc                _sidata = LOADADDR (.data)

.data           0x0000000020000000        0x0 load address 0x00000000080003fc
                0x0000000020000000                . = ALIGN (0x4)
                0x0000000020000000                _sdata = .
 *(.data)
 *(.data*)
 *(.RamFunc)
 *(.RamFunc*)
                0x0000000020000000                . = ALIGN (0x4)
                0x0000000020000000                _edata = .

.igot.plt       0x0000000020000000        0x0 load address 0x00000000080003fc
 .igot.plt      0x0000000020000000        0x0 d:/st/stm32cubeide_1.8.0/stm32cubeide/plugins/com.st.stm32cube.ide.mcu.externaltools.gnu-tools-for-stm32.10.3-2021.10.win32_1.0.200.202301161003/tools/bin/../lib/gcc/arm-none-eabi/10.3.1/thumb/v7-m/nofp/crtbegin.o
                0x0000000020000000                . = ALIGN (0x4)

.bss            0x0000000020000000       0x1c load address 0x00000000080003fc
                0x0000000020000000                _sbss = .
                0x0000000020000000                __bss_start__ = _sbss
 *(.bss)
 .bss           0x0000000020000000       0x1c d:/st/stm32cubeide_1.8.0/stm32cubeide/plugins/com.st.stm32cube.ide.mcu.externaltools.gnu-tools-for-stm32.10.3-2021.10.win32_1.0.200.202301161003/tools/bin/../lib/gcc/arm-none-eabi/10.3.1/thumb/v7-m/nofp/crtbegin.o
 *(.bss*)
 *(COMMON)
                0x000000002000001c                . = ALIGN (0x4)
                0x000000002000001c                _ebss = .
                0x000000002000001c                __bss_end__ = _ebss

._user_heap_stack
                0x000000002000001c      0x604 load address 0x00000000080003fc
                0x0000000020000020                . = ALIGN (0x8)
 *fill*         0x000000002000001c        0x4 
                [!provide]                        PROVIDE (end = .)
                0x0000000020000020                PROVIDE (_end = .)
                0x0000000020000220                . = (. + _Min_Heap_Size)
 *fill*         0x0000000020000020      0x200 
                0x0000000020000620                . = (. + _Min_Stack_Size)
 *fill*         0x0000000020000220      0x400 
                0x0000000020000620                . = ALIGN (0x8)

/DISCARD/
 libc.a(*)
 libm.a(*)
 libgcc.a(*)

.ARM.attributes
                0x0000000000000000       0x29
 *(.ARM.attributes)
 .ARM.attributes
                0x0000000000000000       0x1d d:/st/stm32cubeide_1.8.0/stm32cubeide/plugins/com.st.stm32cube.ide.mcu.externaltools.gnu-tools-for-stm32.10.3-2021.10.win32_1.0.200.202301161003/tools/bin/../lib/gcc/arm-none-eabi/10.3.1/thumb/v7-m/nofp/crti.o
 .ARM.attributes
                0x000000000000001d       0x2d d:/st/stm32cubeide_1.8.0/stm32cubeide/plugins/com.st.stm32cube.ide.mcu.externaltools.gnu-tools-for-stm32.10.3-2021.10.win32_1.0.200.202301161003/tools/bin/../lib/gcc/arm-none-eabi/10.3.1/thumb/v7-m/nofp/crtbegin.o
 .ARM.attributes
                0x000000000000004a       0x2d ./Libraries/CMSIS/CM3/DeviceSupport/ST/STM32F10x/system_stm32f10x.o
 .ARM.attributes
                0x0000000000000077       0x2d ./Src/main.o
 .ARM.attributes
                0x00000000000000a4       0x2d ./Src/stm32f10x_it.o
 .ARM.attributes
                0x00000000000000d1       0x21 ./Startup/startup_stm32f103zetx.o
 .ARM.attributes
                0x00000000000000f2       0x2d d:/st/stm32cubeide_1.8.0/stm32cubeide/plugins/com.st.stm32cube.ide.mcu.externaltools.gnu-tools-for-stm32.10.3-2021.10.win32_1.0.200.202301161003/tools/bin/../lib/gcc/arm-none-eabi/10.3.1/../../../../arm-none-eabi/lib/thumb/v7-m/nofp\libc_nano.a(lib_a-init.o)
 .ARM.attributes
                0x000000000000011f       0x1d d:/st/stm32cubeide_1.8.0/stm32cubeide/plugins/com.st.stm32cube.ide.mcu.externaltools.gnu-tools-for-stm32.10.3-2021.10.win32_1.0.200.202301161003/tools/bin/../lib/gcc/arm-none-eabi/10.3.1/thumb/v7-m/nofp/crtn.o
OUTPUT(SPL_Test.elf elf32-littlearm)
LOAD linker stubs
LOAD d:/st/stm32cubeide_1.8.0/stm32cubeide/plugins/com.st.stm32cube.ide.mcu.externaltools.gnu-tools-for-stm32.10.3-2021.10.win32_1.0.200.202301161003/tools/bin/../lib/gcc/arm-none-eabi/10.3.1/../../../../arm-none-eabi/lib/thumb/v7-m/nofp\libc.a
LOAD d:/st/stm32cubeide_1.8.0/stm32cubeide/plugins/com.st.stm32cube.ide.mcu.externaltools.gnu-tools-for-stm32.10.3-2021.10.win32_1.0.200.202301161003/tools/bin/../lib/gcc/arm-none-eabi/10.3.1/../../../../arm-none-eabi/lib/thumb/v7-m/nofp\libm.a
LOAD d:/st/stm32cubeide_1.8.0/stm32cubeide/plugins/com.st.stm32cube.ide.mcu.externaltools.gnu-tools-for-stm32.10.3-2021.10.win32_1.0.200.202301161003/tools/bin/../lib/gcc/arm-none-eabi/10.3.1/thumb/v7-m/nofp\libgcc.a

.debug_info     0x0000000000000000      0x633
 .debug_info    0x0000000000000000      0x479 ./Libraries/CMSIS/CM3/DeviceSupport/ST/STM32F10x/system_stm32f10x.o
 .debug_info    0x0000000000000479       0x86 ./Src/main.o
 .debug_info    0x00000000000004ff      0x112 ./Src/stm32f10x_it.o
 .debug_info    0x0000000000000611       0x22 ./Startup/startup_stm32f103zetx.o

.debug_abbrev   0x0000000000000000      0x253
 .debug_abbrev  0x0000000000000000      0x1b1 ./Libraries/CMSIS/CM3/DeviceSupport/ST/STM32F10x/system_stm32f10x.o
 .debug_abbrev  0x00000000000001b1       0x49 ./Src/main.o
 .debug_abbrev  0x00000000000001fa       0x47 ./Src/stm32f10x_it.o
 .debug_abbrev  0x0000000000000241       0x12 ./Startup/startup_stm32f103zetx.o

.debug_aranges  0x0000000000000000       0xe0
 .debug_aranges
                0x0000000000000000       0x38 ./Libraries/CMSIS/CM3/DeviceSupport/ST/STM32F10x/system_stm32f10x.o
 .debug_aranges
                0x0000000000000038       0x20 ./Src/main.o
 .debug_aranges
                0x0000000000000058       0x60 ./Src/stm32f10x_it.o
 .debug_aranges
                0x00000000000000b8       0x28 ./Startup/startup_stm32f103zetx.o

.debug_ranges   0x0000000000000000       0xa8
 .debug_ranges  0x0000000000000000       0x28 ./Libraries/CMSIS/CM3/DeviceSupport/ST/STM32F10x/system_stm32f10x.o
 .debug_ranges  0x0000000000000028       0x10 ./Src/main.o
 .debug_ranges  0x0000000000000038       0x50 ./Src/stm32f10x_it.o
 .debug_ranges  0x0000000000000088       0x20 ./Startup/startup_stm32f103zetx.o

.debug_macro    0x0000000000000000     0x883f
 .debug_macro   0x0000000000000000       0x97 ./Libraries/CMSIS/CM3/DeviceSupport/ST/STM32F10x/system_stm32f10x.o
 .debug_macro   0x0000000000000097       0x5c ./Libraries/CMSIS/CM3/DeviceSupport/ST/STM32F10x/system_stm32f10x.o
 .debug_macro   0x00000000000000f3       0x22 ./Libraries/CMSIS/CM3/DeviceSupport/ST/STM32F10x/system_stm32f10x.o
 .debug_macro   0x0000000000000115      0x69f ./Libraries/CMSIS/CM3/DeviceSupport/ST/STM32F10x/system_stm32f10x.o
 .debug_macro   0x00000000000007b4     0x7f93 ./Libraries/CMSIS/CM3/DeviceSupport/ST/STM32F10x/system_stm32f10x.o
 .debug_macro   0x0000000000008747       0x63 ./Src/main.o
 .debug_macro   0x00000000000087aa       0x95 ./Src/stm32f10x_it.o

.debug_line     0x0000000000000000      0xe48
 .debug_line    0x0000000000000000      0x57d ./Libraries/CMSIS/CM3/DeviceSupport/ST/STM32F10x/system_stm32f10x.o
 .debug_line    0x000000000000057d      0x37e ./Src/main.o
 .debug_line    0x00000000000008fb      0x4c9 ./Src/stm32f10x_it.o
 .debug_line    0x0000000000000dc4       0x84 ./Startup/startup_stm32f103zetx.o

.debug_str      0x0000000000000000    0x32908
 .debug_str     0x0000000000000000    0x3280c ./Libraries/CMSIS/CM3/DeviceSupport/ST/STM32F10x/system_stm32f10x.o
                                      0x32986 (size before relaxing)
 .debug_str     0x000000000003280c       0x13 ./Src/main.o
                                       0x3bd3 (size before relaxing)
 .debug_str     0x000000000003281f       0xb8 ./Src/stm32f10x_it.o
                                      0x3284e (size before relaxing)
 .debug_str     0x00000000000328d7       0x31 ./Startup/startup_stm32f103zetx.o
                                         0x54 (size before relaxing)

.comment        0x0000000000000000       0x50
 .comment       0x0000000000000000       0x50 ./Libraries/CMSIS/CM3/DeviceSupport/ST/STM32F10x/system_stm32f10x.o
                                         0x51 (size before relaxing)
 .comment       0x0000000000000050       0x51 ./Src/main.o
 .comment       0x0000000000000050       0x51 ./Src/stm32f10x_it.o

.debug_frame    0x0000000000000000      0x1fc
 .debug_frame   0x0000000000000000       0x98 ./Libraries/CMSIS/CM3/DeviceSupport/ST/STM32F10x/system_stm32f10x.o
 .debug_frame   0x0000000000000098       0x28 ./Src/main.o
 .debug_frame   0x00000000000000c0      0x110 ./Src/stm32f10x_it.o
 .debug_frame   0x00000000000001d0       0x2c d:/st/stm32cubeide_1.8.0/stm32cubeide/plugins/com.st.stm32cube.ide.mcu.externaltools.gnu-tools-for-stm32.10.3-2021.10.win32_1.0.200.202301161003/tools/bin/../lib/gcc/arm-none-eabi/10.3.1/../../../../arm-none-eabi/lib/thumb/v7-m/nofp\libc_nano.a(lib_a-init.o)
