Archive member included to satisfy reference by file (symbol)

d:/st/stm32cubeide_1.8.0/stm32cubeide/plugins/com.st.stm32cube.ide.mcu.externaltools.gnu-tools-for-stm32.10.3-2021.10.win32_1.0.200.202301161003/tools/bin/../lib/gcc/arm-none-eabi/10.3.1/../../../../arm-none-eabi/lib/thumb/v7-m/nofp\libc_nano.a(lib_a-errno.o)
                              ./Src/syscalls.o (__errno)
d:/st/stm32cubeide_1.8.0/stm32cubeide/plugins/com.st.stm32cube.ide.mcu.externaltools.gnu-tools-for-stm32.10.3-2021.10.win32_1.0.200.202301161003/tools/bin/../lib/gcc/arm-none-eabi/10.3.1/../../../../arm-none-eabi/lib/thumb/v7-m/nofp\libc_nano.a(lib_a-exit.o)
                              d:/st/stm32cubeide_1.8.0/stm32cubeide/plugins/com.st.stm32cube.ide.mcu.externaltools.gnu-tools-for-stm32.10.3-2021.10.win32_1.0.200.202301161003/tools/bin/../lib/gcc/arm-none-eabi/10.3.1/../../../../arm-none-eabi/lib/thumb/v7-m/nofp/crt0.o (exit)
d:/st/stm32cubeide_1.8.0/stm32cubeide/plugins/com.st.stm32cube.ide.mcu.externaltools.gnu-tools-for-stm32.10.3-2021.10.win32_1.0.200.202301161003/tools/bin/../lib/gcc/arm-none-eabi/10.3.1/../../../../arm-none-eabi/lib/thumb/v7-m/nofp\libc_nano.a(lib_a-impure.o)
                              d:/st/stm32cubeide_1.8.0/stm32cubeide/plugins/com.st.stm32cube.ide.mcu.externaltools.gnu-tools-for-stm32.10.3-2021.10.win32_1.0.200.202301161003/tools/bin/../lib/gcc/arm-none-eabi/10.3.1/../../../../arm-none-eabi/lib/thumb/v7-m/nofp\libc_nano.a(lib_a-exit.o) (_global_impure_ptr)
d:/st/stm32cubeide_1.8.0/stm32cubeide/plugins/com.st.stm32cube.ide.mcu.externaltools.gnu-tools-for-stm32.10.3-2021.10.win32_1.0.200.202301161003/tools/bin/../lib/gcc/arm-none-eabi/10.3.1/../../../../arm-none-eabi/lib/thumb/v7-m/nofp\libc_nano.a(lib_a-init.o)
                              d:/st/stm32cubeide_1.8.0/stm32cubeide/plugins/com.st.stm32cube.ide.mcu.externaltools.gnu-tools-for-stm32.10.3-2021.10.win32_1.0.200.202301161003/tools/bin/../lib/gcc/arm-none-eabi/10.3.1/../../../../arm-none-eabi/lib/thumb/v7-m/nofp/crt0.o (__libc_init_array)
d:/st/stm32cubeide_1.8.0/stm32cubeide/plugins/com.st.stm32cube.ide.mcu.externaltools.gnu-tools-for-stm32.10.3-2021.10.win32_1.0.200.202301161003/tools/bin/../lib/gcc/arm-none-eabi/10.3.1/../../../../arm-none-eabi/lib/thumb/v7-m/nofp\libc_nano.a(lib_a-memset.o)
                              d:/st/stm32cubeide_1.8.0/stm32cubeide/plugins/com.st.stm32cube.ide.mcu.externaltools.gnu-tools-for-stm32.10.3-2021.10.win32_1.0.200.202301161003/tools/bin/../lib/gcc/arm-none-eabi/10.3.1/../../../../arm-none-eabi/lib/thumb/v7-m/nofp/crt0.o (memset)

Discarded input sections

 .text          0x0000000000000000        0x0 d:/st/stm32cubeide_1.8.0/stm32cubeide/plugins/com.st.stm32cube.ide.mcu.externaltools.gnu-tools-for-stm32.10.3-2021.10.win32_1.0.200.202301161003/tools/bin/../lib/gcc/arm-none-eabi/10.3.1/thumb/v7-m/nofp/crti.o
 .data          0x0000000000000000        0x0 d:/st/stm32cubeide_1.8.0/stm32cubeide/plugins/com.st.stm32cube.ide.mcu.externaltools.gnu-tools-for-stm32.10.3-2021.10.win32_1.0.200.202301161003/tools/bin/../lib/gcc/arm-none-eabi/10.3.1/thumb/v7-m/nofp/crti.o
 .bss           0x0000000000000000        0x0 d:/st/stm32cubeide_1.8.0/stm32cubeide/plugins/com.st.stm32cube.ide.mcu.externaltools.gnu-tools-for-stm32.10.3-2021.10.win32_1.0.200.202301161003/tools/bin/../lib/gcc/arm-none-eabi/10.3.1/thumb/v7-m/nofp/crti.o
 .data          0x0000000000000000        0x4 d:/st/stm32cubeide_1.8.0/stm32cubeide/plugins/com.st.stm32cube.ide.mcu.externaltools.gnu-tools-for-stm32.10.3-2021.10.win32_1.0.200.202301161003/tools/bin/../lib/gcc/arm-none-eabi/10.3.1/thumb/v7-m/nofp/crtbegin.o
 .rodata        0x0000000000000000       0x24 d:/st/stm32cubeide_1.8.0/stm32cubeide/plugins/com.st.stm32cube.ide.mcu.externaltools.gnu-tools-for-stm32.10.3-2021.10.win32_1.0.200.202301161003/tools/bin/../lib/gcc/arm-none-eabi/10.3.1/thumb/v7-m/nofp/crtbegin.o
 .text          0x0000000000000000       0x7c d:/st/stm32cubeide_1.8.0/stm32cubeide/plugins/com.st.stm32cube.ide.mcu.externaltools.gnu-tools-for-stm32.10.3-2021.10.win32_1.0.200.202301161003/tools/bin/../lib/gcc/arm-none-eabi/10.3.1/../../../../arm-none-eabi/lib/thumb/v7-m/nofp/crt0.o
 .data          0x0000000000000000        0x0 d:/st/stm32cubeide_1.8.0/stm32cubeide/plugins/com.st.stm32cube.ide.mcu.externaltools.gnu-tools-for-stm32.10.3-2021.10.win32_1.0.200.202301161003/tools/bin/../lib/gcc/arm-none-eabi/10.3.1/../../../../arm-none-eabi/lib/thumb/v7-m/nofp/crt0.o
 .bss           0x0000000000000000        0x0 d:/st/stm32cubeide_1.8.0/stm32cubeide/plugins/com.st.stm32cube.ide.mcu.externaltools.gnu-tools-for-stm32.10.3-2021.10.win32_1.0.200.202301161003/tools/bin/../lib/gcc/arm-none-eabi/10.3.1/../../../../arm-none-eabi/lib/thumb/v7-m/nofp/crt0.o
[...]
Memory Configuration

Name             Origin             Length             Attributes
RAM              0x0000000020000000 0x0000000000010000 xrw
FLASH            0x0000000008000000 0x0000000000080000 xr
*default*        0x0000000000000000 0xffffffffffffffff

Linker script and memory map

LOAD d:/st/stm32cubeide_1.8.0/stm32cubeide/plugins/com.st.stm32cube.ide.mcu.externaltools.gnu-tools-for-stm32.10.3-2021.10.win32_1.0.200.202301161003/tools/bin/../lib/gcc/arm-none-eabi/10.3.1/thumb/v7-m/nofp/crti.o
LOAD d:/st/stm32cubeide_1.8.0/stm32cubeide/plugins/com.st.stm32cube.ide.mcu.externaltools.gnu-tools-for-stm32.10.3-2021.10.win32_1.0.200.202301161003/tools/bin/../lib/gcc/arm-none-eabi/10.3.1/thumb/v7-m/nofp/crtbegin.o
LOAD d:/st/stm32cubeide_1.8.0/stm32cubeide/plugins/com.st.stm32cube.ide.mcu.externaltools.gnu-tools-for-stm32.10.3-2021.10.win32_1.0.200.202301161003/tools/bin/../lib/gcc/arm-none-eabi/10.3.1/../../../../arm-none-eabi/lib/thumb/v7-m/nofp/crt0.o
LOAD ./BSP/bsp_adc.o
LOAD ./BSP/bsp_board.o
LOAD ./BSP/bsp_can.o
LOAD ./BSP/bsp_dac.o
LOAD ./BSP/bsp_gpio.o
LOAD ./BSP/bsp_i2c.o
LOAD ./BSP/bsp_id.o
LOAD ./BSP/bsp_nvic.o
LOAD ./BSP/bsp_rcc.o
LOAD ./BSP/bsp_spi.o
LOAD ./BSP/bsp_tim.o
LOAD ./BSP/bsp_usart.o
LOAD ./BSP/delay.o
LOAD ./BSP/sys.o
LOAD ./Libraries/CMSIS/CM3/CoreSupport/core_cm3.o
LOAD ./Libraries/CMSIS/CM3/DeviceSupport/ST/STM32F10x/system_stm32f10x.o
LOAD ./Libraries/STM32F10x_StdPeriph_Driver/src/misc.o
LOAD ./Libraries/STM32F10x_StdPeriph_Driver/src/stm32f10x_adc.o
LOAD ./Libraries/STM32F10x_StdPeriph_Driver/src/stm32f10x_bkp.o
LOAD ./Libraries/STM32F10x_StdPeriph_Driver/src/stm32f10x_can.o
LOAD ./Libraries/STM32F10x_StdPeriph_Driver/src/stm32f10x_cec.o
LOAD ./Libraries/STM32F10x_StdPeriph_Driver/src/stm32f10x_crc.o
LOAD ./Libraries/STM32F10x_StdPeriph_Driver/src/stm32f10x_dac.o
LOAD ./Libraries/STM32F10x_StdPeriph_Driver/src/stm32f10x_dbgmcu.o
LOAD ./Libraries/STM32F10x_StdPeriph_Driver/src/stm32f10x_dma.o
LOAD ./Libraries/STM32F10x_StdPeriph_Driver/src/stm32f10x_exti.o
LOAD ./Libraries/STM32F10x_StdPeriph_Driver/src/stm32f10x_flash.o
LOAD ./Libraries/STM32F10x_StdPeriph_Driver/src/stm32f10x_fsmc.o
LOAD ./Libraries/STM32F10x_StdPeriph_Driver/src/stm32f10x_gpio.o
LOAD ./Libraries/STM32F10x_StdPeriph_Driver/src/stm32f10x_i2c.o
LOAD ./Libraries/STM32F10x_StdPeriph_Driver/src/stm32f10x_iwdg.o
LOAD ./Libraries/STM32F10x_StdPeriph_Driver/src/stm32f10x_pwr.o
LOAD ./Libraries/STM32F10x_StdPeriph_Driver/src/stm32f10x_rcc.o
LOAD ./Libraries/STM32F10x_StdPeriph_Driver/src/stm32f10x_rtc.o
LOAD ./Libraries/STM32F10x_StdPeriph_Driver/src/stm32f10x_sdio.o
LOAD ./Libraries/STM32F10x_StdPeriph_Driver/src/stm32f10x_spi.o
LOAD ./Libraries/STM32F10x_StdPeriph_Driver/src/stm32f10x_tim.o
LOAD ./Libraries/STM32F10x_StdPeriph_Driver/src/stm32f10x_usart.o
LOAD ./Libraries/STM32F10x_StdPeriph_Driver/src/stm32f10x_wwdg.o
LOAD ./Src/main.o
LOAD ./Src/stm32f10x_it.o
LOAD ./Src/syscalls.o
LOAD ./Src/sysmem.o
LOAD ./Startup/startup_stm32f103zetx.o
START GROUP
LOAD d:/st/stm32cubeide_1.8.0/stm32cubeide/plugins/com.st.stm32cube.ide.mcu.externaltools.gnu-tools-for-stm32.10.3-2021.10.win32_1.0.200.202301161003/tools/bin/../lib/gcc/arm-none-eabi/10.3.1/../../../../arm-none-eabi/lib/thumb/v7-m/nofp\libc_nano.a
LOAD d:/st/stm32cubeide_1.8.0/stm32cubeide/plugins/com.st.stm32cube.ide.mcu.externaltools.gnu-tools-for-stm32.10.3-2021.10.win32_1.0.200.202301161003/tools/bin/../lib/gcc/arm-none-eabi/10.3.1/../../../../arm-none-eabi/lib/thumb/v7-m/nofp\libm.a
END GROUP
START GROUP
LOAD d:/st/stm32cubeide_1.8.0/stm32cubeide/plugins/com.st.stm32cube.ide.mcu.externaltools.gnu-tools-for-stm32.10.3-2021.10.win32_1.0.200.202301161003/tools/bin/../lib/gcc/arm-none-eabi/10.3.1/thumb/v7-m/nofp\libgcc.a
LOAD d:/st/stm32cubeide_1.8.0/stm32cubeide/plugins/com.st.stm32cube.ide.mcu.externaltools.gnu-tools-for-stm32.10.3-2021.10.win32_1.0.200.202301161003/tools/bin/../lib/gcc/arm-none-eabi/10.3.1/../../../../arm-none-eabi/lib/thumb/v7-m/nofp\libc_nano.a
END GROUP
START GROUP
LOAD d:/st/stm32cubeide_1.8.0/stm32cubeide/plugins/com.st.stm32cube.ide.mcu.externaltools.gnu-tools-for-stm32.10.3-2021.10.win32_1.0.200.202301161003/tools/bin/../lib/gcc/arm-none-eabi/10.3.1/thumb/v7-m/nofp\libgcc.a
LOAD d:/st/stm32cubeide_1.8.0/stm32cubeide/plugins/com.st.stm32cube.ide.mcu.externaltools.gnu-tools-for-stm32.10.3-2021.10.win32_1.0.200.202301161003/tools/bin/../lib/gcc/arm-none-eabi/10.3.1/../../../../arm-none-eabi/lib/thumb/v7-m/nofp\libc_nano.a
LOAD d:/st/stm32cubeide_1.8.0/stm32cubeide/plugins/com.st.stm32cube.ide.mcu.externaltools.gnu-tools-for-stm32.10.3-2021.10.win32_1.0.200.202301161003/tools/bin/../lib/gcc/arm-none-eabi/10.3.1/../../../../arm-none-eabi/lib/thumb/v7-m/nofp\libnosys.a
END GROUP
START GROUP
LOAD d:/st/stm32cubeide_1.8.0/stm32cubeide/plugins/com.st.stm32cube.ide.mcu.externaltools.gnu-tools-for-stm32.10.3-2021.10.win32_1.0.200.202301161003/tools/bin/../lib/gcc/arm-none-eabi/10.3.1/thumb/v7-m/nofp\libgcc.a
LOAD d:/st/stm32cubeide_1.8.0/stm32cubeide/plugins/com.st.stm32cube.ide.mcu.externaltools.gnu-tools-for-stm32.10.3-2021.10.win32_1.0.200.202301161003/tools/bin/../lib/gcc/arm-none-eabi/10.3.1/../../../../arm-none-eabi/lib/thumb/v7-m/nofp\libc_nano.a
LOAD d:/st/stm32cubeide_1.8.0/stm32cubeide/plugins/com.st.stm32cube.ide.mcu.externaltools.gnu-tools-for-stm32.10.3-2021.10.win32_1.0.200.202301161003/tools/bin/../lib/gcc/arm-none-eabi/10.3.1/../../../../arm-none-eabi/lib/thumb/v7-m/nofp\libnosys.a
END GROUP
LOAD d:/st/stm32cubeide_1.8.0/stm32cubeide/plugins/com.st.stm32cube.ide.mcu.externaltools.gnu-tools-for-stm32.10.3-2021.10.win32_1.0.200.202301161003/tools/bin/../lib/gcc/arm-none-eabi/10.3.1/thumb/v7-m/nofp/crtend.o
LOAD d:/st/stm32cubeide_1.8.0/stm32cubeide/plugins/com.st.stm32cube.ide.mcu.externaltools.gnu-tools-for-stm32.10.3-2021.10.win32_1.0.200.202301161003/tools/bin/../lib/gcc/arm-none-eabi/10.3.1/thumb/v7-m/nofp/crtn.o
                0x0000000020010000                _estack = (ORIGIN (RAM) + LENGTH (RAM))
                0x0000000000000200                _Min_Heap_Size = 0x200
                0x0000000000000400                _Min_Stack_Size = 0x400

.isr_vector     0x0000000008000000      0x130
                0x0000000008000000                . = ALIGN (0x4)
 *(.isr_vector)
 .isr_vector    0x0000000008000000      0x130 ./Startup/startup_stm32f103zetx.o
                0x0000000008000000                g_pfnVectors
                0x0000000008000130                . = ALIGN (0x4)

.text           0x0000000008000130     0x1834
                0x0000000008000130                . = ALIGN (0x4)
 *(.text)
 .text          0x0000000008000130       0x40 d:/st/stm32cubeide_1.8.0/stm32cubeide/plugins/com.st.stm32cube.ide.mcu.externaltools.gnu-tools-for-stm32.10.3-2021.10.win32_1.0.200.202301161003/tools/bin/../lib/gcc/arm-none-eabi/10.3.1/thumb/v7-m/nofp/crtbegin.o
 *(.text*)
 .text.USB_LP_CAN_RX0_IRQHandler
                0x0000000008000170       0x20 ./BSP/bsp_can.o
                0x0000000008000170                USB_LP_CAN_RX0_IRQHandler
 .text.BSP_RCC_Init
                0x0000000008000190       0x24 ./BSP/bsp_rcc.o
                0x0000000008000190                BSP_RCC_Init
 .text.BSP_RCC_Periph_Clock_Init
                0x00000000080001b4       0x5c ./BSP/bsp_rcc.o
                0x00000000080001b4                BSP_RCC_Periph_Clock_Init
 .text.TIM4_IRQHandler
                0x0000000008000210       0x6c ./BSP/bsp_tim.o
                0x0000000008000210                TIM4_IRQHandler
 .text.TIM5_IRQHandler
                0x000000000800027c       0x78 ./BSP/bsp_tim.o
                0x000000000800027c                TIM5_IRQHandler
 .text.BSP_USART_Init
                0x00000000080002f4       0x2c ./BSP/bsp_usart.o
                0x00000000080002f4                BSP_USART_Init
 .text.BSP_USART_SetMode
                0x0000000008000320       0xe8 ./BSP/bsp_usart.o
                0x0000000008000320                BSP_USART_SetMode
 .text.BSP_USART_SendData
                0x0000000008000408       0x64 ./BSP/bsp_usart.o
                0x0000000008000408                BSP_USART_SendData
 .text.BSP_USART_IOCfg
                0x000000000800046c       0xc0 ./BSP/bsp_usart.o
                0x000000000800046c                BSP_USART_IOCfg
 .text.BSP_USART_IORemap
                0x000000000800052c       0x5c ./BSP/bsp_usart.o
                0x000000000800052c                BSP_USART_IORemap
 .text.BSP_USART_ClockEn
                0x0000000008000588       0x5c ./BSP/bsp_usart.o
                0x0000000008000588                BSP_USART_ClockEn
 .text.BSP_USART_SetIrq
                0x00000000080005e4       0xbc ./BSP/bsp_usart.o
                0x00000000080005e4                BSP_USART_SetIrq
 .text.USART1_IrqRxCallBack
                0x00000000080006a0       0x14 ./BSP/bsp_usart.o
                0x00000000080006a0                USART1_IrqRxCallBack
 .text.USART1_IRQHandler
                0x00000000080006b4       0x64 ./BSP/bsp_usart.o
                0x00000000080006b4                USART1_IRQHandler
 .text.USART2_IrqCallBack
                0x0000000008000718       0x14 ./BSP/bsp_usart.o
                0x0000000008000718                USART2_IrqCallBack
 .text.USART2_IRQHandler
                0x000000000800072c       0x48 ./BSP/bsp_usart.o
                0x000000000800072c                USART2_IRQHandler
 .text.USART3_IrqCallBack
                0x0000000008000774       0x14 ./BSP/bsp_usart.o
                0x0000000008000774                USART3_IrqCallBack
 .text.USART3_IRQHandler
                0x0000000008000788       0x48 ./BSP/bsp_usart.o
                0x0000000008000788                USART3_IRQHandler
 .text.UART4_IrqRxCallBack
                0x00000000080007d0       0x14 ./BSP/bsp_usart.o
                0x00000000080007d0                UART4_IrqRxCallBack
 .text.UART4_IRQHandler
                0x00000000080007e4       0x64 ./BSP/bsp_usart.o
                0x00000000080007e4                UART4_IRQHandler
 .text.UART5_IrqRxCallBack
                0x0000000008000848       0x14 ./BSP/bsp_usart.o
                0x0000000008000848                UART5_IrqRxCallBack
 .text.UART5_IRQHandler
                0x000000000800085c       0x64 ./BSP/bsp_usart.o
                0x000000000800085c                UART5_IRQHandler
 .text.delay_init
                0x00000000080008c0       0x44 ./BSP/delay.o
                0x00000000080008c0                delay_init
 .text.delay_xms
                0x0000000008000904       0x6c ./BSP/delay.o
                0x0000000008000904                delay_xms
 .text.delay_ms
                0x0000000008000970       0x60 ./BSP/delay.o
                0x0000000008000970                delay_ms
 .text.sys_SWJ_REMAP_Config
                0x00000000080009d0       0x5c ./BSP/sys.o
                0x00000000080009d0                sys_SWJ_REMAP_Config
 .text.SystemInit
                0x0000000008000a2c       0x68 ./Libraries/CMSIS/CM3/DeviceSupport/ST/STM32F10x/system_stm32f10x.o
                0x0000000008000a2c                SystemInit
 .text.SystemCoreClockUpdate
                0x0000000008000a94       0xe4 ./Libraries/CMSIS/CM3/DeviceSupport/ST/STM32F10x/system_stm32f10x.o
                0x0000000008000a94                SystemCoreClockUpdate
 .text.SetSysClock
                0x0000000008000b78        0xc ./Libraries/CMSIS/CM3/DeviceSupport/ST/STM32F10x/system_stm32f10x.o
 .text.SetSysClockTo72
                0x0000000008000b84      0x100 ./Libraries/CMSIS/CM3/DeviceSupport/ST/STM32F10x/system_stm32f10x.o
 .text.NVIC_PriorityGroupConfig
                0x0000000008000c84       0x24 ./Libraries/STM32F10x_StdPeriph_Driver/src/misc.o
                0x0000000008000c84                NVIC_PriorityGroupConfig
 .text.NVIC_Init
                0x0000000008000ca8       0xc4 ./Libraries/STM32F10x_StdPeriph_Driver/src/misc.o
                0x0000000008000ca8                NVIC_Init
 .text.SysTick_CLKSourceConfig
                0x0000000008000d6c       0x38 ./Libraries/STM32F10x_StdPeriph_Driver/src/misc.o
                0x0000000008000d6c                SysTick_CLKSourceConfig
 .text.CAN_Receive
                0x0000000008000da4      0x17a ./Libraries/STM32F10x_StdPeriph_Driver/src/stm32f10x_can.o
                0x0000000008000da4                CAN_Receive
 .text.GPIO_Init
                0x0000000008000f1e      0x178 ./Libraries/STM32F10x_StdPeriph_Driver/src/stm32f10x_gpio.o
                0x0000000008000f1e                GPIO_Init
 .text.GPIO_ReadOutputDataBit
                0x0000000008001096       0x32 ./Libraries/STM32F10x_StdPeriph_Driver/src/stm32f10x_gpio.o
                0x0000000008001096                GPIO_ReadOutputDataBit
 .text.GPIO_WriteBit
                0x00000000080010c8       0x2e ./Libraries/STM32F10x_StdPeriph_Driver/src/stm32f10x_gpio.o
                0x00000000080010c8                GPIO_WriteBit
 *fill*         0x00000000080010f6        0x2 
 .text.GPIO_PinRemapConfig
                0x00000000080010f8       0xe0 ./Libraries/STM32F10x_StdPeriph_Driver/src/stm32f10x_gpio.o
                0x00000000080010f8                GPIO_PinRemapConfig
 .text.RCC_USBCLKConfig
                0x00000000080011d8       0x1c ./Libraries/STM32F10x_StdPeriph_Driver/src/stm32f10x_rcc.o
                0x00000000080011d8                RCC_USBCLKConfig
 .text.RCC_ADCCLKConfig
                0x00000000080011f4       0x38 ./Libraries/STM32F10x_StdPeriph_Driver/src/stm32f10x_rcc.o
                0x00000000080011f4                RCC_ADCCLKConfig
 .text.RCC_LSEConfig
                0x000000000800122c       0x40 ./Libraries/STM32F10x_StdPeriph_Driver/src/stm32f10x_rcc.o
                0x000000000800122c                RCC_LSEConfig
 .text.RCC_RTCCLKConfig
                0x000000000800126c       0x24 ./Libraries/STM32F10x_StdPeriph_Driver/src/stm32f10x_rcc.o
                0x000000000800126c                RCC_RTCCLKConfig
 .text.RCC_RTCCLKCmd
                0x0000000008001290       0x20 ./Libraries/STM32F10x_StdPeriph_Driver/src/stm32f10x_rcc.o
                0x0000000008001290                RCC_RTCCLKCmd
 .text.RCC_GetClocksFreq
                0x00000000080012b0      0x16c ./Libraries/STM32F10x_StdPeriph_Driver/src/stm32f10x_rcc.o
                0x00000000080012b0                RCC_GetClocksFreq
 .text.RCC_AHBPeriphClockCmd
                0x000000000800141c       0x3c ./Libraries/STM32F10x_StdPeriph_Driver/src/stm32f10x_rcc.o
                0x000000000800141c                RCC_AHBPeriphClockCmd
 .text.RCC_APB2PeriphClockCmd
                0x0000000008001458       0x3c ./Libraries/STM32F10x_StdPeriph_Driver/src/stm32f10x_rcc.o
                0x0000000008001458                RCC_APB2PeriphClockCmd
 .text.RCC_APB1PeriphClockCmd
                0x0000000008001494       0x3c ./Libraries/STM32F10x_StdPeriph_Driver/src/stm32f10x_rcc.o
                0x0000000008001494                RCC_APB1PeriphClockCmd
 .text.RCC_MCOConfig
                0x00000000080014d0       0x20 ./Libraries/STM32F10x_StdPeriph_Driver/src/stm32f10x_rcc.o
                0x00000000080014d0                RCC_MCOConfig
 .text.TIM_SetCompare1
                0x00000000080014f0       0x1c ./Libraries/STM32F10x_StdPeriph_Driver/src/stm32f10x_tim.o
                0x00000000080014f0                TIM_SetCompare1
 .text.TIM_GetCapture1
                0x000000000800150c       0x18 ./Libraries/STM32F10x_StdPeriph_Driver/src/stm32f10x_tim.o
                0x000000000800150c                TIM_GetCapture1
 .text.TIM_GetCapture2
                0x0000000008001524       0x18 ./Libraries/STM32F10x_StdPeriph_Driver/src/stm32f10x_tim.o
                0x0000000008001524                TIM_GetCapture2
 .text.TIM_GetITStatus
                0x000000000800153c       0x52 ./Libraries/STM32F10x_StdPeriph_Driver/src/stm32f10x_tim.o
                0x000000000800153c                TIM_GetITStatus
 .text.TIM_ClearITPendingBit
                0x000000000800158e       0x20 ./Libraries/STM32F10x_StdPeriph_Driver/src/stm32f10x_tim.o
                0x000000000800158e                TIM_ClearITPendingBit
 *fill*         0x00000000080015ae        0x2 
 .text.USART_Init
                0x00000000080015b0      0x174 ./Libraries/STM32F10x_StdPeriph_Driver/src/stm32f10x_usart.o
                0x00000000080015b0                USART_Init
 .text.USART_Cmd
                0x0000000008001724       0x3e ./Libraries/STM32F10x_StdPeriph_Driver/src/stm32f10x_usart.o
                0x0000000008001724                USART_Cmd
 .text.USART_ITConfig
                0x0000000008001762       0x8e ./Libraries/STM32F10x_StdPeriph_Driver/src/stm32f10x_usart.o
                0x0000000008001762                USART_ITConfig
 .text.main     0x00000000080017f0       0x6c ./Src/main.o
                0x00000000080017f0                main
 .text.NMI_Handler
                0x000000000800185c        0xc ./Src/stm32f10x_it.o
                0x000000000800185c                NMI_Handler
 .text.HardFault_Handler
                0x0000000008001868        0x6 ./Src/stm32f10x_it.o
                0x0000000008001868                HardFault_Handler
 .text.MemManage_Handler
                0x000000000800186e        0x6 ./Src/stm32f10x_it.o
                0x000000000800186e                MemManage_Handler
 .text.BusFault_Handler
                0x0000000008001874        0x6 ./Src/stm32f10x_it.o
                0x0000000008001874                BusFault_Handler
 .text.UsageFault_Handler
                0x000000000800187a        0x6 ./Src/stm32f10x_it.o
                0x000000000800187a                UsageFault_Handler
 .text.SVC_Handler
                0x0000000008001880        0xc ./Src/stm32f10x_it.o
                0x0000000008001880                SVC_Handler
 .text.DebugMon_Handler
                0x000000000800188c        0xc ./Src/stm32f10x_it.o
                0x000000000800188c                DebugMon_Handler
 .text.PendSV_Handler
                0x0000000008001898        0xc ./Src/stm32f10x_it.o
                0x0000000008001898                PendSV_Handler
 .text.SysTick_Handler
                0x00000000080018a4        0xc ./Src/stm32f10x_it.o
                0x00000000080018a4                SysTick_Handler
 .text.Reset_Handler
                0x00000000080018b0       0x50 ./Startup/startup_stm32f103zetx.o
                0x00000000080018b0                Reset_Handler
 .text.Default_Handler
                0x0000000008001900        0x2 ./Startup/startup_stm32f103zetx.o
                0x0000000008001900                EXTI2_IRQHandler
                0x0000000008001900                TIM8_TRG_COM_IRQHandler
                0x0000000008001900                TIM8_CC_IRQHandler
                0x0000000008001900                TIM1_CC_IRQHandler
                0x0000000008001900                TIM6_IRQHandler
                0x0000000008001900                PVD_IRQHandler
                0x0000000008001900                SDIO_IRQHandler
                0x0000000008001900                EXTI3_IRQHandler
                0x0000000008001900                USB_HP_CAN_TX_IRQHandler
                0x0000000008001900                EXTI0_IRQHandler
                0x0000000008001900                I2C2_EV_IRQHandler
                0x0000000008001900                ADC1_2_IRQHandler
                0x0000000008001900                SPI1_IRQHandler
                0x0000000008001900                CAN_SCE_IRQHandler
                0x0000000008001900                TAMPER_IRQHandler
                0x0000000008001900                TIM8_UP_IRQHandler
                0x0000000008001900                DMA2_Channel2_IRQHandler
                0x0000000008001900                DMA1_Channel4_IRQHandler
                0x0000000008001900                RTC_IRQHandler
                0x0000000008001900                DMA1_Channel7_IRQHandler
                0x0000000008001900                ADC3_IRQHandler
                0x0000000008001900                CAN_RX1_IRQHandler
                0x0000000008001900                DMA2_Channel1_IRQHandler
                0x0000000008001900                I2C1_EV_IRQHandler
                0x0000000008001900                DMA1_Channel6_IRQHandler
                0x0000000008001900                TIM3_IRQHandler
                0x0000000008001900                RCC_IRQHandler
                0x0000000008001900                TIM1_TRG_COM_IRQHandler
                0x0000000008001900                DMA1_Channel1_IRQHandler
                0x0000000008001900                Default_Handler
                0x0000000008001900                EXTI15_10_IRQHandler
                0x0000000008001900                TIM7_IRQHandler
                0x0000000008001900                EXTI9_5_IRQHandler
                0x0000000008001900                SPI2_IRQHandler
                0x0000000008001900                DMA1_Channel5_IRQHandler
                0x0000000008001900                EXTI4_IRQHandler
                0x0000000008001900                DMA1_Channel3_IRQHandler
                0x0000000008001900                FSMC_IRQHandler
                0x0000000008001900                TIM1_UP_IRQHandler
                0x0000000008001900                WWDG_IRQHandler
                0x0000000008001900                TIM2_IRQHandler
                0x0000000008001900                TIM1_BRK_IRQHandler
                0x0000000008001900                EXTI1_IRQHandler
                0x0000000008001900                RTCAlarm_IRQHandler
                0x0000000008001900                DMA2_Channel4_5_IRQHandler
                0x0000000008001900                I2C2_ER_IRQHandler
                0x0000000008001900                DMA1_Channel2_IRQHandler
                0x0000000008001900                TIM8_BRK_IRQHandler
                0x0000000008001900                FLASH_IRQHandler
                0x0000000008001900                SPI3_IRQHandler
                0x0000000008001900                I2C1_ER_IRQHandler
                0x0000000008001900                DMA2_Channel3_IRQHandler
 *fill*         0x0000000008001902        0x2 
 .text.__libc_init_array
                0x0000000008001904       0x48 d:/st/stm32cubeide_1.8.0/stm32cubeide/plugins/com.st.stm32cube.ide.mcu.externaltools.gnu-tools-for-stm32.10.3-2021.10.win32_1.0.200.202301161003/tools/bin/../lib/gcc/arm-none-eabi/10.3.1/../../../../arm-none-eabi/lib/thumb/v7-m/nofp\libc_nano.a(lib_a-init.o)
                0x0000000008001904                __libc_init_array
 *(.glue_7)
 .glue_7        0x000000000800194c        0x0 linker stubs
 *(.glue_7t)
 .glue_7t       0x000000000800194c        0x0 linker stubs
 *(.eh_frame)
 .eh_frame      0x000000000800194c        0x0 d:/st/stm32cubeide_1.8.0/stm32cubeide/plugins/com.st.stm32cube.ide.mcu.externaltools.gnu-tools-for-stm32.10.3-2021.10.win32_1.0.200.202301161003/tools/bin/../lib/gcc/arm-none-eabi/10.3.1/thumb/v7-m/nofp/crtbegin.o
 *(.init)
 .init          0x000000000800194c        0x4 d:/st/stm32cubeide_1.8.0/stm32cubeide/plugins/com.st.stm32cube.ide.mcu.externaltools.gnu-tools-for-stm32.10.3-2021.10.win32_1.0.200.202301161003/tools/bin/../lib/gcc/arm-none-eabi/10.3.1/thumb/v7-m/nofp/crti.o
                0x000000000800194c                _init
 .init          0x0000000008001950        0x8 d:/st/stm32cubeide_1.8.0/stm32cubeide/plugins/com.st.stm32cube.ide.mcu.externaltools.gnu-tools-for-stm32.10.3-2021.10.win32_1.0.200.202301161003/tools/bin/../lib/gcc/arm-none-eabi/10.3.1/thumb/v7-m/nofp/crtn.o
 *(.fini)
 .fini          0x0000000008001958        0x4 d:/st/stm32cubeide_1.8.0/stm32cubeide/plugins/com.st.stm32cube.ide.mcu.externaltools.gnu-tools-for-stm32.10.3-2021.10.win32_1.0.200.202301161003/tools/bin/../lib/gcc/arm-none-eabi/10.3.1/thumb/v7-m/nofp/crti.o
                0x0000000008001958                _fini
 .fini          0x000000000800195c        0x8 d:/st/stm32cubeide_1.8.0/stm32cubeide/plugins/com.st.stm32cube.ide.mcu.externaltools.gnu-tools-for-stm32.10.3-2021.10.win32_1.0.200.202301161003/tools/bin/../lib/gcc/arm-none-eabi/10.3.1/thumb/v7-m/nofp/crtn.o
                0x0000000008001964                . = ALIGN (0x4)
                0x0000000008001964                _etext = .

.vfp11_veneer   0x0000000008001964        0x0
 .vfp11_veneer  0x0000000008001964        0x0 linker stubs

.v4_bx          0x0000000008001964        0x0
 .v4_bx         0x0000000008001964        0x0 linker stubs

.iplt           0x0000000008001964        0x0
 .iplt          0x0000000008001964        0x0 d:/st/stm32cubeide_1.8.0/stm32cubeide/plugins/com.st.stm32cube.ide.mcu.externaltools.gnu-tools-for-stm32.10.3-2021.10.win32_1.0.200.202301161003/tools/bin/../lib/gcc/arm-none-eabi/10.3.1/thumb/v7-m/nofp/crtbegin.o

.rel.dyn        0x0000000008001964        0x0
 .rel.iplt      0x0000000008001964        0x0 d:/st/stm32cubeide_1.8.0/stm32cubeide/plugins/com.st.stm32cube.ide.mcu.externaltools.gnu-tools-for-stm32.10.3-2021.10.win32_1.0.200.202301161003/tools/bin/../lib/gcc/arm-none-eabi/10.3.1/thumb/v7-m/nofp/crtbegin.o

.rodata         0x0000000008001964        0x0
                0x0000000008001964                . = ALIGN (0x4)
 *(.rodata)
 *(.rodata*)
                0x0000000008001964                . = ALIGN (0x4)

.ARM.extab      0x0000000008001964        0x0
                0x0000000008001964                . = ALIGN (0x4)
 *(.ARM.extab* .gnu.linkonce.armextab.*)
                0x0000000008001964                . = ALIGN (0x4)

.ARM            0x0000000008001964        0x0
                0x0000000008001964                . = ALIGN (0x4)
                0x0000000008001964                __exidx_start = .
 *(.ARM.exidx*)
                0x0000000008001964                __exidx_end = .
                0x0000000008001964                . = ALIGN (0x4)

.preinit_array  0x0000000008001964        0x0
                0x0000000008001964                . = ALIGN (0x4)
                0x0000000008001964                PROVIDE (__preinit_array_start = .)
 *(.preinit_array*)
                0x0000000008001964                PROVIDE (__preinit_array_end = .)
                0x0000000008001964                . = ALIGN (0x4)

.init_array     0x0000000008001964        0x4
                0x0000000008001964                . = ALIGN (0x4)
                0x0000000008001964                PROVIDE (__init_array_start = .)
 *(SORT_BY_NAME(.init_array.*))
 *(.init_array*)
 .init_array    0x0000000008001964        0x4 d:/st/stm32cubeide_1.8.0/stm32cubeide/plugins/com.st.stm32cube.ide.mcu.externaltools.gnu-tools-for-stm32.10.3-2021.10.win32_1.0.200.202301161003/tools/bin/../lib/gcc/arm-none-eabi/10.3.1/thumb/v7-m/nofp/crtbegin.o
                0x0000000008001968                PROVIDE (__init_array_end = .)
                0x0000000008001968                . = ALIGN (0x4)

.fini_array     0x0000000008001968        0x4
                0x0000000008001968                . = ALIGN (0x4)
                [!provide]                        PROVIDE (__fini_array_start = .)
 *(SORT_BY_NAME(.fini_array.*))
 *(.fini_array*)
 .fini_array    0x0000000008001968        0x4 d:/st/stm32cubeide_1.8.0/stm32cubeide/plugins/com.st.stm32cube.ide.mcu.externaltools.gnu-tools-for-stm32.10.3-2021.10.win32_1.0.200.202301161003/tools/bin/../lib/gcc/arm-none-eabi/10.3.1/thumb/v7-m/nofp/crtbegin.o
                [!provide]                        PROVIDE (__fini_array_end = .)
                0x000000000800196c                . = ALIGN (0x4)
                0x000000000800196c                _sidata = LOADADDR (.data)

.data           0x0000000020000000       0x2c load address 0x000000000800196c
                0x0000000020000000                . = ALIGN (0x4)
                0x0000000020000000                _sdata = .
 *(.data)
 *(.data*)
 .data.CCR1_Val
                0x0000000020000000        0x2 ./BSP/bsp_tim.o
                0x0000000020000000                CCR1_Val
 *fill*         0x0000000020000002        0x2 
 .data.SystemCoreClock
                0x0000000020000004        0x4 ./Libraries/CMSIS/CM3/DeviceSupport/ST/STM32F10x/system_stm32f10x.o
                0x0000000020000004                SystemCoreClock
 .data.AHBPrescTable
                0x0000000020000008       0x10 ./Libraries/CMSIS/CM3/DeviceSupport/ST/STM32F10x/system_stm32f10x.o
                0x0000000020000008                AHBPrescTable
 .data.APBAHBPrescTable
                0x0000000020000018       0x10 ./Libraries/STM32F10x_StdPeriph_Driver/src/stm32f10x_rcc.o
 .data.ADCPrescTable
                0x0000000020000028        0x4 ./Libraries/STM32F10x_StdPeriph_Driver/src/stm32f10x_rcc.o
 *(.RamFunc)
 *(.RamFunc*)
                0x000000002000002c                . = ALIGN (0x4)
                0x000000002000002c                _edata = .

.igot.plt       0x000000002000002c        0x0 load address 0x0000000008001998
 .igot.plt      0x000000002000002c        0x0 d:/st/stm32cubeide_1.8.0/stm32cubeide/plugins/com.st.stm32cube.ide.mcu.externaltools.gnu-tools-for-stm32.10.3-2021.10.win32_1.0.200.202301161003/tools/bin/../lib/gcc/arm-none-eabi/10.3.1/thumb/v7-m/nofp/crtbegin.o
                0x000000002000002c                . = ALIGN (0x4)

.bss            0x000000002000002c       0x4c load address 0x0000000008001998
                0x000000002000002c                _sbss = .
                0x000000002000002c                __bss_start__ = _sbss
 *(.bss)
 .bss           0x000000002000002c       0x1c d:/st/stm32cubeide_1.8.0/stm32cubeide/plugins/com.st.stm32cube.ide.mcu.externaltools.gnu-tools-for-stm32.10.3-2021.10.win32_1.0.200.202301161003/tools/bin/../lib/gcc/arm-none-eabi/10.3.1/thumb/v7-m/nofp/crtbegin.o
 *(.bss*)
 .bss.RCC_ClockFreq
                0x0000000020000048       0x14 ./BSP/bsp_rcc.o
                0x0000000020000048                RCC_ClockFreq
 .bss.capture   0x000000002000005c        0x2 ./BSP/bsp_tim.o
                0x000000002000005c                capture
 .bss.IC1Value  0x000000002000005e        0x2 ./BSP/bsp_tim.o
                0x000000002000005e                IC1Value
 .bss.DutyCycle
                0x0000000020000060        0x2 ./BSP/bsp_tim.o
                0x0000000020000060                DutyCycle
 *fill*         0x0000000020000062        0x2 
 .bss.Frequency
                0x0000000020000064        0x4 ./BSP/bsp_tim.o
                0x0000000020000064                Frequency
 .bss.USART1_valRx
                0x0000000020000068        0x2 ./BSP/bsp_usart.o
                0x0000000020000068                USART1_valRx
 .bss.USART2_valRx
                0x000000002000006a        0x2 ./BSP/bsp_usart.o
                0x000000002000006a                USART2_valRx
 .bss.USART3_valRx
                0x000000002000006c        0x2 ./BSP/bsp_usart.o
                0x000000002000006c                USART3_valRx
 .bss.UART4_valRx
                0x000000002000006e        0x2 ./BSP/bsp_usart.o
                0x000000002000006e                UART4_valRx
 .bss.UART5_valRx
                0x0000000020000070        0x2 ./BSP/bsp_usart.o
                0x0000000020000070                UART5_valRx
 .bss.fac_us    0x0000000020000072        0x1 ./BSP/delay.o
 *fill*         0x0000000020000073        0x1 
 .bss.fac_ms    0x0000000020000074        0x2 ./BSP/delay.o
 .bss.data      0x0000000020000076        0x1 ./Src/main.o
                0x0000000020000076                data
 *(COMMON)
                0x0000000020000078                . = ALIGN (0x4)
 *fill*         0x0000000020000077        0x1 
                0x0000000020000078                _ebss = .
                0x0000000020000078                __bss_end__ = _ebss

._user_heap_stack
                0x0000000020000078      0x600 load address 0x0000000008001998
                0x0000000020000078                . = ALIGN (0x8)
                [!provide]                        PROVIDE (end = .)
                0x0000000020000078                PROVIDE (_end = .)
                0x0000000020000278                . = (. + _Min_Heap_Size)
 *fill*         0x0000000020000078      0x200 
                0x0000000020000678                . = (. + _Min_Stack_Size)
 *fill*         0x0000000020000278      0x400 
                0x0000000020000678                . = ALIGN (0x8)

/DISCARD/
 libc.a(*)
 libm.a(*)
 libgcc.a(*)

.ARM.attributes
                0x0000000000000000       0x29
 *(.ARM.attributes)
 .ARM.attributes
                0x0000000000000000       0x1d d:/st/stm32cubeide_1.8.0/stm32cubeide/plugins/com.st.stm32cube.ide.mcu.externaltools.gnu-tools-for-stm32.10.3-2021.10.win32_1.0.200.202301161003/tools/bin/../lib/gcc/arm-none-eabi/10.3.1/thumb/v7-m/nofp/crti.o
 .ARM.attributes
                0x000000000000001d       0x2d d:/st/stm32cubeide_1.8.0/stm32cubeide/plugins/com.st.stm32cube.ide.mcu.externaltools.gnu-tools-for-stm32.10.3-2021.10.win32_1.0.200.202301161003/tools/bin/../lib/gcc/arm-none-eabi/10.3.1/thumb/v7-m/nofp/crtbegin.o
 .ARM.attributes
                0x000000000000004a       0x2d ./BSP/bsp_can.o
 .ARM.attributes
                0x0000000000000077       0x2d ./BSP/bsp_rcc.o
 .ARM.attributes
                0x00000000000000a4       0x2d ./BSP/bsp_tim.o
 .ARM.attributes
                0x00000000000000d1       0x2d ./BSP/bsp_usart.o
 .ARM.attributes
                0x00000000000000fe       0x2d ./BSP/delay.o
 .ARM.attributes
                0x000000000000012b       0x2d ./BSP/sys.o
 .ARM.attributes
                0x0000000000000158       0x2d ./Libraries/CMSIS/CM3/DeviceSupport/ST/STM32F10x/system_stm32f10x.o
 .ARM.attributes
                0x0000000000000185       0x2d ./Libraries/STM32F10x_StdPeriph_Driver/src/misc.o
 .ARM.attributes
                0x00000000000001b2       0x2d ./Libraries/STM32F10x_StdPeriph_Driver/src/stm32f10x_can.o
 .ARM.attributes
                0x00000000000001df       0x2d ./Libraries/STM32F10x_StdPeriph_Driver/src/stm32f10x_gpio.o
 .ARM.attributes
                0x000000000000020c       0x2d ./Libraries/STM32F10x_StdPeriph_Driver/src/stm32f10x_rcc.o
 .ARM.attributes
                0x0000000000000239       0x2d ./Libraries/STM32F10x_StdPeriph_Driver/src/stm32f10x_tim.o
 .ARM.attributes
                0x0000000000000266       0x2d ./Libraries/STM32F10x_StdPeriph_Driver/src/stm32f10x_usart.o
 .ARM.attributes
                0x0000000000000293       0x2d ./Src/main.o
 .ARM.attributes
                0x00000000000002c0       0x2d ./Src/stm32f10x_it.o
 .ARM.attributes
                0x00000000000002ed       0x21 ./Startup/startup_stm32f103zetx.o
 .ARM.attributes
                0x000000000000030e       0x2d d:/st/stm32cubeide_1.8.0/stm32cubeide/plugins/com.st.stm32cube.ide.mcu.externaltools.gnu-tools-for-stm32.10.3-2021.10.win32_1.0.200.202301161003/tools/bin/../lib/gcc/arm-none-eabi/10.3.1/../../../../arm-none-eabi/lib/thumb/v7-m/nofp\libc_nano.a(lib_a-init.o)
 .ARM.attributes
                0x000000000000033b       0x1d d:/st/stm32cubeide_1.8.0/stm32cubeide/plugins/com.st.stm32cube.ide.mcu.externaltools.gnu-tools-for-stm32.10.3-2021.10.win32_1.0.200.202301161003/tools/bin/../lib/gcc/arm-none-eabi/10.3.1/thumb/v7-m/nofp/crtn.o
OUTPUT(SPL_Test.elf elf32-littlearm)
LOAD linker stubs
LOAD d:/st/stm32cubeide_1.8.0/stm32cubeide/plugins/com.st.stm32cube.ide.mcu.externaltools.gnu-tools-for-stm32.10.3-2021.10.win32_1.0.200.202301161003/tools/bin/../lib/gcc/arm-none-eabi/10.3.1/../../../../arm-none-eabi/lib/thumb/v7-m/nofp\libc.a
LOAD d:/st/stm32cubeide_1.8.0/stm32cubeide/plugins/com.st.stm32cube.ide.mcu.externaltools.gnu-tools-for-stm32.10.3-2021.10.win32_1.0.200.202301161003/tools/bin/../lib/gcc/arm-none-eabi/10.3.1/../../../../arm-none-eabi/lib/thumb/v7-m/nofp\libm.a
LOAD d:/st/stm32cubeide_1.8.0/stm32cubeide/plugins/com.st.stm32cube.ide.mcu.externaltools.gnu-tools-for-stm32.10.3-2021.10.win32_1.0.200.202301161003/tools/bin/../lib/gcc/arm-none-eabi/10.3.1/thumb/v7-m/nofp\libgcc.a

.debug_info     0x0000000000000000     0x7a4c
 .debug_info    0x0000000000000000      0xb29 ./BSP/bsp_can.o
 .debug_info    0x0000000000000b29      0x319 ./BSP/bsp_rcc.o
 .debug_info    0x0000000000000e42      0xc8f ./BSP/bsp_tim.o
 .debug_info    0x0000000000001ad1      0x9c4 ./BSP/bsp_usart.o
 .debug_info    0x0000000000002495      0x24c ./BSP/delay.o
 .debug_info    0x00000000000026e1      0x111 ./BSP/sys.o
 .debug_info    0x00000000000027f2      0x479 ./Libraries/CMSIS/CM3/DeviceSupport/ST/STM32F10x/system_stm32f10x.o
 .debug_info    0x0000000000002c6b      0x510 ./Libraries/STM32F10x_StdPeriph_Driver/src/misc.o
 .debug_info    0x000000000000317b      0xc46 ./Libraries/STM32F10x_StdPeriph_Driver/src/stm32f10x_can.o
 .debug_info    0x0000000000003dc1      0x74a ./Libraries/STM32F10x_StdPeriph_Driver/src/stm32f10x_gpio.o
 .debug_info    0x000000000000450b      0x8f7 ./Libraries/STM32F10x_StdPeriph_Driver/src/stm32f10x_rcc.o
 .debug_info    0x0000000000004e02     0x1e1c ./Libraries/STM32F10x_StdPeriph_Driver/src/stm32f10x_tim.o
 .debug_info    0x0000000000006c1e      0xaa8 ./Libraries/STM32F10x_StdPeriph_Driver/src/stm32f10x_usart.o
 .debug_info    0x00000000000076c6      0x252 ./Src/main.o
 .debug_info    0x0000000000007918      0x112 ./Src/stm32f10x_it.o
 .debug_info    0x0000000000007a2a       0x22 ./Startup/startup_stm32f103zetx.o

.debug_abbrev   0x0000000000000000     0x184f
 .debug_abbrev  0x0000000000000000      0x24b ./BSP/bsp_can.o
 .debug_abbrev  0x000000000000024b      0x148 ./BSP/bsp_rcc.o
 .debug_abbrev  0x0000000000000393      0x236 ./BSP/bsp_tim.o
 .debug_abbrev  0x00000000000005c9      0x256 ./BSP/bsp_usart.o
 .debug_abbrev  0x000000000000081f      0x13a ./BSP/delay.o
 .debug_abbrev  0x0000000000000959       0xae ./BSP/sys.o
 .debug_abbrev  0x0000000000000a07      0x1b1 ./Libraries/CMSIS/CM3/DeviceSupport/ST/STM32F10x/system_stm32f10x.o
 .debug_abbrev  0x0000000000000bb8      0x184 ./Libraries/STM32F10x_StdPeriph_Driver/src/misc.o
 .debug_abbrev  0x0000000000000d3c      0x231 ./Libraries/STM32F10x_StdPeriph_Driver/src/stm32f10x_can.o
 .debug_abbrev  0x0000000000000f6d      0x208 ./Libraries/STM32F10x_StdPeriph_Driver/src/stm32f10x_gpio.o
 .debug_abbrev  0x0000000000001175      0x1d6 ./Libraries/STM32F10x_StdPeriph_Driver/src/stm32f10x_rcc.o
 .debug_abbrev  0x000000000000134b      0x1e8 ./Libraries/STM32F10x_StdPeriph_Driver/src/stm32f10x_tim.o
 .debug_abbrev  0x0000000000001533      0x1b0 ./Libraries/STM32F10x_StdPeriph_Driver/src/stm32f10x_usart.o
 .debug_abbrev  0x00000000000016e3      0x113 ./Src/main.o
 .debug_abbrev  0x00000000000017f6       0x47 ./Src/stm32f10x_it.o
 .debug_abbrev  0x000000000000183d       0x12 ./Startup/startup_stm32f103zetx.o

.debug_aranges  0x0000000000000000      0x978
 .debug_aranges
                0x0000000000000000       0x58 ./BSP/bsp_can.o
 .debug_aranges
                0x0000000000000058       0x28 ./BSP/bsp_rcc.o
 .debug_aranges
                0x0000000000000080       0x50 ./BSP/bsp_tim.o
 .debug_aranges
                0x00000000000000d0       0xa0 ./BSP/bsp_usart.o
 .debug_aranges
                0x0000000000000170       0x38 ./BSP/delay.o
 .debug_aranges
                0x00000000000001a8       0x20 ./BSP/sys.o
 .debug_aranges
                0x00000000000001c8       0x38 ./Libraries/CMSIS/CM3/DeviceSupport/ST/STM32F10x/system_stm32f10x.o
 .debug_aranges
                0x0000000000000200       0x40 ./Libraries/STM32F10x_StdPeriph_Driver/src/misc.o
 .debug_aranges
                0x0000000000000240       0xe0 ./Libraries/STM32F10x_StdPeriph_Driver/src/stm32f10x_can.o
 .debug_aranges
                0x0000000000000320       0xa8 ./Libraries/STM32F10x_StdPeriph_Driver/src/stm32f10x_gpio.o
 .debug_aranges
                0x00000000000003c8      0x118 ./Libraries/STM32F10x_StdPeriph_Driver/src/stm32f10x_rcc.o
 .debug_aranges
                0x00000000000004e0      0x2f0 ./Libraries/STM32F10x_StdPeriph_Driver/src/stm32f10x_tim.o
 .debug_aranges
                0x00000000000007d0      0x100 ./Libraries/STM32F10x_StdPeriph_Driver/src/stm32f10x_usart.o
 .debug_aranges
                0x00000000000008d0       0x20 ./Src/main.o
 .debug_aranges
                0x00000000000008f0       0x60 ./Src/stm32f10x_it.o
 .debug_aranges
                0x0000000000000950       0x28 ./Startup/startup_stm32f103zetx.o

.debug_ranges   0x0000000000000000      0x880
 .debug_ranges  0x0000000000000000       0x48 ./BSP/bsp_can.o
 .debug_ranges  0x0000000000000048       0x18 ./BSP/bsp_rcc.o
 .debug_ranges  0x0000000000000060       0x40 ./BSP/bsp_tim.o
 .debug_ranges  0x00000000000000a0       0x90 ./BSP/bsp_usart.o
 .debug_ranges  0x0000000000000130       0x28 ./BSP/delay.o
 .debug_ranges  0x0000000000000158       0x10 ./BSP/sys.o
 .debug_ranges  0x0000000000000168       0x28 ./Libraries/CMSIS/CM3/DeviceSupport/ST/STM32F10x/system_stm32f10x.o
 .debug_ranges  0x0000000000000190       0x30 ./Libraries/STM32F10x_StdPeriph_Driver/src/misc.o
 .debug_ranges  0x00000000000001c0       0xd0 ./Libraries/STM32F10x_StdPeriph_Driver/src/stm32f10x_can.o
 .debug_ranges  0x0000000000000290       0x98 ./Libraries/STM32F10x_StdPeriph_Driver/src/stm32f10x_gpio.o
 .debug_ranges  0x0000000000000328      0x108 ./Libraries/STM32F10x_StdPeriph_Driver/src/stm32f10x_rcc.o
 .debug_ranges  0x0000000000000430      0x2e0 ./Libraries/STM32F10x_StdPeriph_Driver/src/stm32f10x_tim.o
 .debug_ranges  0x0000000000000710       0xf0 ./Libraries/STM32F10x_StdPeriph_Driver/src/stm32f10x_usart.o
 .debug_ranges  0x0000000000000800       0x10 ./Src/main.o
 .debug_ranges  0x0000000000000810       0x50 ./Src/stm32f10x_it.o
 .debug_ranges  0x0000000000000860       0x20 ./Startup/startup_stm32f103zetx.o

.debug_macro    0x0000000000000000     0x3c07
 .debug_macro   0x0000000000000000      0x324 ./BSP/bsp_can.o
 .debug_macro   0x0000000000000324      0x306 ./BSP/bsp_rcc.o
 .debug_macro   0x000000000000062a      0x185 ./BSP/bsp_tim.o
 .debug_macro   0x00000000000007af      0x18b ./BSP/bsp_usart.o
 .debug_macro   0x000000000000093a      0x2fc ./BSP/delay.o
 .debug_macro   0x0000000000000c36      0x2ee ./BSP/sys.o
 .debug_macro   0x0000000000000f24      0x187 ./Libraries/CMSIS/CM3/DeviceSupport/ST/STM32F10x/system_stm32f10x.o
 .debug_macro   0x00000000000010ab      0x18b ./Libraries/STM32F10x_StdPeriph_Driver/src/misc.o
 .debug_macro   0x0000000000001236       0x84 ./Libraries/STM32F10x_StdPeriph_Driver/src/misc.o
 .debug_macro   0x00000000000012ba      0x1d9 ./Libraries/STM32F10x_StdPeriph_Driver/src/stm32f10x_can.o
 .debug_macro   0x0000000000001493      0x3c9 ./Libraries/STM32F10x_StdPeriph_Driver/src/stm32f10x_can.o
 .debug_macro   0x000000000000185c      0x1d3 ./Libraries/STM32F10x_StdPeriph_Driver/src/stm32f10x_gpio.o
 .debug_macro   0x0000000000001a2f      0x2a5 ./Libraries/STM32F10x_StdPeriph_Driver/src/stm32f10x_gpio.o
 .debug_macro   0x0000000000001cd4      0x2a1 ./Libraries/STM32F10x_StdPeriph_Driver/src/stm32f10x_rcc.o
 .debug_macro   0x0000000000001f75      0x3dc ./Libraries/STM32F10x_StdPeriph_Driver/src/stm32f10x_rcc.o
 .debug_macro   0x0000000000002351      0x19d ./Libraries/STM32F10x_StdPeriph_Driver/src/stm32f10x_tim.o
 .debug_macro   0x00000000000024ee      0x70b ./Libraries/STM32F10x_StdPeriph_Driver/src/stm32f10x_tim.o
 .debug_macro   0x0000000000002bf9      0x239 ./Libraries/STM32F10x_StdPeriph_Driver/src/stm32f10x_usart.o
 .debug_macro   0x0000000000002e32      0x220 ./Libraries/STM32F10x_StdPeriph_Driver/src/stm32f10x_usart.o
 .debug_macro   0x0000000000003052      0x373 ./Src/main.o
 .debug_macro   0x00000000000033c5      0x6bd ./Src/main.o
 .debug_macro   0x0000000000003a82      0x185 ./Src/stm32f10x_it.o

.debug_line     0x0000000000000000     0x98ea
 .debug_line    0x0000000000000000      0x9e5 ./BSP/bsp_can.o
 .debug_line    0x00000000000009e5      0x852 ./BSP/bsp_rcc.o
 .debug_line    0x0000000000001237      0x7da ./BSP/bsp_tim.o
 .debug_line    0x0000000000001a11      0x99f ./BSP/bsp_usart.o
 .debug_line    0x00000000000023b0      0x8f4 ./BSP/delay.o
 .debug_line    0x0000000000002ca4      0x80b ./BSP/sys.o
 .debug_line    0x00000000000034af      0x77d ./Libraries/CMSIS/CM3/DeviceSupport/ST/STM32F10x/system_stm32f10x.o
 .debug_line    0x0000000000003c2c      0x71c ./Libraries/STM32F10x_StdPeriph_Driver/src/misc.o
 .debug_line    0x0000000000004348      0xe88 ./Libraries/STM32F10x_StdPeriph_Driver/src/stm32f10x_can.o
 .debug_line    0x00000000000051d0      0xa04 ./Libraries/STM32F10x_StdPeriph_Driver/src/stm32f10x_gpio.o
 .debug_line    0x0000000000005bd4      0xba0 ./Libraries/STM32F10x_StdPeriph_Driver/src/stm32f10x_rcc.o
 .debug_line    0x0000000000006774     0x1612 ./Libraries/STM32F10x_StdPeriph_Driver/src/stm32f10x_tim.o
 .debug_line    0x0000000000007d86      0xb37 ./Libraries/STM32F10x_StdPeriph_Driver/src/stm32f10x_usart.o
 .debug_line    0x00000000000088bd      0x8e7 ./Src/main.o
 .debug_line    0x00000000000091a4      0x6c2 ./Src/stm32f10x_it.o
 .debug_line    0x0000000000009866       0x84 ./Startup/startup_stm32f103zetx.o

.debug_str      0x0000000000000000    0x55c19
 .debug_str     0x0000000000000000    0x527a2 ./BSP/bsp_can.o
                                      0x529bc (size before relaxing)
 .debug_str     0x00000000000527a2      0x1d5 ./BSP/bsp_rcc.o
                                      0x51f15 (size before relaxing)
 .debug_str     0x0000000000052977      0x5b6 ./BSP/bsp_tim.o
                                      0x4e680 (size before relaxing)
 .debug_str     0x0000000000052f2d      0x284 ./BSP/bsp_usart.o
                                      0x4e431 (size before relaxing)
 .debug_str     0x00000000000531b1       0x81 ./BSP/delay.o
                                      0x51dc8 (size before relaxing)
 .debug_str     0x0000000000053232       0x2c ./BSP/sys.o
                                      0x51d75 (size before relaxing)
 .debug_str     0x000000000005325e      0x174 ./Libraries/CMSIS/CM3/DeviceSupport/ST/STM32F10x/system_stm32f10x.o
                                      0x4dd3e (size before relaxing)
 .debug_str     0x00000000000533d2      0x12f ./Libraries/STM32F10x_StdPeriph_Driver/src/misc.o
                                      0x4de0b (size before relaxing)
 .debug_str     0x0000000000053501      0x4aa ./Libraries/STM32F10x_StdPeriph_Driver/src/stm32f10x_can.o
                                      0x4e35a (size before relaxing)
 .debug_str     0x00000000000539ab      0x45a ./Libraries/STM32F10x_StdPeriph_Driver/src/stm32f10x_gpio.o
                                      0x4e19a (size before relaxing)
 .debug_str     0x0000000000053e05      0x9bf ./Libraries/STM32F10x_StdPeriph_Driver/src/stm32f10x_rcc.o
                                      0x4e769 (size before relaxing)
 .debug_str     0x00000000000547c4      0x8ae ./Libraries/STM32F10x_StdPeriph_Driver/src/stm32f10x_tim.o
                                      0x4e8b5 (size before relaxing)
 .debug_str     0x0000000000055072      0x78b ./Libraries/STM32F10x_StdPeriph_Driver/src/stm32f10x_usart.o
                                      0x4e4cc (size before relaxing)
 .debug_str     0x00000000000557fd      0x333 ./Src/main.o
                                      0x5254d (size before relaxing)
 .debug_str     0x0000000000055b30       0xb8 ./Src/stm32f10x_it.o
                                      0x4dc06 (size before relaxing)
 .debug_str     0x0000000000055be8       0x31 ./Startup/startup_stm32f103zetx.o
                                         0x78 (size before relaxing)

.comment        0x0000000000000000       0x50
 .comment       0x0000000000000000       0x50 ./BSP/bsp_can.o
                                         0x51 (size before relaxing)
 .comment       0x0000000000000050       0x51 ./BSP/bsp_rcc.o
 .comment       0x0000000000000050       0x51 ./BSP/bsp_tim.o
 .comment       0x0000000000000050       0x51 ./BSP/bsp_usart.o
 .comment       0x0000000000000050       0x51 ./BSP/delay.o
 .comment       0x0000000000000050       0x51 ./BSP/sys.o
 .comment       0x0000000000000050       0x51 ./Libraries/CMSIS/CM3/DeviceSupport/ST/STM32F10x/system_stm32f10x.o
 .comment       0x0000000000000050       0x51 ./Libraries/STM32F10x_StdPeriph_Driver/src/misc.o
 .comment       0x0000000000000050       0x51 ./Libraries/STM32F10x_StdPeriph_Driver/src/stm32f10x_can.o
 .comment       0x0000000000000050       0x51 ./Libraries/STM32F10x_StdPeriph_Driver/src/stm32f10x_gpio.o
 .comment       0x0000000000000050       0x51 ./Libraries/STM32F10x_StdPeriph_Driver/src/stm32f10x_rcc.o
 .comment       0x0000000000000050       0x51 ./Libraries/STM32F10x_StdPeriph_Driver/src/stm32f10x_tim.o
 .comment       0x0000000000000050       0x51 ./Libraries/STM32F10x_StdPeriph_Driver/src/stm32f10x_usart.o
 .comment       0x0000000000000050       0x51 ./Src/main.o
 .comment       0x0000000000000050       0x51 ./Src/stm32f10x_it.o

.debug_frame    0x0000000000000000     0x2718
 .debug_frame   0x0000000000000000      0x130 ./BSP/bsp_can.o
 .debug_frame   0x0000000000000130       0x48 ./BSP/bsp_rcc.o
 .debug_frame   0x0000000000000178       0xf4 ./BSP/bsp_tim.o
 .debug_frame   0x000000000000026c      0x27c ./BSP/bsp_usart.o
 .debug_frame   0x00000000000004e8       0xa8 ./BSP/delay.o
 .debug_frame   0x0000000000000590       0x34 ./BSP/sys.o
 .debug_frame   0x00000000000005c4       0x98 ./Libraries/CMSIS/CM3/DeviceSupport/ST/STM32F10x/system_stm32f10x.o
 .debug_frame   0x000000000000065c       0xd8 ./Libraries/STM32F10x_StdPeriph_Driver/src/misc.o
 .debug_frame   0x0000000000000734      0x3f8 ./Libraries/STM32F10x_StdPeriph_Driver/src/stm32f10x_can.o
 .debug_frame   0x0000000000000b2c      0x2d0 ./Libraries/STM32F10x_StdPeriph_Driver/src/stm32f10x_gpio.o
 .debug_frame   0x0000000000000dfc      0x4f4 ./Libraries/STM32F10x_StdPeriph_Driver/src/stm32f10x_rcc.o
 .debug_frame   0x00000000000012f0      0xe2c ./Libraries/STM32F10x_StdPeriph_Driver/src/stm32f10x_tim.o
 .debug_frame   0x000000000000211c      0x490 ./Libraries/STM32F10x_StdPeriph_Driver/src/stm32f10x_usart.o
 .debug_frame   0x00000000000025ac       0x30 ./Src/main.o
 .debug_frame   0x00000000000025dc      0x110 ./Src/stm32f10x_it.o
 .debug_frame   0x00000000000026ec       0x2c d:/st/stm32cubeide_1.8.0/stm32cubeide/plugins/com.st.stm32cube.ide.mcu.externaltools.gnu-tools-for-stm32.10.3-2021.10.win32_1.0.200.202301161003/tools/bin/../lib/gcc/arm-none-eabi/10.3.1/../../../../arm-none-eabi/lib/thumb/v7-m/nofp\libc_nano.a(lib_a-init.o)
