../BSP/bsp_usart.c:12:6:BSP_USART_Init	32	static
../BSP/bsp_usart.c:54:6:BSP_USART_SendData	24	static
../BSP/bsp_usart.c:79:6:BSP_USART_IOCfg	24	static
../BSP/bsp_usart.c:235:6:BSP_USART_IORemap	16	static
../BSP/bsp_usart.c:295:6:BSP_USART_ClockEn	16	static
../BSP/bsp_usart.c:335:6:BSP_USART_SetIrq	24	static
../BSP/bsp_usart.c:391:26:USART1_IrqRxCallBack	16	static
../BSP/bsp_usart.c:396:6:USART1_IRQHandler	16	static
../BSP/bsp_usart.c:422:26:USART2_IrqCallBack	16	static
../BSP/bsp_usart.c:427:6:USART2_IRQHandler	8	static
../BSP/bsp_usart.c:444:26:USART3_IrqCallBack	16	static
../BSP/bsp_usart.c:449:6:USART3_IRQHandler	8	static
../BSP/bsp_usart.c:467:26:UART4_IrqRxCallBack	16	static
../BSP/bsp_usart.c:472:6:UART4_IRQHandler	16	static
../BSP/bsp_usart.c:498:26:UART5_IrqRxCallBack	16	static
../BSP/bsp_usart.c:503:6:UART5_IRQHandler	16	static
