###############################################################################
#
# IAR ELF Linker V8.32.1.169/W32 for ARM                  27/Jan/2024  19:04:37
# Copyright 2007-2018 IAR Systems AB.
#
#    Output file  =  
#        E:\Users\Learning\STM32_SPL_Learning\STM32F10X\HAL_LIB_IAR\prj_HAL_Demo\Project\EWARMv8\FLASH\Exe\prj_HAL_Demo.out
#    Map file     =  
#        E:\Users\Learning\STM32_SPL_Learning\STM32F10X\HAL_LIB_IAR\prj_HAL_Demo\Project\EWARMv8\FLASH\List\prj_HAL_Demo.map
#    Command line =  
#        -f C:\Users\iccad\AppData\Local\Temp\EW83F6.tmp
#        (E:\Users\Learning\STM32_SPL_Learning\STM32F10X\HAL_LIB_IAR\prj_HAL_Demo\Project\EWARMv8\FLASH\Obj\bsp.o
#        E:\Users\Learning\STM32_SPL_Learning\STM32F10X\HAL_LIB_IAR\prj_HAL_Demo\Project\EWARMv8\FLASH\Obj\bsp_beep.o
#        E:\Users\Learning\STM32_SPL_Learning\STM32F10X\HAL_LIB_IAR\prj_HAL_Demo\Project\EWARMv8\FLASH\Obj\bsp_key.o
#        E:\Users\Learning\STM32_SPL_Learning\STM32F10X\HAL_LIB_IAR\prj_HAL_Demo\Project\EWARMv8\FLASH\Obj\bsp_led.o
#        E:\Users\Learning\STM32_SPL_Learning\STM32F10X\HAL_LIB_IAR\prj_HAL_Demo\Project\EWARMv8\FLASH\Obj\bsp_tim_pwm.o
#        E:\Users\Learning\STM32_SPL_Learning\STM32F10X\HAL_LIB_IAR\prj_HAL_Demo\Project\EWARMv8\FLASH\Obj\bsp_timer.o
#        E:\Users\Learning\STM32_SPL_Learning\STM32F10X\HAL_LIB_IAR\prj_HAL_Demo\Project\EWARMv8\FLASH\Obj\HardFaultHandler.o
#        E:\Users\Learning\STM32_SPL_Learning\STM32F10X\HAL_LIB_IAR\prj_HAL_Demo\Project\EWARMv8\FLASH\Obj\main.o
#        E:\Users\Learning\STM32_SPL_Learning\STM32F10X\HAL_LIB_IAR\prj_HAL_Demo\Project\EWARMv8\FLASH\Obj\SEGGER_HardFaultHandler.o
#        E:\Users\Learning\STM32_SPL_Learning\STM32F10X\HAL_LIB_IAR\prj_HAL_Demo\Project\EWARMv8\FLASH\Obj\startup_stm32f103xe.o
#        E:\Users\Learning\STM32_SPL_Learning\STM32F10X\HAL_LIB_IAR\prj_HAL_Demo\Project\EWARMv8\FLASH\Obj\stm32f1xx_hal.o
#        E:\Users\Learning\STM32_SPL_Learning\STM32F10X\HAL_LIB_IAR\prj_HAL_Demo\Project\EWARMv8\FLASH\Obj\stm32f1xx_hal_adc.o
#        E:\Users\Learning\STM32_SPL_Learning\STM32F10X\HAL_LIB_IAR\prj_HAL_Demo\Project\EWARMv8\FLASH\Obj\stm32f1xx_hal_cortex.o
#        E:\Users\Learning\STM32_SPL_Learning\STM32F10X\HAL_LIB_IAR\prj_HAL_Demo\Project\EWARMv8\FLASH\Obj\stm32f1xx_hal_dma.o
#        E:\Users\Learning\STM32_SPL_Learning\STM32F10X\HAL_LIB_IAR\prj_HAL_Demo\Project\EWARMv8\FLASH\Obj\stm32f1xx_hal_flash.o
#        E:\Users\Learning\STM32_SPL_Learning\STM32F10X\HAL_LIB_IAR\prj_HAL_Demo\Project\EWARMv8\FLASH\Obj\stm32f1xx_hal_flash_ex.o
#        E:\Users\Learning\STM32_SPL_Learning\STM32F10X\HAL_LIB_IAR\prj_HAL_Demo\Project\EWARMv8\FLASH\Obj\stm32f1xx_hal_gpio.o
#        E:\Users\Learning\STM32_SPL_Learning\STM32F10X\HAL_LIB_IAR\prj_HAL_Demo\Project\EWARMv8\FLASH\Obj\stm32f1xx_hal_gpio_ex.o
#        E:\Users\Learning\STM32_SPL_Learning\STM32F10X\HAL_LIB_IAR\prj_HAL_Demo\Project\EWARMv8\FLASH\Obj\stm32f1xx_hal_rcc.o
#        E:\Users\Learning\STM32_SPL_Learning\STM32F10X\HAL_LIB_IAR\prj_HAL_Demo\Project\EWARMv8\FLASH\Obj\stm32f1xx_hal_rcc_ex.o
#        E:\Users\Learning\STM32_SPL_Learning\STM32F10X\HAL_LIB_IAR\prj_HAL_Demo\Project\EWARMv8\FLASH\Obj\stm32f1xx_hal_tim.o
#        E:\Users\Learning\STM32_SPL_Learning\STM32F10X\HAL_LIB_IAR\prj_HAL_Demo\Project\EWARMv8\FLASH\Obj\stm32f1xx_hal_tim_ex.o
#        E:\Users\Learning\STM32_SPL_Learning\STM32F10X\HAL_LIB_IAR\prj_HAL_Demo\Project\EWARMv8\FLASH\Obj\stm32f1xx_it.o
#        E:\Users\Learning\STM32_SPL_Learning\STM32F10X\HAL_LIB_IAR\prj_HAL_Demo\Project\EWARMv8\FLASH\Obj\system_stm32f1xx.o
#        --redirect _Printf=_PrintfFullNoMb --redirect _Scanf=_ScanfFullNoMb
#        --no_out_extension -o
#        E:\Users\Learning\STM32_SPL_Learning\STM32F10X\HAL_LIB_IAR\prj_HAL_Demo\Project\EWARMv8\FLASH\Exe\prj_HAL_Demo.out
#        --map
#        E:\Users\Learning\STM32_SPL_Learning\STM32F10X\HAL_LIB_IAR\prj_HAL_Demo\Project\EWARMv8\FLASH\List\prj_HAL_Demo.map
#        --config
#        E:\Users\Learning\STM32_SPL_Learning\STM32F10X\HAL_LIB_IAR\prj_HAL_Demo\Project\EWARMv8\prj_HAL_Demo.icf
#        --semihosting --entry __iar_program_start --vfe --text_out locale)
#
###############################################################################

*******************************************************************************
*** RUNTIME MODEL ATTRIBUTES
***

CppFlavor       = *
__Heap_Handler  = Basic
__SystemLibrary = DLib
__dlib_version  = 6


*******************************************************************************
*** HEAP SELECTION
***

The basic heap was selected because no calls to memory allocation
functions were found in the application outside of system library
functions, and there are calls to deallocation functions in the
application.


*******************************************************************************
*** PLACEMENT SUMMARY
***

"A0":  place at 0x800'0000 { ro section .intvec };
"P1":  place in [from 0x800'0000 to 0x807'ffff] { ro };
define block CSTACK with size = 2K, alignment = 8 { };
define block HEAP with size = 1K, alignment = 8 { };
"P2":  place in [from 0x2000'0000 to 0x2000'ffff] {
          rw, block CSTACK, block HEAP };
initialize by copy { rw };

  Section            Kind         Address    Size  Object
  -------            ----         -------    ----  ------
"A0":                                       0x130
  .intvec            ro code   0x800'0000   0x130  startup_stm32f103xe.o [1]
                             - 0x800'0130   0x130

"P1":                                      0x44cb
  .text              ro code   0x800'0130   0xdf2  xprintffull_nomb.o [2]
  .text              ro code   0x800'0f22    0x7a  lz77_init_single.o [4]
  .text              ro code   0x800'0f9c    0x16  strchr.o [4]
  .text              ro code   0x800'0fb2    0x3a  zero_init3.o [4]
  .text              ro code   0x800'0fec    0x40  xfail_s.o [2]
  .text              ro code   0x800'102c    0x36  strlen.o [4]
  .text              ro code   0x800'1062     0xe  stm32f1xx_it.o [1]
  .text              ro code   0x800'1070    0x58  memchr.o [4]
  .text              ro code   0x800'10c8   0x230  I64DivMod.o [4]
  .text              ro code   0x800'12f8   0x1a2  DblMul.o [3]
  .rodata            const     0x800'149a     0x2  stm32f1xx_hal_rcc.o [1]
  .text              ro code   0x800'149c    0xa6  ABImemcpy.o [4]
  .text              ro code   0x800'1544    0x70  frexp.o [3]
  .text              ro code   0x800'15b4    0x2e  DblCmpLe.o [3]
  .text              ro code   0x800'15e4    0x2e  DblCmpGe.o [3]
  .text              ro code   0x800'1614   0x13a  ldexp.o [3]
  .text              ro code   0x800'1750    0x3a  DblToS32.o [3]
  .text              ro code   0x800'178c    0x22  S32ToDbl.o [3]
  .text              ro code   0x800'17b0    0xe2  DblSub.o [3]
  .text              ro code   0x800'1894   0x246  DblDiv.o [3]
  .text              ro code   0x800'1adc    0x28  DblToU32.o [3]
  .text              ro code   0x800'1b04    0x1a  U32ToDbl.o [3]
  .text              ro code   0x800'1b20     0x8  xlocale_c.o [2]
  .text              ro code   0x800'1b28     0x6  abort.o [2]
  .text              ro code   0x800'1b30     0x2  I64DivZer.o [4]
  .text              ro code   0x800'1b34   0x16a  DblAdd.o [3]
  .text              ro code   0x800'1ca0    0x14  exit.o [5]
  .text              ro code   0x800'1cb4    0x80  iarttio.o [5]
  .text              ro code   0x800'1d34    0x3c  XShttio.o [2]
  .text              ro code   0x800'1d70   0x5e4  stm32f1xx_hal_rcc.o [1]
  .text              ro code   0x800'2354     0xc  stm32f1xx_hal.o [1]
  .text              ro code   0x800'2360    0x4c  stm32f1xx_hal.o [1]
  .text              ro code   0x800'23ac   0x12c  stm32f1xx_hal_cortex.o [1]
  .text              ro code   0x800'24d8   0x440  stm32f1xx_hal_tim.o [1]
  .text              ro code   0x800'2918     0x2  stm32f1xx_hal_tim.o [1]
  .text              ro code   0x800'291c   0x3dc  bsp_tim_pwm.o [1]
  .text              ro code   0x800'2cf8    0xc8  bsp.o [1]
  .text              ro code   0x800'2dc0   0x23c  stm32f1xx_hal_gpio.o [1]
  .text              ro code   0x800'2ffc     0x6  ABImemclr4.o [4]
  .text              ro code   0x800'3004    0x26  stm32f1xx_hal.o [1]
  .text              ro code   0x800'302c   0x2f6  bsp_key.o [1]
  .text              ro code   0x800'3324   0x388  bsp_timer.o [1]
  .text              ro code   0x800'36ac   0x120  bsp_led.o [1]
  .text              ro code   0x800'37cc   0x114  bsp_beep.o [1]
  .text              ro code   0x800'38e0    0x32  ABImemset48.o [4]
  .text              ro code   0x800'3914    0x28  printf.o [2]
  .text              ro code   0x800'393c    0x18  stm32f1xx_hal.o [1]
  .text              ro code   0x800'3954   0x140  heap0.o [2]
  .text              ro code   0x800'3a94    0x2c  xgetmemchunk.o [2]
  .text              ro code   0x800'3ac0    0xd8  xfspos.o [2]
  .text              ro code   0x800'3b98    0xac  fflush.o [2]
  .text              ro code   0x800'3c44     0xc  xfgpos.o [2]
  .text              ro code   0x800'3c50    0x4a  lseek.o [5]
  .text              ro code   0x800'3c9a    0x10  write.o [5]
  .text              ro code   0x800'3cac    0xcc  XShHandles.o [2]
  .text              ro code   0x800'3d78    0x1e  dwrite.o [5]
  .text              ro code   0x800'3d96    0x20  iarwstd.o [5]
  .text              ro code   0x800'3db6    0x22  iarwrite.o [5]
  .text              ro code   0x800'3dd8    0xb4  xfwprep.o [2]
  .text              ro code   0x800'3e8c    0x24  fseek.o [2]
  .text              ro code   0x800'3eb0    0xb0  SEGGER_HardFaultHandler.o [1]
  .text              ro code   0x800'3f60    0x8c  xfofind.o [2]
  .text              ro code   0x800'3fec     0x4  heaptramp0.o [2]
  .text              ro code   0x800'3ff0    0x84  main.o [1]
  .text              ro code   0x800'4074    0x7e  fclose.o [2]
  .text              ro code   0x800'40f2    0x18  close.o [5]
  .text              ro code   0x800'410a    0x14  remove.o [5]
  .rodata            const     0x800'4120    0x64  bsp_tim_pwm.o [1]
  .rodata            const     0x800'4184    0x64  bsp_timer.o [1]
  .rodata            const     0x800'41e8    0x58  bsp.o [1]
  .text              ro code   0x800'4240    0x58  system_stm32f1xx.o [1]
  .text              ro code   0x800'4298    0x54  fputc.o [2]
  .text              ro code   0x800'42ec    0x3c  xcloseall.o [2]
  .rodata            const     0x800'4328    0x30  bsp_key.o [1]
  .text              ro code   0x800'4358    0x28  data_init.o [4]
  .iar.init_table    const     0x800'4380    0x20  - Linker created -
  .rodata            const     0x800'43a0    0x20  bsp_timer.o [1]
  .text              ro code   0x800'43c0    0x1e  cmain.o [4]
  .text              ro code   0x800'43de     0x4  low_level_init.o [2]
  .text              ro code   0x800'43e2     0x4  exit.o [2]
  .text              ro code   0x800'43e8     0xe  cexit.o [4]
  .text              ro code   0x800'43f6    0x16  xprout.o [2]
  .text              ro code   0x800'440c     0xc  putchar.o [2]
  .rodata            const     0x800'4418    0x14  bsp_timer.o [1]
  .text              ro code   0x800'442c    0x12  HardFaultHandler.o [1]
  .rodata            const     0x800'4440    0x10  bsp_led.o [1]
  .rodata            const     0x800'4450    0x10  bsp_tim_pwm.o [1]
  .rodata            const     0x800'4460    0x10  stm32f1xx_hal_rcc.o [1]
  .rodata            const     0x800'4470    0x10  system_stm32f1xx.o [1]
  .text              ro code   0x800'4480    0x10  startup_stm32f103xe.o [1]
  .text              ro code   0x800'4490     0xc  cstartup_M.o [4]
  .rodata            const     0x800'449c     0x4  xlocale_c.o [2]
  .text              ro code   0x800'44a0     0x4  startup_stm32f103xe.o [1]
  .text              ro code   0x800'44a4     0x4  startup_stm32f103xe.o [1]
  .text              ro code   0x800'44a8     0x4  startup_stm32f103xe.o [1]
  .text              ro code   0x800'44ac     0x4  startup_stm32f103xe.o [1]
  .text              ro code   0x800'44b0     0x4  startup_stm32f103xe.o [1]
  .text              ro code   0x800'44b4     0x4  startup_stm32f103xe.o [1]
  .text              ro code   0x800'44b8     0x4  startup_stm32f103xe.o [1]
  .text              ro code   0x800'44bc     0x4  startup_stm32f103xe.o [1]
  .text              ro code   0x800'44c0     0x4  startup_stm32f103xe.o [1]
  .text              ro code   0x800'44c4     0x4  startup_stm32f103xe.o [1]
  .text              ro code   0x800'44c8     0x4  startup_stm32f103xe.o [1]
  .text              ro code   0x800'44cc     0x4  startup_stm32f103xe.o [1]
  .text              ro code   0x800'44d0     0x4  startup_stm32f103xe.o [1]
  .text              ro code   0x800'44d4     0x4  startup_stm32f103xe.o [1]
  .text              ro code   0x800'44d8     0x4  startup_stm32f103xe.o [1]
  .text              ro code   0x800'44dc     0x4  startup_stm32f103xe.o [1]
  .text              ro code   0x800'44e0     0x4  startup_stm32f103xe.o [1]
  .text              ro code   0x800'44e4     0x4  startup_stm32f103xe.o [1]
  .text              ro code   0x800'44e8     0x4  startup_stm32f103xe.o [1]
  .text              ro code   0x800'44ec     0x4  startup_stm32f103xe.o [1]
  .text              ro code   0x800'44f0     0x4  startup_stm32f103xe.o [1]
  .text              ro code   0x800'44f4     0x4  startup_stm32f103xe.o [1]
  .text              ro code   0x800'44f8     0x4  startup_stm32f103xe.o [1]
  .text              ro code   0x800'44fc     0x4  startup_stm32f103xe.o [1]
  .text              ro code   0x800'4500     0x4  startup_stm32f103xe.o [1]
  .text              ro code   0x800'4504     0x4  startup_stm32f103xe.o [1]
  .text              ro code   0x800'4508     0x4  startup_stm32f103xe.o [1]
  .text              ro code   0x800'450c     0x4  startup_stm32f103xe.o [1]
  .text              ro code   0x800'4510     0x4  startup_stm32f103xe.o [1]
  .text              ro code   0x800'4514     0x4  startup_stm32f103xe.o [1]
  .text              ro code   0x800'4518     0x4  startup_stm32f103xe.o [1]
  .text              ro code   0x800'451c     0x4  startup_stm32f103xe.o [1]
  .text              ro code   0x800'4520     0x4  startup_stm32f103xe.o [1]
  .text              ro code   0x800'4524     0x4  startup_stm32f103xe.o [1]
  .text              ro code   0x800'4528     0x4  startup_stm32f103xe.o [1]
  .text              ro code   0x800'452c     0x4  startup_stm32f103xe.o [1]
  .text              ro code   0x800'4530     0x4  startup_stm32f103xe.o [1]
  .text              ro code   0x800'4534     0x4  startup_stm32f103xe.o [1]
  .text              ro code   0x800'4538     0x4  startup_stm32f103xe.o [1]
  .text              ro code   0x800'453c     0x4  startup_stm32f103xe.o [1]
  .text              ro code   0x800'4540     0x4  startup_stm32f103xe.o [1]
  .text              ro code   0x800'4544     0x4  startup_stm32f103xe.o [1]
  .text              ro code   0x800'4548     0x4  startup_stm32f103xe.o [1]
  .text              ro code   0x800'454c     0x4  startup_stm32f103xe.o [1]
  .text              ro code   0x800'4550     0x4  startup_stm32f103xe.o [1]
  .text              ro code   0x800'4554     0x4  startup_stm32f103xe.o [1]
  .text              ro code   0x800'4558     0x4  startup_stm32f103xe.o [1]
  .text              ro code   0x800'455c     0x4  startup_stm32f103xe.o [1]
  .text              ro code   0x800'4560     0x4  startup_stm32f103xe.o [1]
  .text              ro code   0x800'4564     0x4  startup_stm32f103xe.o [1]
  .text              ro code   0x800'4568     0x4  startup_stm32f103xe.o [1]
  .text              ro code   0x800'456c     0x4  startup_stm32f103xe.o [1]
  .text              ro code   0x800'4570     0x4  startup_stm32f103xe.o [1]
  .text              ro code   0x800'4574     0x4  startup_stm32f103xe.o [1]
  .text              ro code   0x800'4578     0x4  startup_stm32f103xe.o [1]
  .text              ro code   0x800'457c     0x4  startup_stm32f103xe.o [1]
  .text              ro code   0x800'4580     0x4  startup_stm32f103xe.o [1]
  .text              ro code   0x800'4584     0x4  startup_stm32f103xe.o [1]
  .text              ro code   0x800'4588     0x4  startup_stm32f103xe.o [1]
  .text              ro code   0x800'458c     0x0  cstart_closeall.o [4]
  .rodata            const     0x800'458c     0x0  zero_init3.o [4]
  .rodata            const     0x800'458c     0x0  lz77_init_single.o [4]
  Initializer bytes  const     0x800'458c    0x6f  <for P2-1>
                             - 0x800'45fb  0x44cb

"P2", part 1 of 3:                          0x141
  P2-1                        0x2000'0000   0x141  <Init block>
    .data            inited   0x2000'0000     0x4  stm32f1xx_hal.o [1]
    .data            inited   0x2000'0004     0x4  system_stm32f1xx.o [1]
    .data            inited   0x2000'0008    0x38  xlocale_c.o [2]
    .data            inited   0x2000'0040    0x48  xfiles.o [2]
    .data            inited   0x2000'0088    0x48  xfiles.o [2]
    .data            inited   0x2000'00d0    0x48  xfiles.o [2]
    .data            inited   0x2000'0118    0x20  xfiles.o [2]
    .data            inited   0x2000'0138     0x8  XShttio.o [2]
    .data            inited   0x2000'0140     0x1  stm32f1xx_hal.o [1]
                            - 0x2000'0141   0x141

"P2", part 2 of 3:                          0x244
  .bss               zero     0x2000'0144    0x80  XShHandles.o [2]
  .bss               zero     0x2000'01c4    0x60  bsp_key.o [1]
  .bss               zero     0x2000'0224    0x50  xfiles.o [2]
  .bss               zero     0x2000'0274    0x50  xfiles.o [2]
  .bss               zero     0x2000'02c4    0x40  SEGGER_HardFaultHandler.o [1]
  .bss               zero     0x2000'0304    0x30  bsp_timer.o [1]
  .bss               zero     0x2000'0334    0x10  bsp_beep.o [1]
  .bss               zero     0x2000'0344    0x10  bsp_key.o [1]
  .bss               zero     0x2000'0354     0x8  heap0.o [2]
  .bss               zero     0x2000'035c     0x4  bsp_timer.o [1]
  .bss               zero     0x2000'0360     0x4  bsp_timer.o [1]
  .bss               zero     0x2000'0364     0x4  bsp_timer.o [1]
  .bss               zero     0x2000'0368     0x4  bsp_timer.o [1]
  .bss               zero     0x2000'036c     0x4  bsp_timer.o [1]
  .bss               zero     0x2000'0370     0x4  bsp_timer.o [1]
  .bss               zero     0x2000'0374     0x4  SEGGER_HardFaultHandler.o [1]
  .bss               zero     0x2000'0378     0x4  stm32f1xx_hal.o [1]
  .bss               zero     0x2000'037c     0x4  xfail_s.o [2]
  .bss               zero     0x2000'0380     0x4  xgetmemchunk.o [2]
  .bss               zero     0x2000'0384     0x1  bsp_timer.o [1]
  .bss               zero     0x2000'0385     0x1  bsp_timer.o [1]
  .bss               zero     0x2000'0386     0x1  bsp_timer.o [1]
  .bss               zero     0x2000'0387     0x1  XShttio.o [2]
                            - 0x2000'0388   0x244

"P2", part 3 of 3:                          0xc00
  CSTACK                      0x2000'0388   0x800  <Block>
    CSTACK           uninit   0x2000'0388   0x800  <Block tail>
  HEAP                        0x2000'0b88   0x400  <Block>
    HEAP             uninit   0x2000'0b88   0x400  <Block tail>
                            - 0x2000'0f88   0xc00

Unused ranges:

         From           To      Size
         ----           --      ----
   0x800'45fb   0x807'ffff  0x7'ba05
  0x2000'0141  0x2000'0143       0x3
  0x2000'0f88  0x2000'ffff    0xf078


*******************************************************************************
*** INIT TABLE
***

          Address      Size
          -------      ----
Zero (__iar_zero_init3)
    1 destination range, total size 0x244:
          0x2000'0144  0x244

Copy/lz77 (__iar_lz77_init_single3)
    1 source range, total size 0x6f (34% of destination):
           0x800'458c   0x6f
    1 destination range, total size 0x141:
          0x2000'0000  0x141



*******************************************************************************
*** MODULE SUMMARY
***

    Module                     ro code  ro data  rw data
    ------                     -------  -------  -------
command line/config:
    ----------------------------------------------------
    Total:

E:\Users\Learning\STM32_SPL_Learning\STM32F10X\HAL_LIB_IAR\prj_HAL_Demo\Project\EWARMv8\FLASH\Obj: [1]
    HardFaultHandler.o              18
    SEGGER_HardFaultHandler.o      176                68
    bsp.o                          200       88
    bsp_beep.o                     276                16
    bsp_key.o                      758       48      112
    bsp_led.o                      288       16
    bsp_tim_pwm.o                  988      116
    bsp_timer.o                    904      152       75
    main.o                         132
    startup_stm32f103xe.o          556
    stm32f1xx_hal.o                150        2        9
    stm32f1xx_hal_cortex.o         300
    stm32f1xx_hal_gpio.o           572
    stm32f1xx_hal_rcc.o          1 508       18
    stm32f1xx_hal_tim.o          1 090
    stm32f1xx_it.o                  14
    system_stm32f1xx.o              88       17        4
    ----------------------------------------------------
    Total:                       8 018      457      284

dl7M_tlf.a: [2]
    XShHandles.o                   204               128
    XShttio.o                       60        3        9
    abort.o                          6
    exit.o                           4
    fclose.o                       126
    fflush.o                       172
    fputc.o                         84
    fseek.o                         36
    heap0.o                        320                 8
    heaptramp0.o                     4
    low_level_init.o                 4
    printf.o                        40
    putchar.o                       12
    xcloseall.o                     60
    xfail_s.o                       64                 4
    xfgpos.o                        12
    xfiles.o                                 85      408
    xfofind.o                      140
    xfspos.o                       216
    xfwprep.o                      180
    xgetmemchunk.o                  44                 4
    xlocale_c.o                      8       24       56
    xprintffull_nomb.o           3 570
    xprout.o                        22
    ----------------------------------------------------
    Total:                       5 388      112      617

m7M_tl.a: [3]
    DblAdd.o                       362
    DblCmpGe.o                      46
    DblCmpLe.o                      46
    DblDiv.o                       582
    DblMul.o                       418
    DblSub.o                       226
    DblToS32.o                      58
    DblToU32.o                      40
    S32ToDbl.o                      34
    U32ToDbl.o                      26
    frexp.o                        112
    ldexp.o                        314
    ----------------------------------------------------
    Total:                       2 264

rt7M_tl.a: [4]
    ABImemclr4.o                     6
    ABImemcpy.o                    166
    ABImemset48.o                   50
    I64DivMod.o                    560
    I64DivZer.o                      2
    cexit.o                         14
    cmain.o                         30
    cstart_closeall.o
    cstartup_M.o                    12
    data_init.o                     40
    lz77_init_single.o             122
    memchr.o                        88
    strchr.o                        22
    strlen.o                        54
    zero_init3.o                    58
    ----------------------------------------------------
    Total:                       1 224

shb_l.a: [5]
    close.o                         24
    dwrite.o                        30
    exit.o                          20
    iarttio.o                      128
    iarwrite.o                      34
    iarwstd.o                       32
    lseek.o                         74
    remove.o                        20
    write.o                         16
    ----------------------------------------------------
    Total:                         378

    Gaps                            38        4
    Linker created                           32    3 072
--------------------------------------------------------
    Grand Total:                17 310      605    3 973


*******************************************************************************
*** ENTRY LIST
***

Entry                       Address   Size  Type      Object
-----                       -------   ----  ----      ------
.iar.init_table$$Base    0x800'4380          --   Gb  - Linker created -
.iar.init_table$$Limit   0x800'43a0          --   Gb  - Linker created -
?main                    0x800'43c1         Code  Gb  cmain.o [4]
AHBPrescTable            0x800'4470   0x10  Data  Gb  system_stm32f1xx.o [1]
Aldata                  0x2000'0354    0x8  Data  Lc  heap0.o [2]
BEEP_InitHard            0x800'37cd    0x8  Code  Gb  bsp_beep.o [1]
BEEP_KeyTone             0x800'3819    0xe  Code  Gb  bsp_beep.o [1]
BEEP_Pro                 0x800'3827   0xac  Code  Gb  bsp_beep.o [1]
BEEP_Start               0x800'37d5   0x44  Code  Gb  bsp_beep.o [1]
BusFault_Handler         0x800'1067    0x2  Code  Gb  stm32f1xx_it.o [1]
CSTACK$$Base            0x2000'0388          --   Gb  - Linker created -
CSTACK$$Limit           0x2000'0b88          --   Gb  - Linker created -
DebugMon_Handler         0x800'106d    0x2  Code  Gb  stm32f1xx_it.o [1]
Error_Handler            0x800'2da9    0x8  Code  Gb  bsp.o [1]
HAL_GPIO_Init            0x800'2dc1  0x1ce  Code  Gb  stm32f1xx_hal_gpio.o [1]
HAL_GPIO_ReadPin         0x800'2f8f   0x12  Code  Gb  stm32f1xx_hal_gpio.o [1]
HAL_GPIO_WritePin        0x800'2fa1   0x14  Code  Gb  stm32f1xx_hal_gpio.o [1]
HAL_GetTick              0x800'2355    0xc  Code  Wk  stm32f1xx_hal.o [1]
HAL_IncTick              0x800'393d   0x18  Code  Wk  stm32f1xx_hal.o [1]
HAL_Init                 0x800'3005   0x20  Code  Gb  stm32f1xx_hal.o [1]
HAL_InitTick             0x800'2361   0x4c  Code  Wk  stm32f1xx_hal.o [1]
HAL_NVIC_EnableIRQ       0x800'24a5    0xa  Code  Gb  stm32f1xx_hal_cortex.o [1]
HAL_NVIC_SetPriority     0x800'2483   0x22  Code  Gb  stm32f1xx_hal_cortex.o [1]
HAL_NVIC_SetPriorityGrouping
                         0x800'247b    0x8  Code  Gb  stm32f1xx_hal_cortex.o [1]
HAL_RCC_ClockConfig      0x800'2143  0x146  Code  Gb  stm32f1xx_hal_rcc.o [1]
HAL_RCC_GetSysClockFreq
                         0x800'2289   0x62  Code  Gb  stm32f1xx_hal_rcc.o [1]
HAL_RCC_OscConfig        0x800'1d71  0x3d2  Code  Gb  stm32f1xx_hal_rcc.o [1]
HAL_SYSTICK_Config       0x800'24af    0x8  Code  Gb  stm32f1xx_hal_cortex.o [1]
HAL_TIM_Base_Init        0x800'24d9   0x38  Code  Gb  stm32f1xx_hal_tim.o [1]
HAL_TIM_Base_Start       0x800'2511   0x28  Code  Gb  stm32f1xx_hal_tim.o [1]
HAL_TIM_PWM_ConfigChannel
                         0x800'25cd   0xfc  Code  Gb  stm32f1xx_hal_tim.o [1]
HAL_TIM_PWM_Init         0x800'2539   0x38  Code  Gb  stm32f1xx_hal_tim.o [1]
HAL_TIM_PWM_Start        0x800'2571   0x54  Code  Gb  stm32f1xx_hal_tim.o [1]
HEAP$$Base              0x2000'0b88          --   Gb  - Linker created -
HEAP$$Limit             0x2000'0f88          --   Gb  - Linker created -
HardFaultHandler         0x800'3eb1   0xb0  Code  Gb  SEGGER_HardFaultHandler.o [1]
HardFaultRegs           0x2000'02c4   0x40  Data  Lc  SEGGER_HardFaultHandler.o [1]
HardFault_Handler        0x800'442d         Code  Gb  HardFaultHandler.o [1]
IsKeyDownFunc            0x800'306b   0x8e  Code  Lc  bsp_key.o [1]
KeyPinActive             0x800'302d   0x3e  Code  Lc  bsp_key.o [1]
LED_ReadPin              0x800'37a1   0x24  Code  Lc  bsp_led.o [1]
LED_SetPin               0x800'3765   0x3c  Code  Lc  bsp_led.o [1]
LED_configGPIO           0x800'3701   0x64  Code  Lc  bsp_led.o [1]
LoadInt                  0x800'02df   0x7a  Code  Lc  xprintffull_nomb.o [2]
MemManage_Handler        0x800'1065    0x2  Code  Gb  stm32f1xx_it.o [1]
NMI_Handler              0x800'1063    0x2  Code  Gb  stm32f1xx_it.o [1]
NVIC_EncodePriority      0x800'2411   0x3c  Code  Lc  stm32f1xx_hal_cortex.o [1]
PendSV_Handler           0x800'106f    0x2  Code  Gb  stm32f1xx_it.o [1]
RCC_Delay                0x800'22eb   0x24  Code  Lc  stm32f1xx_hal_rcc.o [1]
Region$$Table$$Base      0x800'4380          --   Gb  - Linker created -
Region$$Table$$Limit     0x800'43a0          --   Gb  - Linker created -
SVC_Handler              0x800'106b    0x2  Code  Gb  stm32f1xx_it.o [1]
SysTick_Config           0x800'334d   0x34  Code  Lc  bsp_timer.o [1]
SysTick_Config           0x800'244d   0x2e  Code  Lc  stm32f1xx_hal_cortex.o [1]
SysTick_Handler          0x800'34fd   0x14  Code  Gb  bsp_timer.o [1]
SysTick_ISR              0x800'33e7   0x76  Code  Gb  bsp_timer.o [1]
SysTick_ISR::s_count    0x2000'0386    0x1  Data  Lc  bsp_timer.o [1]
SystemClock_Config       0x800'2d15   0x86  Code  Lc  bsp.o [1]
SystemCoreClock         0x2000'0004    0x4  Data  Gb  system_stm32f1xx.o [1]
SystemInit               0x800'4241   0x3e  Code  Gb  system_stm32f1xx.o [1]
TIM2_IRQHandler          0x800'359f   0xb4  Code  Gb  bsp_timer.o [1]
TIM_Base_SetConfig       0x800'26c9   0x8a  Code  Gb  stm32f1xx_hal_tim.o [1]
TIM_CCxChannelCmd        0x800'28f1   0x26  Code  Gb  stm32f1xx_hal_tim.o [1]
TIM_OC1_SetConfig        0x800'2753   0x64  Code  Lc  stm32f1xx_hal_tim.o [1]
TIM_OC2_SetConfig        0x800'27b7   0x6e  Code  Gb  stm32f1xx_hal_tim.o [1]
TIM_OC3_SetConfig        0x800'2825   0x6c  Code  Lc  stm32f1xx_hal_tim.o [1]
TIM_OC4_SetConfig        0x800'2891   0x4c  Code  Lc  stm32f1xx_hal_tim.o [1]
UsageFault_Handler       0x800'1069    0x2  Code  Gb  stm32f1xx_it.o [1]
_Close_all               0x800'42ed   0x3c  Code  Gb  xcloseall.o [2]
_Continue               0x2000'0374    0x4  Data  Lc  SEGGER_HardFaultHandler.o [1]
_Files                  0x2000'0118   0x20  Data  Gb  xfiles.o [2]
_Fofree                  0x800'3f61   0x86  Code  Gb  xfofind.o [2]
_Fspos                   0x800'3ac1   0xd8  Code  Gb  xfspos.o [2]
_Fwprep                  0x800'3dd9   0xb4  Code  Gb  xfwprep.o [2]
_GenldFullNoMb           0x800'0c21  0x274  Code  Lc  xprintffull_nomb.o [2]
_LdtobFullNoMb           0x800'081d  0x3d6  Code  Lc  xprintffull_nomb.o [2]
_LitobFullNoMb           0x800'06cd  0x10a  Code  Lc  xprintffull_nomb.o [2]
_Locale_lconv           0x2000'0008   0x38  Data  Lc  xlocale_c.o [2]
_Nnl                     0x800'3c45    0xc  Code  Gb  xfgpos.o [2]
_PrintfFullNoMb          0x800'0131  0x19e  Code  Gb  xprintffull_nomb.o [2]
_Prout                   0x800'43f7   0x16  Code  Gb  xprout.o [2]
_PutcharsFullNoMb        0x800'0e95   0x2e  Code  Lc  xprintffull_nomb.o [2]
_PutfldFullNoMb          0x800'0359  0x268  Code  Lc  xprintffull_nomb.o [2]
_PuttxtFullNoMb          0x800'05c1  0x10c  Code  Lc  xprintffull_nomb.o [2]
__NVIC_EnableIRQ         0x800'23d1   0x1c  Code  Lc  stm32f1xx_hal_cortex.o [1]
__NVIC_GetPriorityGrouping
                         0x800'23c7    0xa  Code  Lc  stm32f1xx_hal_cortex.o [1]
__NVIC_SetPriority       0x800'3325   0x28  Code  Lc  bsp_timer.o [1]
__NVIC_SetPriority       0x800'23ed   0x24  Code  Lc  stm32f1xx_hal_cortex.o [1]
__NVIC_SetPriorityGrouping
                         0x800'23ad   0x1a  Code  Lc  stm32f1xx_hal_cortex.o [1]
__aeabi_cdcmple          0x800'15b5         Code  Gb  DblCmpLe.o [3]
__aeabi_cdrcmple         0x800'15e5         Code  Gb  DblCmpGe.o [3]
__aeabi_d2iz             0x800'1751         Code  Gb  DblToS32.o [3]
__aeabi_d2uiz            0x800'1add         Code  Gb  DblToU32.o [3]
__aeabi_ddiv             0x800'1895         Code  Gb  DblDiv.o [3]
__aeabi_dmul             0x800'12f9         Code  Gb  DblMul.o [3]
__aeabi_dsub             0x800'17b1         Code  Gb  DblSub.o [3]
__aeabi_i2d              0x800'178d         Code  Gb  S32ToDbl.o [3]
__aeabi_ldiv0            0x800'1b31         Code  Gb  I64DivZer.o [4]
__aeabi_memclr4          0x800'2ffd         Code  Gb  ABImemclr4.o [4]
__aeabi_memcpy           0x800'149d         Code  Gb  ABImemcpy.o [4]
__aeabi_memcpy4          0x800'14bd         Code  Gb  ABImemcpy.o [4]
__aeabi_memcpy8          0x800'14bd         Code  Gb  ABImemcpy.o [4]
__aeabi_ui2d             0x800'1b05         Code  Gb  U32ToDbl.o [3]
__aeabi_uldivmod         0x800'10c9         Code  Gb  I64DivMod.o [4]
__basic_free             0x800'3a01   0x16  Code  Gb  heap0.o [2]
__basic_free_intern      0x800'3a17   0x7a  Code  Lc  heap0.o [2]
__basic_malloc           0x800'3955   0x18  Code  Gb  heap0.o [2]
__basic_malloc_intern    0x800'396d   0x94  Code  Lc  heap0.o [2]
__cexit_closeall         0x800'43eb         Code  Gb  cexit.o [4]
__close                  0x800'40f3   0x18  Code  Gb  close.o [5]
__cmain                  0x800'43c1         Code  Gb  cmain.o [4]
__cstart_closeall        0x800'458c         Data  Gb  cstart_closeall.o [4]
__data_GetMemChunk       0x800'3a95   0x2c  Code  Gb  xgetmemchunk.o [2]
__data_GetMemChunk::start
                        0x2000'0380    0x4  Data  Lc  xgetmemchunk.o [2]
__dwrite                 0x800'3d79   0x1e  Code  Gb  dwrite.o [5]
__exit                   0x800'1ca1   0x14  Code  Gb  exit.o [5]
__iar_Fail_s             0x800'0fed   0x1c  Code  Gb  xfail_s.o [2]
__iar_Memchr             0x800'1071         Code  Gb  memchr.o [4]
__iar_Memset4_word       0x800'38e1         Code  Gb  ABImemset48.o [4]
__iar_Memset8_word       0x800'38e1         Code  Gb  ABImemset48.o [4]
__iar_Stderr            0x2000'00d0   0x48  Data  Gb  xfiles.o [2]
__iar_Stdin             0x2000'0040   0x48  Data  Gb  xfiles.o [2]
__iar_Stdout            0x2000'0088   0x48  Data  Gb  xfiles.o [2]
__iar_Strchr             0x800'0f9d         Code  Gb  strchr.o [4]
__iar_close_ttio         0x800'1cb5   0x2e  Code  Gb  iarttio.o [5]
__iar_dadd               0x800'17c1         Code  Gb  DblSub.o [3]
__iar_data_init3         0x800'4359   0x28  Code  Gb  data_init.o [4]
__iar_dsub               0x800'1b35         Code  Gb  DblAdd.o [3]
__iar_dsubStart          0x800'1b47         Code  Gb  DblAdd.o [3]
__iar_frexp              0x800'1551         Code  Gb  frexp.o [3]
__iar_frexp64            0x800'1545         Code  Gb  frexp.o [3]
__iar_frexpl             0x800'1551         Code  Gb  frexp.o [3]
__iar_get_ttio           0x800'1ce5   0x4c  Code  Gb  iarttio.o [5]
__iar_ldexp64            0x800'1615         Code  Gb  ldexp.o [3]
__iar_lookup_ttioh       0x800'1d63    0x4  Code  Gb  XShttio.o [2]
__iar_lz77_init_single3
                         0x800'0f23   0x7a  Code  Gb  lz77_init_single.o [4]
__iar_program_start      0x800'4491         Code  Gb  cstartup_M.o [4]
__iar_scalbln64          0x800'1615         Code  Gb  ldexp.o [3]
__iar_scalbn64           0x800'1615         Code  Gb  ldexp.o [3]
__iar_sh_Discard         0x800'3cad   0x42  Code  Gb  XShHandles.o [2]
__iar_sh_Move            0x800'3cef   0x46  Code  Gb  XShHandles.o [2]
__iar_sh_Pos             0x800'3d35   0x3e  Code  Gb  XShHandles.o [2]
__iar_sh_stdout          0x800'3d97   0x20  Code  Gb  iarwstd.o [5]
__iar_sh_write           0x800'3db7   0x22  Code  Gb  iarwrite.o [5]
__iar_ttio_guard_lock    0x800'1d35   0x1e  Code  Gb  XShttio.o [2]
__iar_ttio_guard_unlock
                         0x800'1d53   0x10  Code  Gb  XShttio.o [2]
__iar_ttio_handles      0x2000'0138    0x8  Data  Lc  XShttio.o [2]
__iar_zero_init3         0x800'0fb3   0x3a  Code  Gb  zero_init3.o [4]
__low_level_init         0x800'43df    0x4  Code  Gb  low_level_init.o [2]
__lseek                  0x800'3c51   0x4a  Code  Gb  lseek.o [5]
__vector_table           0x800'0000         Data  Gb  startup_stm32f103xe.o [1]
__write                  0x800'3c9b   0x10  Code  Gb  write.o [5]
_call_main               0x800'43cd         Code  Gb  cmain.o [4]
_exit                    0x800'43e9         Code  Gb  cexit.o [4]
_main                    0x800'43db         Code  Gb  cmain.o [4]
abort                    0x800'1b29    0x6  Code  Gb  abort.o [2]
bsp_CheckTimer           0x800'34cd   0x30  Code  Gb  bsp_timer.o [1]
bsp_ConfigGpioOut        0x800'2b1b   0x2a  Code  Gb  bsp_tim_pwm.o [1]
bsp_ConfigTimGpio        0x800'2aed   0x2e  Code  Gb  bsp_tim_pwm.o [1]
bsp_DetectKey            0x800'320f   0xe8  Code  Lc  bsp_key.o [1]
bsp_GetKey               0x800'31e9   0x26  Code  Gb  bsp_key.o [1]
bsp_Idle                 0x800'2dbf    0x2  Code  Gb  bsp.o [1]
bsp_Init                 0x800'2cf9   0x1c  Code  Gb  bsp.o [1]
bsp_InitHardTimer        0x800'3511   0x8e  Code  Gb  bsp_timer.o [1]
bsp_InitKey              0x800'30f9    0xc  Code  Gb  bsp_key.o [1]
bsp_InitKeyHard          0x800'3105   0x70  Code  Lc  bsp_key.o [1]
bsp_InitKeyVar           0x800'3175   0x5c  Code  Lc  bsp_key.o [1]
bsp_InitLed              0x800'36ad   0x18  Code  Gb  bsp_led.o [1]
bsp_InitTimer            0x800'3381   0x66  Code  Gb  bsp_timer.o [1]
bsp_KeyScan10ms          0x800'3309   0x1a  Code  Gb  bsp_key.o [1]
bsp_LedToggle            0x800'36c5   0x3c  Code  Gb  bsp_led.o [1]
bsp_PutKey               0x800'31d1   0x18  Code  Gb  bsp_key.o [1]
bsp_RCC_GPIO_Enable      0x800'291d   0xc4  Code  Gb  bsp_tim_pwm.o [1]
bsp_RCC_TIM_Enable       0x800'29e1  0x10c  Code  Gb  bsp_tim_pwm.o [1]
bsp_RunPer10ms           0x800'2db1    0xc  Code  Gb  bsp.o [1]
bsp_RunPer1ms            0x800'2dbd    0x2  Code  Gb  bsp.o [1]
bsp_SetTIMOutPWM         0x800'2b45  0x16c  Code  Gb  bsp_tim_pwm.o [1]
bsp_SoftTimerDec         0x800'345d   0x20  Code  Lc  bsp_timer.o [1]
bsp_StartAutoTimer       0x800'347d   0x50  Code  Gb  bsp_timer.o [1]
bsp_StartAutoTimer::__FUNCTION__
                         0x800'4418   0x14  Data  Lc  bsp_timer.o [1]
ebuf                    0x2000'0224   0x50  Data  Lc  xfiles.o [2]
exit                     0x800'43e3    0x4  Code  Gb  exit.o [2]
fclose                   0x800'4075   0x7e  Code  Gb  fclose.o [2]
fflush                   0x800'3c0d   0x34  Code  Gb  fflush.o [2]
fflushOne                0x800'3b99   0x74  Code  Lc  fflush.o [2]
fputc                    0x800'4299   0x54  Code  Gb  fputc.o [2]
free                     0x800'3fed    0x4  Code  Gb  heaptramp0.o [2]
frexp                    0x800'1545         Code  Gb  frexp.o [3]
frexpl                   0x800'1545         Code  Gb  frexp.o [3]
fseek                    0x800'3e8d   0x24  Code  Gb  fseek.o [2]
g_iRunTime              0x2000'0370    0x4  Data  Gb  bsp_timer.o [1]
g_tBeep                 0x2000'0334   0x10  Data  Gb  bsp_beep.o [1]
g_ucEnableSystickISR    0x2000'0385    0x1  Data  Lc  bsp_timer.o [1]
ldexp                    0x800'1615         Code  Gb  ldexp.o [3]
ldexpl                   0x800'1615         Code  Gb  ldexp.o [3]
led_gpio_list            0x800'4440   0x10  Data  Lc  bsp_led.o [1]
localeconv               0x800'1b21    0x4  Code  Gb  xlocale_c.o [2]
main                     0x800'3ff1   0x84  Code  Gb  main.o [1]
memchr                   0x800'1071         Code  Gb  memchr.o [4]
obuf                    0x2000'0274   0x50  Data  Lc  xfiles.o [2]
printf                   0x800'3915   0x28  Code  Gb  printf.o [2]
putchar                  0x800'440d    0xc  Code  Gb  putchar.o [2]
remove                   0x800'410b   0x14  Code  Gb  remove.o [5]
sFileInfo               0x2000'0144   0x80  Data  Lc  XShHandles.o [2]
s_TIM_CallBack1         0x2000'035c    0x4  Data  Lc  bsp_timer.o [1]
s_TIM_CallBack2         0x2000'0360    0x4  Data  Lc  bsp_timer.o [1]
s_TIM_CallBack3         0x2000'0364    0x4  Data  Lc  bsp_timer.o [1]
s_TIM_CallBack4         0x2000'0368    0x4  Data  Lc  bsp_timer.o [1]
s_gpio_list              0x800'4328   0x30  Data  Lc  bsp_key.o [1]
s_tBtn                  0x2000'01c4   0x60  Data  Lc  bsp_key.o [1]
s_tKey                  0x2000'0344   0x10  Data  Lc  bsp_key.o [1]
s_tTmr                  0x2000'0304   0x30  Data  Lc  bsp_timer.o [1]
s_ucTimeOutFlag         0x2000'0384    0x1  Data  Lc  bsp_timer.o [1]
s_uiDelayCount          0x2000'036c    0x4  Data  Lc  bsp_timer.o [1]
scalbln                  0x800'1615         Code  Gb  ldexp.o [3]
scalblnl                 0x800'1615         Code  Gb  ldexp.o [3]
scalbn                   0x800'1615         Code  Gb  ldexp.o [3]
scalbnl                  0x800'1615         Code  Gb  ldexp.o [3]
scale                    0x800'07d7   0x46  Code  Lc  xprintffull_nomb.o [2]
sec_hand                0x2000'037c    0x4  Data  Lc  xfail_s.o [2]
strchr                   0x800'0f9d         Code  Gb  strchr.o [4]
strlen                   0x800'102d         Code  Gb  strlen.o [4]
ttio_guard              0x2000'0387    0x1  Data  Lc  XShttio.o [2]
uwTick                  0x2000'0378    0x4  Data  Gb  stm32f1xx_hal.o [1]
uwTickFreq              0x2000'0140    0x1  Data  Gb  stm32f1xx_hal.o [1]
uwTickPrio              0x2000'0000    0x4  Data  Gb  stm32f1xx_hal.o [1]


[1] = E:\Users\Learning\STM32_SPL_Learning\STM32F10X\HAL_LIB_IAR\prj_HAL_Demo\Project\EWARMv8\FLASH\Obj
[2] = dl7M_tlf.a
[3] = m7M_tl.a
[4] = rt7M_tl.a
[5] = shb_l.a

  17 310 bytes of readonly  code memory
     605 bytes of readonly  data memory
   3 973 bytes of readwrite data memory

Errors: none
Warnings: none
