###############################################################################
#
# IAR ELF Linker V8.32.1.169/W32 for ARM                  08/Mar/2024  15:20:15
# Copyright 2007-2018 IAR Systems AB.
#
#    Output file  =  
#        E:\Users\Learning\STM32_SPL_Learning\STM32F10X\HAL_LIB_IAR\prj_HAL_Demo\Project\EWARMv8\FLASH\Exe\prj_HAL_Demo.out
#    Map file     =  
#        E:\Users\Learning\STM32_SPL_Learning\STM32F10X\HAL_LIB_IAR\prj_HAL_Demo\Project\EWARMv8\FLASH\List\prj_HAL_Demo.map
#    Command line =  
#        -f C:\Users\iccad\AppData\Local\Temp\EW5813.tmp
#        (E:\Users\Learning\STM32_SPL_Learning\STM32F10X\HAL_LIB_IAR\prj_HAL_Demo\Project\EWARMv8\FLASH\Obj\bsp.o
#        E:\Users\Learning\STM32_SPL_Learning\STM32F10X\HAL_LIB_IAR\prj_HAL_Demo\Project\EWARMv8\FLASH\Obj\bsp_beep.o
#        E:\Users\Learning\STM32_SPL_Learning\STM32F10X\HAL_LIB_IAR\prj_HAL_Demo\Project\EWARMv8\FLASH\Obj\bsp_key.o
#        E:\Users\Learning\STM32_SPL_Learning\STM32F10X\HAL_LIB_IAR\prj_HAL_Demo\Project\EWARMv8\FLASH\Obj\bsp_led.o
#        E:\Users\Learning\STM32_SPL_Learning\STM32F10X\HAL_LIB_IAR\prj_HAL_Demo\Project\EWARMv8\FLASH\Obj\bsp_tim_pwm.o
#        E:\Users\Learning\STM32_SPL_Learning\STM32F10X\HAL_LIB_IAR\prj_HAL_Demo\Project\EWARMv8\FLASH\Obj\bsp_timer.o
#        E:\Users\Learning\STM32_SPL_Learning\STM32F10X\HAL_LIB_IAR\prj_HAL_Demo\Project\EWARMv8\FLASH\Obj\bsp_uart_fifo.o
#        E:\Users\Learning\STM32_SPL_Learning\STM32F10X\HAL_LIB_IAR\prj_HAL_Demo\Project\EWARMv8\FLASH\Obj\HardFaultHandler.o
#        E:\Users\Learning\STM32_SPL_Learning\STM32F10X\HAL_LIB_IAR\prj_HAL_Demo\Project\EWARMv8\FLASH\Obj\main.o
#        E:\Users\Learning\STM32_SPL_Learning\STM32F10X\HAL_LIB_IAR\prj_HAL_Demo\Project\EWARMv8\FLASH\Obj\SEGGER_HardFaultHandler.o
#        E:\Users\Learning\STM32_SPL_Learning\STM32F10X\HAL_LIB_IAR\prj_HAL_Demo\Project\EWARMv8\FLASH\Obj\startup_stm32f103xe.o
#        E:\Users\Learning\STM32_SPL_Learning\STM32F10X\HAL_LIB_IAR\prj_HAL_Demo\Project\EWARMv8\FLASH\Obj\stm32f1xx_hal.o
#        E:\Users\Learning\STM32_SPL_Learning\STM32F10X\HAL_LIB_IAR\prj_HAL_Demo\Project\EWARMv8\FLASH\Obj\stm32f1xx_hal_adc.o
#        E:\Users\Learning\STM32_SPL_Learning\STM32F10X\HAL_LIB_IAR\prj_HAL_Demo\Project\EWARMv8\FLASH\Obj\stm32f1xx_hal_cortex.o
#        E:\Users\Learning\STM32_SPL_Learning\STM32F10X\HAL_LIB_IAR\prj_HAL_Demo\Project\EWARMv8\FLASH\Obj\stm32f1xx_hal_dma.o
#        E:\Users\Learning\STM32_SPL_Learning\STM32F10X\HAL_LIB_IAR\prj_HAL_Demo\Project\EWARMv8\FLASH\Obj\stm32f1xx_hal_flash.o
#        E:\Users\Learning\STM32_SPL_Learning\STM32F10X\HAL_LIB_IAR\prj_HAL_Demo\Project\EWARMv8\FLASH\Obj\stm32f1xx_hal_flash_ex.o
#        E:\Users\Learning\STM32_SPL_Learning\STM32F10X\HAL_LIB_IAR\prj_HAL_Demo\Project\EWARMv8\FLASH\Obj\stm32f1xx_hal_gpio.o
#        E:\Users\Learning\STM32_SPL_Learning\STM32F10X\HAL_LIB_IAR\prj_HAL_Demo\Project\EWARMv8\FLASH\Obj\stm32f1xx_hal_gpio_ex.o
#        E:\Users\Learning\STM32_SPL_Learning\STM32F10X\HAL_LIB_IAR\prj_HAL_Demo\Project\EWARMv8\FLASH\Obj\stm32f1xx_hal_rcc.o
#        E:\Users\Learning\STM32_SPL_Learning\STM32F10X\HAL_LIB_IAR\prj_HAL_Demo\Project\EWARMv8\FLASH\Obj\stm32f1xx_hal_rcc_ex.o
#        E:\Users\Learning\STM32_SPL_Learning\STM32F10X\HAL_LIB_IAR\prj_HAL_Demo\Project\EWARMv8\FLASH\Obj\stm32f1xx_hal_tim.o
#        E:\Users\Learning\STM32_SPL_Learning\STM32F10X\HAL_LIB_IAR\prj_HAL_Demo\Project\EWARMv8\FLASH\Obj\stm32f1xx_hal_tim_ex.o
#        E:\Users\Learning\STM32_SPL_Learning\STM32F10X\HAL_LIB_IAR\prj_HAL_Demo\Project\EWARMv8\FLASH\Obj\stm32f1xx_hal_uart.o
#        E:\Users\Learning\STM32_SPL_Learning\STM32F10X\HAL_LIB_IAR\prj_HAL_Demo\Project\EWARMv8\FLASH\Obj\stm32f1xx_hal_usart.o
#        E:\Users\Learning\STM32_SPL_Learning\STM32F10X\HAL_LIB_IAR\prj_HAL_Demo\Project\EWARMv8\FLASH\Obj\stm32f1xx_it.o
#        E:\Users\Learning\STM32_SPL_Learning\STM32F10X\HAL_LIB_IAR\prj_HAL_Demo\Project\EWARMv8\FLASH\Obj\system_stm32f1xx.o
#        --redirect _Printf=_PrintfFullNoMb --redirect _Scanf=_ScanfFullNoMb
#        --no_out_extension -o
#        E:\Users\Learning\STM32_SPL_Learning\STM32F10X\HAL_LIB_IAR\prj_HAL_Demo\Project\EWARMv8\FLASH\Exe\prj_HAL_Demo.out
#        --map
#        E:\Users\Learning\STM32_SPL_Learning\STM32F10X\HAL_LIB_IAR\prj_HAL_Demo\Project\EWARMv8\FLASH\List\prj_HAL_Demo.map
#        --config
#        E:\Users\Learning\STM32_SPL_Learning\STM32F10X\HAL_LIB_IAR\prj_HAL_Demo\Project\EWARMv8\prj_HAL_Demo.icf
#        --semihosting --entry __iar_program_start --vfe --text_out locale)
#
###############################################################################

*******************************************************************************
*** RUNTIME MODEL ATTRIBUTES
***

CppFlavor       = *
__SystemLibrary = DLib
__dlib_version  = 6


*******************************************************************************
*** HEAP SELECTION
***

The basic heap was selected because no calls to memory allocation
functions were found in the application outside of system library
functions, and there are calls to deallocation functions in the
application.


*******************************************************************************
*** PLACEMENT SUMMARY
***

"A0":  place at 0x800'0000 { ro section .intvec };
"P1":  place in [from 0x800'0000 to 0x807'ffff] { ro };
define block CSTACK with size = 2K, alignment = 8 { };
define block HEAP with size = 1K, alignment = 8 { };
"P2":  place in [from 0x2000'0000 to 0x2000'ffff] {
          rw, block CSTACK, block HEAP };
initialize by copy { rw };

  Section            Kind         Address    Size  Object
  -------            ----         -------    ----  ------
"A0":                                       0x130
  .intvec            ro code   0x800'0000   0x130  startup_stm32f103xe.o [1]
                             - 0x800'0130   0x130

"P1":                                      0x43e6
  .text              ro code   0x800'0130   0xdf2  xprintffull_nomb.o [2]
  .text              ro code   0x800'0f22    0x3a  zero_init3.o [4]
  .text              ro code   0x800'0f5c    0x16  strchr.o [4]
  .text              ro code   0x800'0f72     0xe  stm32f1xx_it.o [1]
  .text              ro code   0x800'0f80    0x40  xfail_s.o [2]
  .text              ro code   0x800'0fc0    0x36  strlen.o [4]
  .rodata            const     0x800'0ff6     0x2  stm32f1xx_hal_rcc.o [1]
  .text              ro code   0x800'0ff8    0x58  memchr.o [4]
  .text              ro code   0x800'1050   0x230  I64DivMod.o [4]
  .text              ro code   0x800'1280   0x1a2  DblMul.o [3]
  .text              ro code   0x800'1424    0xa6  ABImemcpy.o [4]
  .text              ro code   0x800'14cc    0x70  frexp.o [3]
  .text              ro code   0x800'153c    0x2e  DblCmpLe.o [3]
  .text              ro code   0x800'156c    0x2e  DblCmpGe.o [3]
  .text              ro code   0x800'159c   0x13a  ldexp.o [3]
  .text              ro code   0x800'16d8    0x3a  DblToS32.o [3]
  .text              ro code   0x800'1714    0x22  S32ToDbl.o [3]
  .text              ro code   0x800'1738    0xe2  DblSub.o [3]
  .text              ro code   0x800'181c   0x246  DblDiv.o [3]
  .text              ro code   0x800'1a64    0x28  DblToU32.o [3]
  .text              ro code   0x800'1a8c    0x1a  U32ToDbl.o [3]
  .text              ro code   0x800'1aa8     0x8  xlocale_c.o [2]
  .text              ro code   0x800'1ab0     0x6  abort.o [2]
  .text              ro code   0x800'1ab8     0x2  I64DivZer.o [4]
  .text              ro code   0x800'1abc   0x16a  DblAdd.o [3]
  .text              ro code   0x800'1c28    0x14  exit.o [5]
  .text              ro code   0x800'1c3c   0x618  stm32f1xx_hal_rcc.o [1]
  .text              ro code   0x800'2254     0xc  stm32f1xx_hal.o [1]
  .text              ro code   0x800'2260    0x4c  stm32f1xx_hal.o [1]
  .text              ro code   0x800'22ac   0x12c  stm32f1xx_hal_cortex.o [1]
  .text              ro code   0x800'23d8   0x440  stm32f1xx_hal_tim.o [1]
  .text              ro code   0x800'2818     0x2  stm32f1xx_hal_tim.o [1]
  .text              ro code   0x800'281c   0x3dc  bsp_tim_pwm.o [1]
  .text              ro code   0x800'2bf8    0xcc  bsp.o [1]
  .text              ro code   0x800'2cc4   0x23c  stm32f1xx_hal_gpio.o [1]
  .text              ro code   0x800'2f00     0x6  ABImemclr4.o [4]
  .text              ro code   0x800'2f08    0x26  stm32f1xx_hal.o [1]
  .text              ro code   0x800'2f30   0x2f6  bsp_key.o [1]
  .text              ro code   0x800'3228   0x388  bsp_timer.o [1]
  .text              ro code   0x800'35b0   0x3cc  bsp_uart_fifo.o [1]
  .text              ro code   0x800'397c   0x120  bsp_led.o [1]
  .text              ro code   0x800'3a9c   0x114  bsp_beep.o [1]
  .text              ro code   0x800'3bb0    0x32  ABImemset48.o [4]
  .text              ro code   0x800'3be4    0x28  printf.o [2]
  .text              ro code   0x800'3c0c    0x18  stm32f1xx_hal.o [1]
  .text              ro code   0x800'3c24   0x1ce  stm32f1xx_hal_uart.o [1]
  .text              ro code   0x800'3df4   0x144  main.o [1]
  .text              ro code   0x800'3f38    0xb0  SEGGER_HardFaultHandler.o [1]
  .rodata            const     0x800'3fe8    0x68  bsp_uart_fifo.o [1]
  .rodata            const     0x800'4050    0x64  bsp_tim_pwm.o [1]
  .rodata            const     0x800'40b4    0x64  bsp_timer.o [1]
  .rodata            const     0x800'4118    0x58  bsp.o [1]
  .text              ro code   0x800'4170    0x58  system_stm32f1xx.o [1]
  .text              ro code   0x800'41c8    0x38  packbits_init_single.o [4]
  .rodata            const     0x800'4200    0x30  bsp_key.o [1]
  .text              ro code   0x800'4230    0x28  data_init.o [4]
  .iar.init_table    const     0x800'4258    0x20  - Linker created -
  .rodata            const     0x800'4278    0x20  bsp_timer.o [1]
  .text              ro code   0x800'4298    0x1e  cmain.o [4]
  .text              ro code   0x800'42b6     0x4  low_level_init.o [2]
  .text              ro code   0x800'42ba     0x4  exit.o [2]
  .text              ro code   0x800'42c0     0xa  cexit.o [4]
  .text              ro code   0x800'42ca    0x16  xprout.o [2]
  .text              ro code   0x800'42e0     0xc  putchar.o [2]
  .rodata            const     0x800'42ec    0x14  bsp_timer.o [1]
  .rodata            const     0x800'4300    0x14  main.o [1]
  .rodata            const     0x800'4314    0x14  main.o [1]
  .rodata            const     0x800'4328    0x14  main.o [1]
  .rodata            const     0x800'433c    0x14  main.o [1]
  .text              ro code   0x800'4350    0x12  HardFaultHandler.o [1]
  .rodata            const     0x800'4364    0x10  bsp_led.o [1]
  .rodata            const     0x800'4374    0x10  bsp_tim_pwm.o [1]
  .rodata            const     0x800'4384    0x10  stm32f1xx_hal_rcc.o [1]
  .rodata            const     0x800'4394    0x10  system_stm32f1xx.o [1]
  .text              ro code   0x800'43a4    0x10  startup_stm32f103xe.o [1]
  .text              ro code   0x800'43b4     0xc  cstartup_M.o [4]
  .rodata            const     0x800'43c0     0x8  system_stm32f1xx.o [1]
  .rodata            const     0x800'43c8     0x4  xlocale_c.o [2]
  .text              ro code   0x800'43cc     0x4  startup_stm32f103xe.o [1]
  .text              ro code   0x800'43d0     0x4  startup_stm32f103xe.o [1]
  .text              ro code   0x800'43d4     0x4  startup_stm32f103xe.o [1]
  .text              ro code   0x800'43d8     0x4  startup_stm32f103xe.o [1]
  .text              ro code   0x800'43dc     0x4  startup_stm32f103xe.o [1]
  .text              ro code   0x800'43e0     0x4  startup_stm32f103xe.o [1]
  .text              ro code   0x800'43e4     0x4  startup_stm32f103xe.o [1]
  .text              ro code   0x800'43e8     0x4  startup_stm32f103xe.o [1]
  .text              ro code   0x800'43ec     0x4  startup_stm32f103xe.o [1]
  .text              ro code   0x800'43f0     0x4  startup_stm32f103xe.o [1]
  .text              ro code   0x800'43f4     0x4  startup_stm32f103xe.o [1]
  .text              ro code   0x800'43f8     0x4  startup_stm32f103xe.o [1]
  .text              ro code   0x800'43fc     0x4  startup_stm32f103xe.o [1]
  .text              ro code   0x800'4400     0x4  startup_stm32f103xe.o [1]
  .text              ro code   0x800'4404     0x4  startup_stm32f103xe.o [1]
  .text              ro code   0x800'4408     0x4  startup_stm32f103xe.o [1]
  .text              ro code   0x800'440c     0x4  startup_stm32f103xe.o [1]
  .text              ro code   0x800'4410     0x4  startup_stm32f103xe.o [1]
  .text              ro code   0x800'4414     0x4  startup_stm32f103xe.o [1]
  .text              ro code   0x800'4418     0x4  startup_stm32f103xe.o [1]
  .text              ro code   0x800'441c     0x4  startup_stm32f103xe.o [1]
  .text              ro code   0x800'4420     0x4  startup_stm32f103xe.o [1]
  .text              ro code   0x800'4424     0x4  startup_stm32f103xe.o [1]
  .text              ro code   0x800'4428     0x4  startup_stm32f103xe.o [1]
  .text              ro code   0x800'442c     0x4  startup_stm32f103xe.o [1]
  .text              ro code   0x800'4430     0x4  startup_stm32f103xe.o [1]
  .text              ro code   0x800'4434     0x4  startup_stm32f103xe.o [1]
  .text              ro code   0x800'4438     0x4  startup_stm32f103xe.o [1]
  .text              ro code   0x800'443c     0x4  startup_stm32f103xe.o [1]
  .text              ro code   0x800'4440     0x4  startup_stm32f103xe.o [1]
  .text              ro code   0x800'4444     0x4  startup_stm32f103xe.o [1]
  .text              ro code   0x800'4448     0x4  startup_stm32f103xe.o [1]
  .text              ro code   0x800'444c     0x4  startup_stm32f103xe.o [1]
  .text              ro code   0x800'4450     0x4  startup_stm32f103xe.o [1]
  .text              ro code   0x800'4454     0x4  startup_stm32f103xe.o [1]
  .text              ro code   0x800'4458     0x4  startup_stm32f103xe.o [1]
  .text              ro code   0x800'445c     0x4  startup_stm32f103xe.o [1]
  .text              ro code   0x800'4460     0x4  startup_stm32f103xe.o [1]
  .text              ro code   0x800'4464     0x4  startup_stm32f103xe.o [1]
  .text              ro code   0x800'4468     0x4  startup_stm32f103xe.o [1]
  .text              ro code   0x800'446c     0x4  startup_stm32f103xe.o [1]
  .text              ro code   0x800'4470     0x4  startup_stm32f103xe.o [1]
  .text              ro code   0x800'4474     0x4  startup_stm32f103xe.o [1]
  .text              ro code   0x800'4478     0x4  startup_stm32f103xe.o [1]
  .text              ro code   0x800'447c     0x4  startup_stm32f103xe.o [1]
  .text              ro code   0x800'4480     0x4  startup_stm32f103xe.o [1]
  .text              ro code   0x800'4484     0x4  startup_stm32f103xe.o [1]
  .text              ro code   0x800'4488     0x4  startup_stm32f103xe.o [1]
  .text              ro code   0x800'448c     0x4  startup_stm32f103xe.o [1]
  .text              ro code   0x800'4490     0x4  startup_stm32f103xe.o [1]
  .text              ro code   0x800'4494     0x4  startup_stm32f103xe.o [1]
  .text              ro code   0x800'4498     0x4  startup_stm32f103xe.o [1]
  .text              ro code   0x800'449c     0x4  startup_stm32f103xe.o [1]
  .text              ro code   0x800'44a0     0x4  startup_stm32f103xe.o [1]
  .text              ro code   0x800'44a4     0x4  startup_stm32f103xe.o [1]
  .text              ro code   0x800'44a8     0x4  startup_stm32f103xe.o [1]
  .text              ro code   0x800'44ac     0x4  startup_stm32f103xe.o [1]
  .text              ro code   0x800'44b0     0x4  startup_stm32f103xe.o [1]
  .rodata            const     0x800'44b4     0x0  zero_init3.o [4]
  .rodata            const     0x800'44b4     0x0  packbits_init_single.o [4]
  Initializer bytes  const     0x800'44b4    0x62  <for P2-1>
                             - 0x800'4516  0x43e6

"P2", part 1 of 3:                           0x89
  P2-1                        0x2000'0000    0x89  <Init block>
    .data            inited   0x2000'0000     0x4  stm32f1xx_hal.o [1]
    .data            inited   0x2000'0004     0x4  system_stm32f1xx.o [1]
    .data            inited   0x2000'0008    0x38  xlocale_c.o [2]
    .data            inited   0x2000'0040    0x48  xfiles.o [2]
    .data            inited   0x2000'0088     0x1  stm32f1xx_hal.o [1]
                            - 0x2000'0089    0x89

"P2", part 2 of 3:                          0x594
  .bss               zero     0x2000'008c   0x200  bsp_uart_fifo.o [1]
  .bss               zero     0x2000'028c   0x200  bsp_uart_fifo.o [1]
  .bss               zero     0x2000'048c    0x60  bsp_key.o [1]
  .bss               zero     0x2000'04ec    0x50  xfiles.o [2]
  .bss               zero     0x2000'053c    0x40  SEGGER_HardFaultHandler.o [1]
  .bss               zero     0x2000'057c    0x30  bsp_timer.o [1]
  .bss               zero     0x2000'05ac    0x2c  bsp_uart_fifo.o [1]
  .bss               zero     0x2000'05d8    0x10  bsp_beep.o [1]
  .bss               zero     0x2000'05e8    0x10  bsp_key.o [1]
  .bss               zero     0x2000'05f8     0x4  bsp_timer.o [1]
  .bss               zero     0x2000'05fc     0x4  bsp_timer.o [1]
  .bss               zero     0x2000'0600     0x4  bsp_timer.o [1]
  .bss               zero     0x2000'0604     0x4  bsp_timer.o [1]
  .bss               zero     0x2000'0608     0x4  bsp_timer.o [1]
  .bss               zero     0x2000'060c     0x4  bsp_timer.o [1]
  .bss               zero     0x2000'0610     0x4  SEGGER_HardFaultHandler.o [1]
  .bss               zero     0x2000'0614     0x4  stm32f1xx_hal.o [1]
  .bss               zero     0x2000'0618     0x4  xfail_s.o [2]
  .bss               zero     0x2000'061c     0x1  bsp_timer.o [1]
  .bss               zero     0x2000'061d     0x1  bsp_timer.o [1]
  .bss               zero     0x2000'061e     0x1  bsp_timer.o [1]
                            - 0x2000'061f   0x593

"P2", part 3 of 3:                          0x800
  CSTACK                      0x2000'0620   0x800  <Block>
    CSTACK           uninit   0x2000'0620   0x800  <Block tail>
                            - 0x2000'0e20   0x800

Unused ranges:

         From           To      Size
         ----           --      ----
   0x800'4516   0x807'ffff  0x7'baea
  0x2000'0089  0x2000'008b       0x3
  0x2000'0e20  0x2000'ffff    0xf1e0


*******************************************************************************
*** INIT TABLE
***

          Address      Size
          -------      ----
Zero (__iar_zero_init3)
    1 destination range, total size 0x593:
          0x2000'008c  0x593

Copy/packbits (__iar_packbits_init_single3)
    1 source range, total size 0x62 (71% of destination):
           0x800'44b4   0x62
    1 destination range, total size 0x89:
          0x2000'0000   0x89



*******************************************************************************
*** MODULE SUMMARY
***

    Module                     ro code  ro data  rw data
    ------                     -------  -------  -------
command line/config:
    ----------------------------------------------------
    Total:

E:\Users\Learning\STM32_SPL_Learning\STM32F10X\HAL_LIB_IAR\prj_HAL_Demo\Project\EWARMv8\FLASH\Obj: [1]
    HardFaultHandler.o              18
    SEGGER_HardFaultHandler.o      176                68
    bsp.o                          204       88
    bsp_beep.o                     276                16
    bsp_key.o                      758       48      112
    bsp_led.o                      288       16
    bsp_tim_pwm.o                  988      116
    bsp_timer.o                    904      152       75
    bsp_uart_fifo.o                972      104    1 068
    main.o                         324       80
    startup_stm32f103xe.o          552
    stm32f1xx_hal.o                150        3        9
    stm32f1xx_hal_cortex.o         300
    stm32f1xx_hal_gpio.o           572
    stm32f1xx_hal_rcc.o          1 560       18
    stm32f1xx_hal_tim.o          1 090
    stm32f1xx_hal_uart.o           462
    stm32f1xx_it.o                  14
    system_stm32f1xx.o              88       27        4
    ----------------------------------------------------
    Total:                       9 696      652    1 352

dl7M_tlf.a: [2]
    abort.o                          6
    exit.o                           4
    low_level_init.o                 4
    printf.o                        40
    putchar.o                       12
    xfail_s.o                       64                 4
    xfiles.o                                 52      152
    xlocale_c.o                      8       44       56
    xprintffull_nomb.o           3 570
    xprout.o                        22
    ----------------------------------------------------
    Total:                       3 730       96      212

m7M_tl.a: [3]
    DblAdd.o                       362
    DblCmpGe.o                      46
    DblCmpLe.o                      46
    DblDiv.o                       582
    DblMul.o                       418
    DblSub.o                       226
    DblToS32.o                      58
    DblToU32.o                      40
    S32ToDbl.o                      34
    U32ToDbl.o                      26
    frexp.o                        112
    ldexp.o                        314
    ----------------------------------------------------
    Total:                       2 264

rt7M_tl.a: [4]
    ABImemclr4.o                     6
    ABImemcpy.o                    166
    ABImemset48.o                   50
    I64DivMod.o                    560
    I64DivZer.o                      2
    cexit.o                         10
    cmain.o                         30
    cstartup_M.o                    12
    data_init.o                     40
    memchr.o                        88
    packbits_init_single.o          56
    strchr.o                        22
    strlen.o                        54
    zero_init3.o                    58
    ----------------------------------------------------
    Total:                       1 154

shb_l.a: [5]
    exit.o                          20
    ----------------------------------------------------
    Total:                          20

    Gaps                            40        2
    Linker created                           32    2 048
--------------------------------------------------------
    Grand Total:                16 904      782    3 612


*******************************************************************************
*** ENTRY LIST
***

Entry                       Address   Size  Type      Object
-----                       -------   ----  ----      ------
.iar.init_table$$Base    0x800'4258          --   Gb  - Linker created -
.iar.init_table$$Limit   0x800'4278          --   Gb  - Linker created -
?main                    0x800'4299         Code  Gb  cmain.o [4]
AHBPrescTable            0x800'4394   0x10  Data  Gb  system_stm32f1xx.o [1]
APBPrescTable            0x800'43c0    0x8  Data  Gb  system_stm32f1xx.o [1]
BEEP_InitHard            0x800'3a9d    0x8  Code  Gb  bsp_beep.o [1]
BEEP_KeyTone             0x800'3ae9    0xe  Code  Gb  bsp_beep.o [1]
BEEP_Pro                 0x800'3af7   0xac  Code  Gb  bsp_beep.o [1]
BEEP_Start               0x800'3aa5   0x44  Code  Gb  bsp_beep.o [1]
BusFault_Handler         0x800'0f77    0x2  Code  Gb  stm32f1xx_it.o [1]
CSTACK$$Base            0x2000'0620          --   Gb  - Linker created -
CSTACK$$Limit           0x2000'0e20          --   Gb  - Linker created -
ComToUart                0x800'35bd   0x4c  Code  Gb  bsp_uart_fifo.o [1]
DebugMon_Handler         0x800'0f7d    0x2  Code  Gb  stm32f1xx_it.o [1]
Error_Handler            0x800'2cad    0x8  Code  Gb  bsp.o [1]
HAL_GPIO_Init            0x800'2cc5  0x1ce  Code  Gb  stm32f1xx_hal_gpio.o [1]
HAL_GPIO_ReadPin         0x800'2e93   0x12  Code  Gb  stm32f1xx_hal_gpio.o [1]
HAL_GPIO_WritePin        0x800'2ea5   0x14  Code  Gb  stm32f1xx_hal_gpio.o [1]
HAL_GetTick              0x800'2255    0xc  Code  Wk  stm32f1xx_hal.o [1]
HAL_IncTick              0x800'3c0d   0x18  Code  Wk  stm32f1xx_hal.o [1]
HAL_Init                 0x800'2f09   0x20  Code  Gb  stm32f1xx_hal.o [1]
HAL_InitTick             0x800'2261   0x4c  Code  Wk  stm32f1xx_hal.o [1]
HAL_NVIC_EnableIRQ       0x800'23a5    0xa  Code  Gb  stm32f1xx_hal_cortex.o [1]
HAL_NVIC_SetPriority     0x800'2383   0x22  Code  Gb  stm32f1xx_hal_cortex.o [1]
HAL_NVIC_SetPriorityGrouping
                         0x800'237b    0x8  Code  Gb  stm32f1xx_hal_cortex.o [1]
HAL_RCC_ClockConfig      0x800'200f  0x146  Code  Gb  stm32f1xx_hal_rcc.o [1]
HAL_RCC_GetHCLKFreq      0x800'21b7    0x6  Code  Gb  stm32f1xx_hal_rcc.o [1]
HAL_RCC_GetPCLK1Freq     0x800'21bd   0x16  Code  Gb  stm32f1xx_hal_rcc.o [1]
HAL_RCC_GetPCLK2Freq     0x800'21d3   0x16  Code  Gb  stm32f1xx_hal_rcc.o [1]
HAL_RCC_GetSysClockFreq
                         0x800'2155   0x62  Code  Gb  stm32f1xx_hal_rcc.o [1]
HAL_RCC_OscConfig        0x800'1c3d  0x3d2  Code  Gb  stm32f1xx_hal_rcc.o [1]
HAL_SYSTICK_Config       0x800'23af    0x8  Code  Gb  stm32f1xx_hal_cortex.o [1]
HAL_TIM_Base_Init        0x800'23d9   0x38  Code  Gb  stm32f1xx_hal_tim.o [1]
HAL_TIM_Base_Start       0x800'2411   0x28  Code  Gb  stm32f1xx_hal_tim.o [1]
HAL_TIM_PWM_ConfigChannel
                         0x800'24cd   0xfc  Code  Gb  stm32f1xx_hal_tim.o [1]
HAL_TIM_PWM_Init         0x800'2439   0x38  Code  Gb  stm32f1xx_hal_tim.o [1]
HAL_TIM_PWM_Start        0x800'2471   0x54  Code  Gb  stm32f1xx_hal_tim.o [1]
HAL_UART_Init            0x800'3c25   0x76  Code  Gb  stm32f1xx_hal_uart.o [1]
HardFaultHandler         0x800'3f39   0xb0  Code  Gb  SEGGER_HardFaultHandler.o [1]
HardFaultRegs           0x2000'053c   0x40  Data  Lc  SEGGER_HardFaultHandler.o [1]
HardFault_Handler        0x800'4351         Code  Gb  HardFaultHandler.o [1]
InitHardUart             0x800'36d1   0xa8  Code  Lc  bsp_uart_fifo.o [1]
IsKeyDownFunc            0x800'2f6f   0x8e  Code  Lc  bsp_key.o [1]
KeyPinActive             0x800'2f31   0x3e  Code  Lc  bsp_key.o [1]
LED_ReadPin              0x800'3a71   0x24  Code  Lc  bsp_led.o [1]
LED_SetPin               0x800'3a35   0x3c  Code  Lc  bsp_led.o [1]
LED_configGPIO           0x800'39d1   0x64  Code  Lc  bsp_led.o [1]
LoadInt                  0x800'02df   0x7a  Code  Lc  xprintffull_nomb.o [2]
MemManage_Handler        0x800'0f75    0x2  Code  Gb  stm32f1xx_it.o [1]
NMI_Handler              0x800'0f73    0x2  Code  Gb  stm32f1xx_it.o [1]
NVIC_EncodePriority      0x800'2311   0x3c  Code  Lc  stm32f1xx_hal_cortex.o [1]
PendSV_Handler           0x800'0f7f    0x2  Code  Gb  stm32f1xx_it.o [1]
RCC_Delay                0x800'21e9   0x24  Code  Lc  stm32f1xx_hal_rcc.o [1]
Region$$Table$$Base      0x800'4258          --   Gb  - Linker created -
Region$$Table$$Limit     0x800'4278          --   Gb  - Linker created -
SVC_Handler              0x800'0f7b    0x2  Code  Gb  stm32f1xx_it.o [1]
SysTick_Config           0x800'3251   0x34  Code  Lc  bsp_timer.o [1]
SysTick_Config           0x800'234d   0x2e  Code  Lc  stm32f1xx_hal_cortex.o [1]
SysTick_Handler          0x800'3401   0x14  Code  Gb  bsp_timer.o [1]
SysTick_ISR              0x800'32eb   0x76  Code  Gb  bsp_timer.o [1]
SysTick_ISR::s_count    0x2000'061e    0x1  Data  Lc  bsp_timer.o [1]
SystemClock_Config       0x800'2c19   0x86  Code  Lc  bsp.o [1]
SystemCoreClock         0x2000'0004    0x4  Data  Gb  system_stm32f1xx.o [1]
SystemInit               0x800'4171   0x3e  Code  Gb  system_stm32f1xx.o [1]
TIM2_IRQHandler          0x800'34a3   0xb4  Code  Gb  bsp_timer.o [1]
TIM_Base_SetConfig       0x800'25c9   0x8a  Code  Gb  stm32f1xx_hal_tim.o [1]
TIM_CCxChannelCmd        0x800'27f1   0x26  Code  Gb  stm32f1xx_hal_tim.o [1]
TIM_OC1_SetConfig        0x800'2653   0x64  Code  Lc  stm32f1xx_hal_tim.o [1]
TIM_OC2_SetConfig        0x800'26b7   0x6e  Code  Gb  stm32f1xx_hal_tim.o [1]
TIM_OC3_SetConfig        0x800'2725   0x6c  Code  Lc  stm32f1xx_hal_tim.o [1]
TIM_OC4_SetConfig        0x800'2791   0x4c  Code  Lc  stm32f1xx_hal_tim.o [1]
UART_SetConfig           0x800'3c9b  0x14c  Code  Lc  stm32f1xx_hal_uart.o [1]
USART1_IRQHandler        0x800'393b    0xa  Code  Gb  bsp_uart_fifo.o [1]
UartGetChar              0x800'3807   0x48  Code  Lc  bsp_uart_fifo.o [1]
UartIRQ                  0x800'384f   0xec  Code  Lc  bsp_uart_fifo.o [1]
UartSend                 0x800'3779   0x8e  Code  Lc  bsp_uart_fifo.o [1]
UartVarInit              0x800'365b   0x42  Code  Lc  bsp_uart_fifo.o [1]
UsageFault_Handler       0x800'0f79    0x2  Code  Gb  stm32f1xx_it.o [1]
_Continue               0x2000'0610    0x4  Data  Lc  SEGGER_HardFaultHandler.o [1]
_GenldFullNoMb           0x800'0c21  0x274  Code  Lc  xprintffull_nomb.o [2]
_LdtobFullNoMb           0x800'081d  0x3d6  Code  Lc  xprintffull_nomb.o [2]
_LitobFullNoMb           0x800'06cd  0x10a  Code  Lc  xprintffull_nomb.o [2]
_Locale_lconv           0x2000'0008   0x38  Data  Lc  xlocale_c.o [2]
_PrintfFullNoMb          0x800'0131  0x19e  Code  Gb  xprintffull_nomb.o [2]
_Prout                   0x800'42cb   0x16  Code  Gb  xprout.o [2]
_PutcharsFullNoMb        0x800'0e95   0x2e  Code  Lc  xprintffull_nomb.o [2]
_PutfldFullNoMb          0x800'0359  0x268  Code  Lc  xprintffull_nomb.o [2]
_PuttxtFullNoMb          0x800'05c1  0x10c  Code  Lc  xprintffull_nomb.o [2]
__NVIC_EnableIRQ         0x800'22d1   0x1c  Code  Lc  stm32f1xx_hal_cortex.o [1]
__NVIC_GetPriorityGrouping
                         0x800'22c7    0xa  Code  Lc  stm32f1xx_hal_cortex.o [1]
__NVIC_SetPriority       0x800'3229   0x28  Code  Lc  bsp_timer.o [1]
__NVIC_SetPriority       0x800'22ed   0x24  Code  Lc  stm32f1xx_hal_cortex.o [1]
__NVIC_SetPriorityGrouping
                         0x800'22ad   0x1a  Code  Lc  stm32f1xx_hal_cortex.o [1]
__aeabi_cdcmple          0x800'153d         Code  Gb  DblCmpLe.o [3]
__aeabi_cdrcmple         0x800'156d         Code  Gb  DblCmpGe.o [3]
__aeabi_d2iz             0x800'16d9         Code  Gb  DblToS32.o [3]
__aeabi_d2uiz            0x800'1a65         Code  Gb  DblToU32.o [3]
__aeabi_ddiv             0x800'181d         Code  Gb  DblDiv.o [3]
__aeabi_dmul             0x800'1281         Code  Gb  DblMul.o [3]
__aeabi_dsub             0x800'1739         Code  Gb  DblSub.o [3]
__aeabi_i2d              0x800'1715         Code  Gb  S32ToDbl.o [3]
__aeabi_ldiv0            0x800'1ab9         Code  Gb  I64DivZer.o [4]
__aeabi_memclr4          0x800'2f01         Code  Gb  ABImemclr4.o [4]
__aeabi_memcpy           0x800'1425         Code  Gb  ABImemcpy.o [4]
__aeabi_memcpy4          0x800'1445         Code  Gb  ABImemcpy.o [4]
__aeabi_memcpy8          0x800'1445         Code  Gb  ABImemcpy.o [4]
__aeabi_ui2d             0x800'1a8d         Code  Gb  U32ToDbl.o [3]
__aeabi_uldivmod         0x800'1051         Code  Gb  I64DivMod.o [4]
__cmain                  0x800'4299         Code  Gb  cmain.o [4]
__exit                   0x800'1c29   0x14  Code  Gb  exit.o [5]
__iar_Fail_s             0x800'0f81   0x1c  Code  Gb  xfail_s.o [2]
__iar_Memchr             0x800'0ff9         Code  Gb  memchr.o [4]
__iar_Memset4_word       0x800'3bb1         Code  Gb  ABImemset48.o [4]
__iar_Memset8_word       0x800'3bb1         Code  Gb  ABImemset48.o [4]
__iar_Stdout            0x2000'0040   0x48  Data  Gb  xfiles.o [2]
__iar_Strchr             0x800'0f5d         Code  Gb  strchr.o [4]
__iar_dadd               0x800'1749         Code  Gb  DblSub.o [3]
__iar_data_init3         0x800'4231   0x28  Code  Gb  data_init.o [4]
__iar_dsub               0x800'1abd         Code  Gb  DblAdd.o [3]
__iar_dsubStart          0x800'1acf         Code  Gb  DblAdd.o [3]
__iar_frexp              0x800'14d9         Code  Gb  frexp.o [3]
__iar_frexp64            0x800'14cd         Code  Gb  frexp.o [3]
__iar_frexpl             0x800'14d9         Code  Gb  frexp.o [3]
__iar_ldexp64            0x800'159d         Code  Gb  ldexp.o [3]
__iar_packbits_init_single3
                         0x800'41c9   0x38  Code  Gb  packbits_init_single.o [4]
__iar_program_start      0x800'43b5         Code  Gb  cstartup_M.o [4]
__iar_scalbln64          0x800'159d         Code  Gb  ldexp.o [3]
__iar_scalbn64           0x800'159d         Code  Gb  ldexp.o [3]
__iar_zero_init3         0x800'0f23   0x3a  Code  Gb  zero_init3.o [4]
__low_level_init         0x800'42b7    0x4  Code  Gb  low_level_init.o [2]
__vector_table           0x800'0000         Data  Gb  startup_stm32f103xe.o [1]
_call_main               0x800'42a5         Code  Gb  cmain.o [4]
_exit                    0x800'42c1         Code  Gb  cexit.o [4]
_main                    0x800'42b3         Code  Gb  cmain.o [4]
abort                    0x800'1ab1    0x6  Code  Gb  abort.o [2]
bsp_CheckTimer           0x800'33d1   0x30  Code  Gb  bsp_timer.o [1]
bsp_ConfigGpioOut        0x800'2a1b   0x2a  Code  Gb  bsp_tim_pwm.o [1]
bsp_ConfigTimGpio        0x800'29ed   0x2e  Code  Gb  bsp_tim_pwm.o [1]
bsp_DetectKey            0x800'3113   0xe8  Code  Lc  bsp_key.o [1]
bsp_GetKey               0x800'30ed   0x26  Code  Gb  bsp_key.o [1]
bsp_Idle                 0x800'2cc3    0x2  Code  Gb  bsp.o [1]
bsp_Init                 0x800'2bf9   0x20  Code  Gb  bsp.o [1]
bsp_InitHardTimer        0x800'3415   0x8e  Code  Gb  bsp_timer.o [1]
bsp_InitKey              0x800'2ffd    0xc  Code  Gb  bsp_key.o [1]
bsp_InitKeyHard          0x800'3009   0x70  Code  Lc  bsp_key.o [1]
bsp_InitKeyVar           0x800'3079   0x5c  Code  Lc  bsp_key.o [1]
bsp_InitLed              0x800'397d   0x18  Code  Gb  bsp_led.o [1]
bsp_InitTimer            0x800'3285   0x66  Code  Gb  bsp_timer.o [1]
bsp_InitUart             0x800'35b1    0xc  Code  Gb  bsp_uart_fifo.o [1]
bsp_KeyScan10ms          0x800'320d   0x1a  Code  Gb  bsp_key.o [1]
bsp_LedToggle            0x800'3995   0x3c  Code  Gb  bsp_led.o [1]
bsp_PutKey               0x800'30d5   0x18  Code  Gb  bsp_key.o [1]
bsp_RCC_GPIO_Enable      0x800'281d   0xc4  Code  Gb  bsp_tim_pwm.o [1]
bsp_RCC_TIM_Enable       0x800'28e1  0x10c  Code  Gb  bsp_tim_pwm.o [1]
bsp_RunPer10ms           0x800'2cb5    0xc  Code  Gb  bsp.o [1]
bsp_RunPer1ms            0x800'2cc1    0x2  Code  Gb  bsp.o [1]
bsp_SetTIMOutPWM         0x800'2a45  0x16c  Code  Gb  bsp_tim_pwm.o [1]
bsp_SetUartParam         0x800'369d   0x34  Code  Gb  bsp_uart_fifo.o [1]
bsp_SoftTimerDec         0x800'3361   0x20  Code  Lc  bsp_timer.o [1]
bsp_StartAutoTimer       0x800'3381   0x50  Code  Gb  bsp_timer.o [1]
bsp_StartAutoTimer::__FUNCTION__
                         0x800'42ec   0x14  Data  Lc  bsp_timer.o [1]
comGetChar               0x800'3641   0x1a  Code  Gb  bsp_uart_fifo.o [1]
comSendBuf               0x800'3609   0x2a  Code  Gb  bsp_uart_fifo.o [1]
comSendChar              0x800'3633    0xe  Code  Gb  bsp_uart_fifo.o [1]
exit                     0x800'42bb    0x4  Code  Gb  exit.o [2]
fputc                    0x800'3969   0x14  Code  Gb  bsp_uart_fifo.o [1]
frexp                    0x800'14cd         Code  Gb  frexp.o [3]
frexpl                   0x800'14cd         Code  Gb  frexp.o [3]
g_RxBuf1                0x2000'028c  0x200  Data  Lc  bsp_uart_fifo.o [1]
g_TxBuf1                0x2000'008c  0x200  Data  Lc  bsp_uart_fifo.o [1]
g_iRunTime              0x2000'060c    0x4  Data  Gb  bsp_timer.o [1]
g_tBeep                 0x2000'05d8   0x10  Data  Gb  bsp_beep.o [1]
g_tUart1                0x2000'05ac   0x2c  Data  Lc  bsp_uart_fifo.o [1]
g_ucEnableSystickISR    0x2000'061d    0x1  Data  Lc  bsp_timer.o [1]
ldexp                    0x800'159d         Code  Gb  ldexp.o [3]
ldexpl                   0x800'159d         Code  Gb  ldexp.o [3]
led_gpio_list            0x800'4364   0x10  Data  Lc  bsp_led.o [1]
localeconv               0x800'1aa9    0x4  Code  Gb  xlocale_c.o [2]
main                     0x800'3df5  0x144  Code  Gb  main.o [1]
memchr                   0x800'0ff9         Code  Gb  memchr.o [4]
obuf                    0x2000'04ec   0x50  Data  Lc  xfiles.o [2]
printf                   0x800'3be5   0x28  Code  Gb  printf.o [2]
putchar                  0x800'42e1    0xc  Code  Gb  putchar.o [2]
s_TIM_CallBack1         0x2000'05f8    0x4  Data  Lc  bsp_timer.o [1]
s_TIM_CallBack2         0x2000'05fc    0x4  Data  Lc  bsp_timer.o [1]
s_TIM_CallBack3         0x2000'0600    0x4  Data  Lc  bsp_timer.o [1]
s_TIM_CallBack4         0x2000'0604    0x4  Data  Lc  bsp_timer.o [1]
s_gpio_list              0x800'4200   0x30  Data  Lc  bsp_key.o [1]
s_tBtn                  0x2000'048c   0x60  Data  Lc  bsp_key.o [1]
s_tKey                  0x2000'05e8   0x10  Data  Lc  bsp_key.o [1]
s_tTmr                  0x2000'057c   0x30  Data  Lc  bsp_timer.o [1]
s_ucTimeOutFlag         0x2000'061c    0x1  Data  Lc  bsp_timer.o [1]
s_uiDelayCount          0x2000'0608    0x4  Data  Lc  bsp_timer.o [1]
scalbln                  0x800'159d         Code  Gb  ldexp.o [3]
scalblnl                 0x800'159d         Code  Gb  ldexp.o [3]
scalbn                   0x800'159d         Code  Gb  ldexp.o [3]
scalbnl                  0x800'159d         Code  Gb  ldexp.o [3]
scale                    0x800'07d7   0x46  Code  Lc  xprintffull_nomb.o [2]
sec_hand                0x2000'0618    0x4  Data  Lc  xfail_s.o [2]
strchr                   0x800'0f5d         Code  Gb  strchr.o [4]
strlen                   0x800'0fc1         Code  Gb  strlen.o [4]
uwTick                  0x2000'0614    0x4  Data  Gb  stm32f1xx_hal.o [1]
uwTickFreq              0x2000'0088    0x1  Data  Gb  stm32f1xx_hal.o [1]
uwTickPrio              0x2000'0000    0x4  Data  Gb  stm32f1xx_hal.o [1]


[1] = E:\Users\Learning\STM32_SPL_Learning\STM32F10X\HAL_LIB_IAR\prj_HAL_Demo\Project\EWARMv8\FLASH\Obj
[2] = dl7M_tlf.a
[3] = m7M_tl.a
[4] = rt7M_tl.a
[5] = shb_l.a

  16 904 bytes of readonly  code memory
     782 bytes of readonly  data memory
   3 612 bytes of readwrite data memory

Errors: none
Warnings: none
